Archive member included to satisfy reference by file (symbol)

c:/chibistudio/tools/gnu tools arm embedded/7.0 2017q4/bin/../lib/gcc/arm-none-eabi/7.2.1/thumb/v6-m\libgcc.a(_udivsi3.o)
                              C:\Users\hunter\AppData\Local\Temp\ccxO8pMw.ltrans0.ltrans.o (__aeabi_uidiv)
c:/chibistudio/tools/gnu tools arm embedded/7.0 2017q4/bin/../lib/gcc/arm-none-eabi/7.2.1/thumb/v6-m\libgcc.a(_dvmd_tls.o)
                              c:/chibistudio/tools/gnu tools arm embedded/7.0 2017q4/bin/../lib/gcc/arm-none-eabi/7.2.1/thumb/v6-m\libgcc.a(_udivsi3.o) (__aeabi_idiv0)
c:/chibistudio/tools/gnu tools arm embedded/7.0 2017q4/bin/../lib/gcc/arm-none-eabi/7.2.1/thumb/v6-m\libgcc.a(_aeabi_ldivmod.o)
                              C:\Users\hunter\AppData\Local\Temp\ccxO8pMw.ltrans0.ltrans.o (__aeabi_ldivmod)
c:/chibistudio/tools/gnu tools arm embedded/7.0 2017q4/bin/../lib/gcc/arm-none-eabi/7.2.1/thumb/v6-m\libgcc.a(_aeabi_uldivmod.o)
                              C:\Users\hunter\AppData\Local\Temp\ccxO8pMw.ltrans0.ltrans.o (__aeabi_uldivmod)
c:/chibistudio/tools/gnu tools arm embedded/7.0 2017q4/bin/../lib/gcc/arm-none-eabi/7.2.1/thumb/v6-m\libgcc.a(_muldi3.o)
                              C:\Users\hunter\AppData\Local\Temp\ccxO8pMw.ltrans0.ltrans.o (__aeabi_lmul)
c:/chibistudio/tools/gnu tools arm embedded/7.0 2017q4/bin/../lib/gcc/arm-none-eabi/7.2.1/thumb/v6-m\libgcc.a(_udivmoddi4.o)
                              c:/chibistudio/tools/gnu tools arm embedded/7.0 2017q4/bin/../lib/gcc/arm-none-eabi/7.2.1/thumb/v6-m\libgcc.a(_aeabi_uldivmod.o) (__udivmoddi4)
c:/chibistudio/tools/gnu tools arm embedded/7.0 2017q4/bin/../lib/gcc/arm-none-eabi/7.2.1/thumb/v6-m\libgcc.a(bpabi.o)
                              c:/chibistudio/tools/gnu tools arm embedded/7.0 2017q4/bin/../lib/gcc/arm-none-eabi/7.2.1/thumb/v6-m\libgcc.a(_aeabi_ldivmod.o) (__gnu_ldivmod_helper)
c:/chibistudio/tools/gnu tools arm embedded/7.0 2017q4/bin/../lib/gcc/arm-none-eabi/7.2.1/thumb/v6-m\libgcc.a(_clzdi2.o)
                              c:/chibistudio/tools/gnu tools arm embedded/7.0 2017q4/bin/../lib/gcc/arm-none-eabi/7.2.1/thumb/v6-m\libgcc.a(_udivmoddi4.o) (__clzdi2)
c:/chibistudio/tools/gnu tools arm embedded/7.0 2017q4/bin/../lib/gcc/arm-none-eabi/7.2.1/thumb/v6-m\libgcc.a(_divdi3.o)
                              c:/chibistudio/tools/gnu tools arm embedded/7.0 2017q4/bin/../lib/gcc/arm-none-eabi/7.2.1/thumb/v6-m\libgcc.a(bpabi.o) (__divdi3)
c:/chibistudio/tools/gnu tools arm embedded/7.0 2017q4/bin/../lib/gcc/arm-none-eabi/7.2.1/thumb/v6-m\libgcc.a(_clzsi2.o)
                              c:/chibistudio/tools/gnu tools arm embedded/7.0 2017q4/bin/../lib/gcc/arm-none-eabi/7.2.1/thumb/v6-m\libgcc.a(_clzdi2.o) (__clzsi2)
c:/chibistudio/tools/gnu tools arm embedded/7.0 2017q4/bin/../lib/gcc/arm-none-eabi/7.2.1/../../../../arm-none-eabi/lib/thumb/v6-m\libg.a(lib_a-memcpy-stub.o)
                              C:\Users\hunter\AppData\Local\Temp\ccxO8pMw.ltrans0.ltrans.o (memcpy)

Discarded input sections

 .data          0x00000000        0x0 build/obj/crt0_v6m.o
 .bss           0x00000000        0x0 build/obj/crt0_v6m.o
 .data          0x00000000        0x0 build/obj/vectors.o
 .bss           0x00000000        0x0 build/obj/vectors.o
 .data          0x00000000        0x0 build/obj/chcoreasm_v6m.o
 .bss           0x00000000        0x0 build/obj/chcoreasm_v6m.o
 .text          0x00000000        0x0 C:\Users\hunter\AppData\Local\Temp\ccxO8pMw.ltrans0.ltrans.o
 .data          0x00000000        0x0 C:\Users\hunter\AppData\Local\Temp\ccxO8pMw.ltrans0.ltrans.o
 .bss           0x00000000        0x0 C:\Users\hunter\AppData\Local\Temp\ccxO8pMw.ltrans0.ltrans.o
 .data          0x00000000        0x0 c:/chibistudio/tools/gnu tools arm embedded/7.0 2017q4/bin/../lib/gcc/arm-none-eabi/7.2.1/thumb/v6-m\libgcc.a(_udivsi3.o)
 .bss           0x00000000        0x0 c:/chibistudio/tools/gnu tools arm embedded/7.0 2017q4/bin/../lib/gcc/arm-none-eabi/7.2.1/thumb/v6-m\libgcc.a(_udivsi3.o)
 .data          0x00000000        0x0 c:/chibistudio/tools/gnu tools arm embedded/7.0 2017q4/bin/../lib/gcc/arm-none-eabi/7.2.1/thumb/v6-m\libgcc.a(_dvmd_tls.o)
 .bss           0x00000000        0x0 c:/chibistudio/tools/gnu tools arm embedded/7.0 2017q4/bin/../lib/gcc/arm-none-eabi/7.2.1/thumb/v6-m\libgcc.a(_dvmd_tls.o)
 .text          0x00000000       0x48 c:/chibistudio/tools/gnu tools arm embedded/7.0 2017q4/bin/../lib/gcc/arm-none-eabi/7.2.1/thumb/v6-m\libgcc.a(_aeabi_ldivmod.o)
 .data          0x00000000        0x0 c:/chibistudio/tools/gnu tools arm embedded/7.0 2017q4/bin/../lib/gcc/arm-none-eabi/7.2.1/thumb/v6-m\libgcc.a(_aeabi_ldivmod.o)
 .bss           0x00000000        0x0 c:/chibistudio/tools/gnu tools arm embedded/7.0 2017q4/bin/../lib/gcc/arm-none-eabi/7.2.1/thumb/v6-m\libgcc.a(_aeabi_ldivmod.o)
 .ARM.attributes
[...]
Memory Configuration

Name             Origin             Length             Attributes
flash0           0x08000000         0x00010000
flash1           0x00000000         0x00000000
flash2           0x00000000         0x00000000
flash3           0x00000000         0x00000000
flash4           0x00000000         0x00000000
flash5           0x00000000         0x00000000
flash6           0x00000000         0x00000000
flash7           0x00000000         0x00000000
ram0             0x20000000         0x00002000
ram1             0x00000000         0x00000000
ram2             0x00000000         0x00000000
ram3             0x00000000         0x00000000
ram4             0x00000000         0x00000000
ram5             0x00000000         0x00000000
ram6             0x00000000         0x00000000
ram7             0x00000000         0x00000000
*default*        0x00000000         0xffffffff

Linker script and memory map

LOAD build/obj/crt0_v6m.o
LOAD build/obj/vectors.o
LOAD build/obj/chcoreasm_v6m.o
LOAD C:\Users\hunter\AppData\Local\Temp\ccxO8pMw.ltrans0.ltrans.o

.mstack         0x20000000      0x200
                0x20000000                . = ALIGN (0x8)
                0x20000000                __main_stack_base__ = .
                0x20000200                . = (. + __main_stack_size__)
 *fill*         0x20000000      0x200 
                0x20000200                . = ALIGN (0x8)
                0x20000200                __main_stack_end__ = .

.pstack         0x20000200      0x200
                0x20000200                __process_stack_base__ = .
                0x20000200                __main_thread_stack_base__ = .
                0x20000400                . = (. + __process_stack_size__)
 *fill*         0x20000200      0x200 
                0x20000400                . = ALIGN (0x8)
                0x20000400                __process_stack_end__ = .
                0x20000400                __main_thread_stack_end__ = .

.vectors        0x08000000       0xc0
 *(.vectors)
 .vectors       0x08000000       0xc0 build/obj/vectors.o
                0x08000000                _vectors

.xtors          0x080000c0        0x0
                0x080000c0                __init_array_start = .
 *(SORT_BY_NAME(.init_array.*))
 *(.init_array)
                0x080000c0                __init_array_end = .
                0x080000c0                __fini_array_start = .
 *(.fini_array)
 *(SORT_BY_NAME(.fini_array.*))
                0x080000c0                __fini_array_end = .

.text           0x080000c0     0x202c
 *(.text)
 .text          0x080000c0       0xd0 build/obj/crt0_v6m.o
                0x080000c0                _crt0_entry
 .text          0x08000190        0x8 build/obj/vectors.o
                0x08000190                Reset_Handler
                0x08000192                DebugMon_Handler
                0x08000192                Vector5C
                0x08000192                HardFault_Handler
                0x08000192                Vector8C
                0x08000192                SysTick_Handler
                0x08000192                PendSV_Handler
                0x08000192                Vector94
                0x08000192                VectorA8
                0x08000192                VectorB4
                0x08000192                Vector74
                0x08000192                UsageFault_Handler
                0x08000192                Vector40
                0x08000192                VectorBC
                0x08000192                Vector58
                0x08000192                Vector54
                0x08000192                Vector98
                0x08000192                Vector24
                0x08000192                Vector84
                0x08000192                MemManage_Handler
                0x08000192                VectorA0
                0x08000192                SVC_Handler
                0x08000192                VectorB0
                0x08000192                Vector90
                0x08000192                Vector60
                0x08000192                Vector1C
                0x08000192                Vector48
                0x08000192                Vector70
                0x08000192                Vector4C
                0x08000192                Vector80
                0x08000192                Vector78
                0x08000192                VectorA4
                0x08000192                Vector88
                0x08000192                BusFault_Handler
                0x08000192                Vector50
                0x08000192                Vector44
                0x08000192                Vector28
                0x08000192                VectorB8
                0x08000192                Vector34
                0x08000192                Vector20
                0x08000196                _unhandled_exception
 .text          0x08000198       0x40 build/obj/chcoreasm_v6m.o
                0x08000198                _port_switch
                0x080001b8                _port_thread_start
                0x080001c4                _port_switch_from_isr
                0x080001c8                _port_exit_from_isr
 .text          0x080001d8      0x114 c:/chibistudio/tools/gnu tools arm embedded/7.0 2017q4/bin/../lib/gcc/arm-none-eabi/7.2.1/thumb/v6-m\libgcc.a(_udivsi3.o)
                0x080001d8                __aeabi_uidiv
                0x080001d8                __udivsi3
                0x080002e4                __aeabi_uidivmod
 .text          0x080002ec        0x4 c:/chibistudio/tools/gnu tools arm embedded/7.0 2017q4/bin/../lib/gcc/arm-none-eabi/7.2.1/thumb/v6-m\libgcc.a(_dvmd_tls.o)
                0x080002ec                __aeabi_idiv0
                0x080002ec                __aeabi_ldiv0
 .text          0x080002f0       0x40 c:/chibistudio/tools/gnu tools arm embedded/7.0 2017q4/bin/../lib/gcc/arm-none-eabi/7.2.1/thumb/v6-m\libgcc.a(_aeabi_uldivmod.o)
                0x080002f0                __aeabi_uldivmod
 .text          0x08000330       0x54 c:/chibistudio/tools/gnu tools arm embedded/7.0 2017q4/bin/../lib/gcc/arm-none-eabi/7.2.1/thumb/v6-m\libgcc.a(_muldi3.o)
                0x08000330                __muldi3
                0x08000330                __aeabi_lmul
 .text          0x08000384      0x184 c:/chibistudio/tools/gnu tools arm embedded/7.0 2017q4/bin/../lib/gcc/arm-none-eabi/7.2.1/thumb/v6-m\libgcc.a(_udivmoddi4.o)
                0x08000384                __udivmoddi4
 .text          0x08000508       0x18 c:/chibistudio/tools/gnu tools arm embedded/7.0 2017q4/bin/../lib/gcc/arm-none-eabi/7.2.1/thumb/v6-m\libgcc.a(_clzdi2.o)
                0x08000508                __clzdi2
 .text          0x08000520       0x3c c:/chibistudio/tools/gnu tools arm embedded/7.0 2017q4/bin/../lib/gcc/arm-none-eabi/7.2.1/thumb/v6-m\libgcc.a(_clzsi2.o)
                0x08000520                __clzsi2
 *(.text.*)
 *fill*         0x0800055c        0x4 
 .text.chCoreAllocAlignedWithOffset
                0x08000560       0x34 C:\Users\hunter\AppData\Local\Temp\ccxO8pMw.ltrans0.ltrans.o
 *fill*         0x08000594        0xc 
 .text.notify1  0x080005a0       0x10 C:\Users\hunter\AppData\Local\Temp\ccxO8pMw.ltrans0.ltrans.o
 .text._port_irq_epilogue.part.0
                0x080005b0       0x38 C:\Users\hunter\AppData\Local\Temp\ccxO8pMw.ltrans0.ltrans.o
 *fill*         0x080005e8        0x8 
 .text.chCoreAllocAlignedI
                0x080005f0       0x30 C:\Users\hunter\AppData\Local\Temp\ccxO8pMw.ltrans0.ltrans.o
 .text.wakeup   0x08000620       0x5c C:\Users\hunter\AppData\Local\Temp\ccxO8pMw.ltrans0.ltrans.o
 *fill*         0x0800067c        0x4 
 .text.chSchReadyI
                0x08000680       0x24 C:\Users\hunter\AppData\Local\Temp\ccxO8pMw.ltrans0.ltrans.o
 *fill*         0x080006a4        0xc 
 .text.chEvtBroadcastFlagsI.constprop.14
                0x080006b0       0x6c C:\Users\hunter\AppData\Local\Temp\ccxO8pMw.ltrans0.ltrans.o
 *fill*         0x0800071c        0x4 
 .text._idle_thread
                0x08000720        0x4 C:\Users\hunter\AppData\Local\Temp\ccxO8pMw.ltrans0.ltrans.o
 *fill*         0x08000724        0xc 
 .text._pal_lld_setgroupmode
                0x08000730       0xd0 C:\Users\hunter\AppData\Local\Temp\ccxO8pMw.ltrans0.ltrans.o
 .text._ctl     0x08000800        0x4 C:\Users\hunter\AppData\Local\Temp\ccxO8pMw.ltrans0.ltrans.o
 *fill*         0x08000804        0xc 
 .text.dmaStreamAllocate.constprop.23
                0x08000810       0x64 C:\Users\hunter\AppData\Local\Temp\ccxO8pMw.ltrans0.ltrans.o
 *fill*         0x08000874        0xc 
 .text.chprintf.constprop.7
                0x08000880      0x3b4 C:\Users\hunter\AppData\Local\Temp\ccxO8pMw.ltrans0.ltrans.o
 *fill*         0x08000c34        0xc 
 .text.chSchWakeupS.constprop.6
                0x08000c40       0x54 C:\Users\hunter\AppData\Local\Temp\ccxO8pMw.ltrans0.ltrans.o
 *fill*         0x08000c94        0xc 
 .text.chSchGoSleepS
                0x08000ca0       0x24 C:\Users\hunter\AppData\Local\Temp\ccxO8pMw.ltrans0.ltrans.o
 *fill*         0x08000cc4        0xc 
 .text.chSchGoSleepTimeoutS
                0x08000cd0      0x11c C:\Users\hunter\AppData\Local\Temp\ccxO8pMw.ltrans0.ltrans.o
 *fill*         0x08000dec        0x4 
 .text.i2c_lld_master_transmit_timeout.constprop.19
                0x08000df0       0xf4 C:\Users\hunter\AppData\Local\Temp\ccxO8pMw.ltrans0.ltrans.o
 *fill*         0x08000ee4        0xc 
 .text.ThreadIMU
                0x08000ef0      0x108 C:\Users\hunter\AppData\Local\Temp\ccxO8pMw.ltrans0.ltrans.o
 *fill*         0x08000ff8        0x8 
 .text.chThdEnqueueTimeoutS
                0x08001000       0x28 C:\Users\hunter\AppData\Local\Temp\ccxO8pMw.ltrans0.ltrans.o
 *fill*         0x08001028        0x8 
 .text.oqPutTimeout
                0x08001030       0x4c C:\Users\hunter\AppData\Local\Temp\ccxO8pMw.ltrans0.ltrans.o
 *fill*         0x0800107c        0x4 
 .text._putt    0x08001080        0xc C:\Users\hunter\AppData\Local\Temp\ccxO8pMw.ltrans0.ltrans.o
 *fill*         0x0800108c        0x4 
 .text._put     0x08001090       0x10 C:\Users\hunter\AppData\Local\Temp\ccxO8pMw.ltrans0.ltrans.o
 .text.iqGetTimeout
                0x080010a0       0x48 C:\Users\hunter\AppData\Local\Temp\ccxO8pMw.ltrans0.ltrans.o
 *fill*         0x080010e8        0x8 
 .text._gett    0x080010f0        0xc C:\Users\hunter\AppData\Local\Temp\ccxO8pMw.ltrans0.ltrans.o
 *fill*         0x080010fc        0x4 
 .text._get     0x08001100       0x10 C:\Users\hunter\AppData\Local\Temp\ccxO8pMw.ltrans0.ltrans.o
 .text.oqWriteTimeout
                0x08001110       0xb8 C:\Users\hunter\AppData\Local\Temp\ccxO8pMw.ltrans0.ltrans.o
 *fill*         0x080011c8        0x8 
 .text._writet  0x080011d0        0xc C:\Users\hunter\AppData\Local\Temp\ccxO8pMw.ltrans0.ltrans.o
 *fill*         0x080011dc        0x4 
 .text._write   0x080011e0       0x10 C:\Users\hunter\AppData\Local\Temp\ccxO8pMw.ltrans0.ltrans.o
 .text.iqReadTimeout
                0x080011f0       0xb8 C:\Users\hunter\AppData\Local\Temp\ccxO8pMw.ltrans0.ltrans.o
 *fill*         0x080012a8        0x8 
 .text._readt   0x080012b0        0xc C:\Users\hunter\AppData\Local\Temp\ccxO8pMw.ltrans0.ltrans.o
 *fill*         0x080012bc        0x4 
 .text._read    0x080012c0       0x10 C:\Users\hunter\AppData\Local\Temp\ccxO8pMw.ltrans0.ltrans.o
 .text.startup.main
                0x080012d0      0x598 C:\Users\hunter\AppData\Local\Temp\ccxO8pMw.ltrans0.ltrans.o
                0x080012d0                main
 *fill*         0x08001868        0x8 
 .text.NMI_Handler
                0x08001870       0x10 C:\Users\hunter\AppData\Local\Temp\ccxO8pMw.ltrans0.ltrans.o
                0x08001870                NMI_Handler
 .text.chThdExit
                0x08001880       0x48 C:\Users\hunter\AppData\Local\Temp\ccxO8pMw.ltrans0.ltrans.o
                0x08001880                chThdExit
 *fill*         0x080018c8        0x8 
 .text.chSchDoReschedule
                0x080018d0       0x3c C:\Users\hunter\AppData\Local\Temp\ccxO8pMw.ltrans0.ltrans.o
                0x080018d0                chSchDoReschedule
 *fill*         0x0800190c        0x4 
 .text.__early_init
                0x08001910      0x154 C:\Users\hunter\AppData\Local\Temp\ccxO8pMw.ltrans0.ltrans.o
                0x08001910                __early_init
 *fill*         0x08001a64        0xc 
 .text.VectorAC
                0x08001a70      0x16c C:\Users\hunter\AppData\Local\Temp\ccxO8pMw.ltrans0.ltrans.o
                0x08001a70                VectorAC
 *fill*         0x08001bdc        0x4 
 .text.Vector7C
                0x08001be0       0xa0 C:\Users\hunter\AppData\Local\Temp\ccxO8pMw.ltrans0.ltrans.o
                0x08001be0                Vector7C
 .text.Vector9C
                0x08001c80      0x234 C:\Users\hunter\AppData\Local\Temp\ccxO8pMw.ltrans0.ltrans.o
                0x08001c80                Vector9C
 *fill*         0x08001eb4        0xc 
 .text.Vector64
                0x08001ec0       0x38 C:\Users\hunter\AppData\Local\Temp\ccxO8pMw.ltrans0.ltrans.o
                0x08001ec0                Vector64
 *fill*         0x08001ef8        0x8 
 .text.Vector6C
                0x08001f00       0x64 C:\Users\hunter\AppData\Local\Temp\ccxO8pMw.ltrans0.ltrans.o
                0x08001f00                Vector6C
 *fill*         0x08001f64        0xc 
 .text.Vector68
                0x08001f70       0x64 C:\Users\hunter\AppData\Local\Temp\ccxO8pMw.ltrans0.ltrans.o
                0x08001f70                Vector68
 *fill*         0x08001fd4        0xc 
 .text.__init_ram_areas
                0x08001fe0       0x60 C:\Users\hunter\AppData\Local\Temp\ccxO8pMw.ltrans0.ltrans.o
                0x08001fe0                __init_ram_areas
 .text.__default_exit
                0x08002040        0x4 C:\Users\hunter\AppData\Local\Temp\ccxO8pMw.ltrans0.ltrans.o
                0x08002040                __default_exit
 *fill*         0x08002044        0xc 
 .text.__late_init
                0x08002050        0x4 C:\Users\hunter\AppData\Local\Temp\ccxO8pMw.ltrans0.ltrans.o
                0x08002050                __late_init
 *fill*         0x08002054        0xc 
 .text.__core_init
                0x08002060        0x4 C:\Users\hunter\AppData\Local\Temp\ccxO8pMw.ltrans0.ltrans.o
                0x08002060                __core_init
 .text.memcpy   0x08002064       0x88 c:/chibistudio/tools/gnu tools arm embedded/7.0 2017q4/bin/../lib/gcc/arm-none-eabi/7.2.1/../../../../arm-none-eabi/lib/thumb/v6-m\libg.a(lib_a-memcpy-stub.o)
                0x08002064                memcpy
 *(.glue_7t)
 .glue_7t       0x080020ec        0x0 linker stubs
 *(.glue_7)
 .glue_7        0x080020ec        0x0 linker stubs
 *(.gcc*)

.vfp11_veneer   0x080020ec        0x0
 .vfp11_veneer  0x080020ec        0x0 linker stubs

.v4_bx          0x080020ec        0x0
 .v4_bx         0x080020ec        0x0 linker stubs

.iplt           0x080020ec        0x0
 .iplt          0x080020ec        0x0 build/obj/crt0_v6m.o

.rodata         0x080020ec      0x328
                0x080020ec                . = ALIGN (0x4)
                0x080020ec                __rodata_base__ = .
 *(.rodata)
 *(.rodata.*)
 .rodata.wakeup
                0x080020ec       0x20 C:\Users\hunter\AppData\Local\Temp\ccxO8pMw.ltrans0.ltrans.o
 .rodata.chprintf.constprop.7
                0x0800210c      0x1a8 C:\Users\hunter\AppData\Local\Temp\ccxO8pMw.ltrans0.ltrans.o
 .rodata.ThreadIMU.str1.4
                0x080022b4        0x4 C:\Users\hunter\AppData\Local\Temp\ccxO8pMw.ltrans0.ltrans.o
 .rodata._stm32_dma_streams
                0x080022b8       0x64 C:\Users\hunter\AppData\Local\Temp\ccxO8pMw.ltrans0.ltrans.o
 .rodata.ch_debug
                0x0800231c       0x16 C:\Users\hunter\AppData\Local\Temp\ccxO8pMw.ltrans0.ltrans.o
 *fill*         0x08002332        0x2 
 .rodata.chprintf.constprop.7.str1.4
                0x08002334       0x1b C:\Users\hunter\AppData\Local\Temp\ccxO8pMw.ltrans0.ltrans.o
 *fill*         0x0800234f        0x1 
 .rodata.i2cconfig
                0x08002350        0xc C:\Users\hunter\AppData\Local\Temp\ccxO8pMw.ltrans0.ltrans.o
 .rodata.main.str1.4
                0x0800235c       0x10 C:\Users\hunter\AppData\Local\Temp\ccxO8pMw.ltrans0.ltrans.o
                                  0xf (size before relaxing)
 .rodata.ram_areas
                0x0800236c       0x80 C:\Users\hunter\AppData\Local\Temp\ccxO8pMw.ltrans0.ltrans.o
 .rodata.vmt    0x080023ec       0x28 C:\Users\hunter\AppData\Local\Temp\ccxO8pMw.ltrans0.ltrans.o
                0x08002414                . = ALIGN (0x4)
                0x08002414                __rodata_end__ = .

.ARM.extab
 *(.ARM.extab* .gnu.linkonce.armextab.*)

.ARM.exidx      0x08002414        0x8
                0x08002414                __exidx_start = .
 *(.ARM.exidx* .gnu.linkonce.armexidx.*)
 .ARM.exidx     0x08002414        0x8 c:/chibistudio/tools/gnu tools arm embedded/7.0 2017q4/bin/../lib/gcc/arm-none-eabi/7.2.1/thumb/v6-m\libgcc.a(_udivmoddi4.o)
                0x0800241c                __exidx_end = .

.rel.dyn        0x0800241c        0x0
 .rel.iplt      0x0800241c        0x0 build/obj/crt0_v6m.o

.eh_frame_hdr
 *(.eh_frame_hdr)

.eh_frame
 *(.eh_frame)
                0x20000000                __ram0_start__ = ORIGIN (ram0)
                0x00002000                __ram0_size__ = LENGTH (ram0)
                0x20002000                __ram0_end__ = (__ram0_start__ + __ram0_size__)
                0x00000000                __ram1_start__ = ORIGIN (ram1)
                0x00000000                __ram1_size__ = LENGTH (ram1)
                0x00000000                __ram1_end__ = (__ram1_start__ + __ram1_size__)
                0x00000000                __ram2_start__ = ORIGIN (ram2)
                0x00000000                __ram2_size__ = LENGTH (ram2)
                0x00000000                __ram2_end__ = (__ram2_start__ + __ram2_size__)
                0x00000000                __ram3_start__ = ORIGIN (ram3)
                0x00000000                __ram3_size__ = LENGTH (ram3)
                0x00000000                __ram3_end__ = (__ram3_start__ + __ram3_size__)
                0x00000000                __ram4_start__ = ORIGIN (ram4)
                0x00000000                __ram4_size__ = LENGTH (ram4)
                0x00000000                __ram4_end__ = (__ram4_start__ + __ram4_size__)
                0x00000000                __ram5_start__ = ORIGIN (ram5)
                0x00000000                __ram5_size__ = LENGTH (ram5)
                0x00000000                __ram5_end__ = (__ram5_start__ + __ram5_size__)
                0x00000000                __ram6_start__ = ORIGIN (ram6)
                0x00000000                __ram6_size__ = LENGTH (ram6)
                0x00000000                __ram6_end__ = (__ram6_start__ + __ram6_size__)
                0x00000000                __ram7_start__ = ORIGIN (ram7)
                0x00000000                __ram7_size__ = LENGTH (ram7)
                0x00000000                __ram7_end__ = (__ram7_start__ + __ram7_size__)

.data           0x20000400        0x0 load address 0x0800241c
                0x20000400                . = ALIGN (0x4)
                0x0800241c                PROVIDE (_textdata, LOADADDR (.data))
                0x20000400                PROVIDE (_data, .)
                0x0800241c                _textdata_start = LOADADDR (.data)
                0x20000400                _data_start = .
 *(.data)
 *(.data.*)
 *(.ramtext)
                0x20000400                . = ALIGN (0x4)
                0x20000400                PROVIDE (_edata, .)
                0x20000400                _data_end = .

.igot.plt       0x20000400        0x0 load address 0x0800241c
 .igot.plt      0x20000400        0x0 build/obj/crt0_v6m.o

.bss            0x20000400      0x3e8 load address 0x0800241c
                0x20000400                . = ALIGN (0x4)
                0x20000400                _bss_start = .
 *(.bss)
 *(.bss.*)
 .bss.I2CD1     0x20000400       0x34 C:\Users\hunter\AppData\Local\Temp\ccxO8pMw.ltrans0.ltrans.o
 .bss.SD1       0x20000434       0x60 C:\Users\hunter\AppData\Local\Temp\ccxO8pMw.ltrans0.ltrans.o
 .bss._stm32_dma_isr_redir
                0x20000494       0x28 C:\Users\hunter\AppData\Local\Temp\ccxO8pMw.ltrans0.ltrans.o
 .bss.ch        0x200004bc       0x74 C:\Users\hunter\AppData\Local\Temp\ccxO8pMw.ltrans0.ltrans.o
 .bss.ch_factory
                0x20000530       0x44 C:\Users\hunter\AppData\Local\Temp\ccxO8pMw.ltrans0.ltrans.o
 *fill*         0x20000574        0x4 
 .bss.ch_idle_thread_wa
                0x20000578       0xd8 C:\Users\hunter\AppData\Local\Temp\ccxO8pMw.ltrans0.ltrans.o
 .bss.ch_memcore
                0x20000650        0x8 C:\Users\hunter\AppData\Local\Temp\ccxO8pMw.ltrans0.ltrans.o
 .bss.default_heap
                0x20000658       0x1c C:\Users\hunter\AppData\Local\Temp\ccxO8pMw.ltrans0.ltrans.o
 .bss.dma       0x20000674        0x8 C:\Users\hunter\AppData\Local\Temp\ccxO8pMw.ltrans0.ltrans.o
 .bss.sd_in_buf1
                0x2000067c       0x10 C:\Users\hunter\AppData\Local\Temp\ccxO8pMw.ltrans0.ltrans.o
 .bss.sd_out_buf1
                0x2000068c       0x10 C:\Users\hunter\AppData\Local\Temp\ccxO8pMw.ltrans0.ltrans.o
 *fill*         0x2000069c        0x4 
 .bss.waThreadIMU
                0x200006a0      0x148 C:\Users\hunter\AppData\Local\Temp\ccxO8pMw.ltrans0.ltrans.o
 *(COMMON)
                0x200007e8                . = ALIGN (0x4)
                0x200007e8                _bss_end = .
                [!provide]                PROVIDE (end, .)

.ram0_init      0x200007e8        0x0 load address 0x0800241c
                0x200007e8                . = ALIGN (0x4)
                0x0800241c                __ram0_init_text__ = LOADADDR (.ram0_init)
                0x200007e8                __ram0_init__ = .
 *(.ram0_init)
 *(.ram0_init.*)
                0x200007e8                . = ALIGN (0x4)

.ram0           0x200007e8        0x0 load address 0x0800241c
                0x200007e8                . = ALIGN (0x4)
                0x200007e8                __ram0_clear__ = .
 *(.ram0_clear)
 *(.ram0_clear.*)
                0x200007e8                . = ALIGN (0x4)
                0x200007e8                __ram0_noinit__ = .
 *(.ram0)
 *(.ram0.*)
                0x200007e8                . = ALIGN (0x4)
                0x200007e8                __ram0_free__ = .

.ram1_init      0x00000000        0x0 load address 0x0800241c
                0x00000000                . = ALIGN (0x4)
                0x0800241c                __ram1_init_text__ = LOADADDR (.ram1_init)
                0x00000000                __ram1_init__ = .
 *(.ram1_init)
 *(.ram1_init.*)
                0x00000000                . = ALIGN (0x4)

.ram1           0x00000000        0x0 load address 0x0800241c
                0x00000000                . = ALIGN (0x4)
                0x00000000                __ram1_clear__ = .
 *(.ram1_clear)
 *(.ram1_clear.*)
                0x00000000                . = ALIGN (0x4)
                0x00000000                __ram1_noinit__ = .
 *(.ram1)
 *(.ram1.*)
                0x00000000                . = ALIGN (0x4)
                0x00000000                __ram1_free__ = .

.ram2_init      0x00000000        0x0 load address 0x0800241c
                0x00000000                . = ALIGN (0x4)
                0x0800241c                __ram2_init_text__ = LOADADDR (.ram2_init)
                0x00000000                __ram2_init__ = .
 *(.ram2_init)
 *(.ram2_init.*)
                0x00000000                . = ALIGN (0x4)

.ram2           0x00000000        0x0 load address 0x0800241c
                0x00000000                . = ALIGN (0x4)
                0x00000000                __ram2_clear__ = .
 *(.ram2_clear)
 *(.ram2_clear.*)
                0x00000000                . = ALIGN (0x4)
                0x00000000                __ram2_noinit__ = .
 *(.ram2)
 *(.ram2.*)
                0x00000000                . = ALIGN (0x4)
                0x00000000                __ram2_free__ = .

.ram3_init      0x00000000        0x0 load address 0x0800241c
                0x00000000                . = ALIGN (0x4)
                0x0800241c                __ram3_init_text__ = LOADADDR (.ram3_init)
                0x00000000                __ram3_init__ = .
 *(.ram3_init)
 *(.ram3_init.*)
                0x00000000                . = ALIGN (0x4)

.ram3           0x00000000        0x0 load address 0x0800241c
                0x00000000                . = ALIGN (0x4)
                0x00000000                __ram3_clear__ = .
 *(.ram3_clear)
 *(.ram3_clear.*)
                0x00000000                . = ALIGN (0x4)
                0x00000000                __ram3_noinit__ = .
 *(.ram3)
 *(.ram3.*)
                0x00000000                . = ALIGN (0x4)
                0x00000000                __ram3_free__ = .

.ram4_init      0x00000000        0x0 load address 0x0800241c
                0x00000000                . = ALIGN (0x4)
                0x0800241c                __ram4_init_text__ = LOADADDR (.ram4_init)
                0x00000000                __ram4_init__ = .
 *(.ram4_init)
 *(.ram4_init.*)
                0x00000000                . = ALIGN (0x4)

.ram4           0x00000000        0x0 load address 0x0800241c
                0x00000000                . = ALIGN (0x4)
                0x00000000                __ram4_clear__ = .
 *(.ram4_clear)
 *(.ram4_clear.*)
                0x00000000                . = ALIGN (0x4)
                0x00000000                __ram4_noinit__ = .
 *(.ram4)
 *(.ram4.*)
                0x00000000                . = ALIGN (0x4)
                0x00000000                __ram4_free__ = .

.ram5_init      0x00000000        0x0 load address 0x0800241c
                0x00000000                . = ALIGN (0x4)
                0x0800241c                __ram5_init_text__ = LOADADDR (.ram5_init)
                0x00000000                __ram5_init__ = .
 *(.ram5_init)
 *(.ram5_init.*)
                0x00000000                . = ALIGN (0x4)

.ram5           0x00000000        0x0 load address 0x0800241c
                0x00000000                . = ALIGN (0x4)
                0x00000000                __ram5_clear__ = .
 *(.ram5_clear)
 *(.ram5_clear.*)
                0x00000000                . = ALIGN (0x4)
                0x00000000                __ram5_noinit__ = .
 *(.ram5)
 *(.ram5.*)
                0x00000000                . = ALIGN (0x4)
                0x00000000                __ram5_free__ = .

.ram6_init      0x00000000        0x0 load address 0x0800241c
                0x00000000                . = ALIGN (0x4)
                0x0800241c                __ram6_init_text__ = LOADADDR (.ram6_init)
                0x00000000                __ram6_init__ = .
 *(.ram6_init)
 *(.ram6_init.*)
                0x00000000                . = ALIGN (0x4)

.ram6           0x00000000        0x0 load address 0x0800241c
                0x00000000                . = ALIGN (0x4)
                0x00000000                __ram6_clear__ = .
 *(.ram6_clear)
 *(.ram6_clear.*)
                0x00000000                . = ALIGN (0x4)
                0x00000000                __ram6_noinit__ = .
 *(.ram6)
 *(.ram6.*)
                0x00000000                . = ALIGN (0x4)
                0x00000000                __ram6_free__ = .

.ram7_init      0x00000000        0x0 load address 0x0800241c
                0x00000000                . = ALIGN (0x4)
                0x0800241c                __ram7_init_text__ = LOADADDR (.ram7_init)
                0x00000000                __ram7_init__ = .
 *(.ram7_init)
 *(.ram7_init.*)
                0x00000000                . = ALIGN (0x4)

.ram7           0x00000000        0x0 load address 0x0800241c
                0x00000000                . = ALIGN (0x4)
                0x00000000                __ram7_clear__ = .
 *(.ram7_clear)
 *(.ram7_clear.*)
                0x00000000                . = ALIGN (0x4)
                0x00000000                __ram7_noinit__ = .
 *(.ram7)
 *(.ram7.*)
                0x00000000                . = ALIGN (0x4)
                0x00000000                __ram7_free__ = .

.heap           0x200007e8     0x1818
                0x200007e8                . = ALIGN (0x8)
                0x200007e8                __heap_base__ = .
                0x20002000                . = (ORIGIN (HEAP_RAM) + LENGTH (HEAP_RAM))
 *fill*         0x200007e8     0x1818 
                0x20002000                __heap_end__ = .
                0x00000200                __process_stack_size__ = 0x200
                0x00000200                __main_stack_size__ = 0x200
START GROUP
LOAD c:/chibistudio/tools/gnu tools arm embedded/7.0 2017q4/bin/../lib/gcc/arm-none-eabi/7.2.1/thumb/v6-m\libgcc.a
LOAD c:/chibistudio/tools/gnu tools arm embedded/7.0 2017q4/bin/../lib/gcc/arm-none-eabi/7.2.1/../../../../arm-none-eabi/lib/thumb/v6-m\libg.a
LOAD c:/chibistudio/tools/gnu tools arm embedded/7.0 2017q4/bin/../lib/gcc/arm-none-eabi/7.2.1/../../../../arm-none-eabi/lib/thumb/v6-m\libc.a
END GROUP
OUTPUT(build/ch.elf elf32-littlearm)

.ARM.attributes
                0x00000000       0x2d
 .ARM.attributes
                0x00000000       0x21 build/obj/crt0_v6m.o
 .ARM.attributes
                0x00000021       0x21 build/obj/vectors.o
 .ARM.attributes
                0x00000042       0x21 build/obj/chcoreasm_v6m.o
 .ARM.attributes
                0x00000063       0x2f C:\Users\hunter\AppData\Local\Temp\ccxO8pMw.ltrans0.ltrans.o
 .ARM.attributes
                0x00000092       0x1e c:/chibistudio/tools/gnu tools arm embedded/7.0 2017q4/bin/../lib/gcc/arm-none-eabi/7.2.1/thumb/v6-m\libgcc.a(_udivsi3.o)
 .ARM.attributes
                0x000000b0       0x1e c:/chibistudio/tools/gnu tools arm embedded/7.0 2017q4/bin/../lib/gcc/arm-none-eabi/7.2.1/thumb/v6-m\libgcc.a(_dvmd_tls.o)
 .ARM.attributes
                0x000000ce       0x1e c:/chibistudio/tools/gnu tools arm embedded/7.0 2017q4/bin/../lib/gcc/arm-none-eabi/7.2.1/thumb/v6-m\libgcc.a(_aeabi_uldivmod.o)
 .ARM.attributes
                0x000000ec       0x2c c:/chibistudio/tools/gnu tools arm embedded/7.0 2017q4/bin/../lib/gcc/arm-none-eabi/7.2.1/thumb/v6-m\libgcc.a(_muldi3.o)
 .ARM.attributes
                0x00000118       0x2c c:/chibistudio/tools/gnu tools arm embedded/7.0 2017q4/bin/../lib/gcc/arm-none-eabi/7.2.1/thumb/v6-m\libgcc.a(_udivmoddi4.o)
 .ARM.attributes
                0x00000144       0x1e c:/chibistudio/tools/gnu tools arm embedded/7.0 2017q4/bin/../lib/gcc/arm-none-eabi/7.2.1/thumb/v6-m\libgcc.a(_clzdi2.o)
 .ARM.attributes
                0x00000162       0x1e c:/chibistudio/tools/gnu tools arm embedded/7.0 2017q4/bin/../lib/gcc/arm-none-eabi/7.2.1/thumb/v6-m\libgcc.a(_clzsi2.o)
 .ARM.attributes
                0x00000180       0x2c c:/chibistudio/tools/gnu tools arm embedded/7.0 2017q4/bin/../lib/gcc/arm-none-eabi/7.2.1/../../../../arm-none-eabi/lib/thumb/v6-m\libg.a(lib_a-memcpy-stub.o)

.comment        0x00000000       0x7e
 .comment       0x00000000       0x7e C:\Users\hunter\AppData\Local\Temp\ccxO8pMw.ltrans0.ltrans.o
                                 0x7f (size before relaxing)

.debug_line     0x00000000     0x1ada
 .debug_line    0x00000000       0xd4 build/obj/crt0_v6m.o
 .debug_line    0x000000d4       0x77 build/obj/vectors.o
 .debug_line    0x0000014b       0x95 build/obj/chcoreasm_v6m.o
 .debug_line    0x000001e0     0x18fa C:\Users\hunter\AppData\Local\Temp\ccxO8pMw.ltrans0.ltrans.o

.debug_info     0x00000000     0x70b8
 .debug_info    0x00000000       0x26 build/obj/crt0_v6m.o
 .debug_info    0x00000026       0x26 build/obj/vectors.o
 .debug_info    0x0000004c       0x26 build/obj/chcoreasm_v6m.o
 .debug_info    0x00000072     0x7046 C:\Users\hunter\AppData\Local\Temp\ccxO8pMw.ltrans0.ltrans.o

.debug_abbrev   0x00000000      0x773
 .debug_abbrev  0x00000000       0x14 build/obj/crt0_v6m.o
 .debug_abbrev  0x00000014       0x14 build/obj/vectors.o
 .debug_abbrev  0x00000028       0x14 build/obj/chcoreasm_v6m.o
 .debug_abbrev  0x0000003c      0x737 C:\Users\hunter\AppData\Local\Temp\ccxO8pMw.ltrans0.ltrans.o

.debug_aranges  0x00000000      0x1d8
 .debug_aranges
                0x00000000       0x20 build/obj/crt0_v6m.o
 .debug_aranges
                0x00000020       0x20 build/obj/vectors.o
 .debug_aranges
                0x00000040       0x20 build/obj/chcoreasm_v6m.o
 .debug_aranges
                0x00000060      0x178 C:\Users\hunter\AppData\Local\Temp\ccxO8pMw.ltrans0.ltrans.o

.debug_str      0x00000000     0x1bbd
 .debug_str     0x00000000       0x88 build/obj/crt0_v6m.o
 .debug_str     0x00000088       0x42 build/obj/vectors.o
                                 0x87 (size before relaxing)
 .debug_str     0x000000ca       0x46 build/obj/chcoreasm_v6m.o
                                 0x8b (size before relaxing)
 .debug_str     0x00000110     0x1aad C:\Users\hunter\AppData\Local\Temp\ccxO8pMw.ltrans0.ltrans.o
                               0x1c37 (size before relaxing)

.debug_loc      0x00000000     0x3ac1
 .debug_loc     0x00000000     0x3ac1 C:\Users\hunter\AppData\Local\Temp\ccxO8pMw.ltrans0.ltrans.o

.debug_ranges   0x00000000      0xfe8
 .debug_ranges  0x00000000      0xfe8 C:\Users\hunter\AppData\Local\Temp\ccxO8pMw.ltrans0.ltrans.o

.debug_frame    0x00000000      0x5ac
 .debug_frame   0x00000000      0x4ec C:\Users\hunter\AppData\Local\Temp\ccxO8pMw.ltrans0.ltrans.o
 .debug_frame   0x000004ec       0x20 c:/chibistudio/tools/gnu tools arm embedded/7.0 2017q4/bin/../lib/gcc/arm-none-eabi/7.2.1/thumb/v6-m\libgcc.a(_udivsi3.o)
 .debug_frame   0x0000050c       0x34 c:/chibistudio/tools/gnu tools arm embedded/7.0 2017q4/bin/../lib/gcc/arm-none-eabi/7.2.1/thumb/v6-m\libgcc.a(_muldi3.o)
 .debug_frame   0x00000540       0x3c c:/chibistudio/tools/gnu tools arm embedded/7.0 2017q4/bin/../lib/gcc/arm-none-eabi/7.2.1/thumb/v6-m\libgcc.a(_udivmoddi4.o)
 .debug_frame   0x0000057c       0x30 c:/chibistudio/tools/gnu tools arm embedded/7.0 2017q4/bin/../lib/gcc/arm-none-eabi/7.2.1/../../../../arm-none-eabi/lib/thumb/v6-m\libg.a(lib_a-memcpy-stub.o)

Cross Reference Table

Symbol                                            File
BusFault_Handler                                  build/obj/vectors.o
DebugMon_Handler                                  build/obj/vectors.o
HardFault_Handler                                 build/obj/vectors.o
I2CD1                                             build/obj/hal_i2c_lld.o (symbol from plugin)
                                                  build/obj/LSM6DS3.o (symbol from plugin)
                                                  build/obj/main.o (symbol from plugin)
MemManage_Handler                                 build/obj/vectors.o
NMI_Handler                                       C:\Users\hunter\AppData\Local\Temp\ccxO8pMw.ltrans0.ltrans.o
                                                  build/obj/chcore_v6m.o (symbol from plugin)
                                                  build/obj/vectors.o
PendSV_Handler                                    build/obj/vectors.o
Reset_Handler                                     build/obj/vectors.o
SD1                                               build/obj/hal_serial_lld.o (symbol from plugin)
                                                  build/obj/main.o (symbol from plugin)
SVC_Handler                                       build/obj/vectors.o
SysTick_Handler                                   build/obj/vectors.o
SystemCoreClock                                   build/obj/hal_lld.o (symbol from plugin)
UsageFault_Handler                                build/obj/vectors.o
Vector1C                                          build/obj/vectors.o
Vector20                                          build/obj/vectors.o
Vector24                                          build/obj/vectors.o
Vector28                                          build/obj/vectors.o
Vector34                                          build/obj/vectors.o
Vector40                                          build/obj/vectors.o
Vector44                                          build/obj/vectors.o
Vector48                                          build/obj/vectors.o
Vector4C                                          build/obj/vectors.o
Vector50                                          build/obj/vectors.o
Vector54                                          build/obj/vectors.o
Vector58                                          build/obj/vectors.o
Vector5C                                          build/obj/vectors.o
Vector60                                          build/obj/vectors.o
Vector64                                          C:\Users\hunter\AppData\Local\Temp\ccxO8pMw.ltrans0.ltrans.o
                                                  build/obj/stm32_dma.o (symbol from plugin)
                                                  build/obj/vectors.o
Vector68                                          C:\Users\hunter\AppData\Local\Temp\ccxO8pMw.ltrans0.ltrans.o
                                                  build/obj/hal_lld.o (symbol from plugin)
                                                  build/obj/vectors.o
Vector6C                                          C:\Users\hunter\AppData\Local\Temp\ccxO8pMw.ltrans0.ltrans.o
                                                  build/obj/hal_lld.o (symbol from plugin)
                                                  build/obj/vectors.o
Vector70                                          build/obj/vectors.o
Vector74                                          build/obj/vectors.o
Vector78                                          build/obj/vectors.o
Vector7C                                          C:\Users\hunter\AppData\Local\Temp\ccxO8pMw.ltrans0.ltrans.o
                                                  build/obj/hal_st_lld.o (symbol from plugin)
                                                  build/obj/vectors.o
Vector80                                          build/obj/vectors.o
Vector84                                          build/obj/vectors.o
Vector88                                          build/obj/vectors.o
Vector8C                                          build/obj/vectors.o
Vector90                                          build/obj/vectors.o
Vector94                                          build/obj/vectors.o
Vector98                                          build/obj/vectors.o
Vector9C                                          C:\Users\hunter\AppData\Local\Temp\ccxO8pMw.ltrans0.ltrans.o
                                                  build/obj/hal_i2c_lld.o (symbol from plugin)
                                                  build/obj/vectors.o
VectorA0                                          build/obj/vectors.o
VectorA4                                          build/obj/vectors.o
VectorA8                                          build/obj/vectors.o
VectorAC                                          C:\Users\hunter\AppData\Local\Temp\ccxO8pMw.ltrans0.ltrans.o
                                                  build/obj/hal_serial_lld.o (symbol from plugin)
                                                  build/obj/vectors.o
VectorB0                                          build/obj/vectors.o
VectorB4                                          build/obj/vectors.o
VectorB8                                          build/obj/vectors.o
VectorBC                                          build/obj/vectors.o
__aeabi_idiv0                                     c:/chibistudio/tools/gnu tools arm embedded/7.0 2017q4/bin/../lib/gcc/arm-none-eabi/7.2.1/thumb/v6-m\libgcc.a(_dvmd_tls.o)
                                                  c:/chibistudio/tools/gnu tools arm embedded/7.0 2017q4/bin/../lib/gcc/arm-none-eabi/7.2.1/thumb/v6-m\libgcc.a(_udivsi3.o)
__aeabi_ldiv0                                     c:/chibistudio/tools/gnu tools arm embedded/7.0 2017q4/bin/../lib/gcc/arm-none-eabi/7.2.1/thumb/v6-m\libgcc.a(_dvmd_tls.o)
                                                  c:/chibistudio/tools/gnu tools arm embedded/7.0 2017q4/bin/../lib/gcc/arm-none-eabi/7.2.1/thumb/v6-m\libgcc.a(_aeabi_uldivmod.o)
                                                  c:/chibistudio/tools/gnu tools arm embedded/7.0 2017q4/bin/../lib/gcc/arm-none-eabi/7.2.1/thumb/v6-m\libgcc.a(_aeabi_ldivmod.o)
__aeabi_ldivmod                                   c:/chibistudio/tools/gnu tools arm embedded/7.0 2017q4/bin/../lib/gcc/arm-none-eabi/7.2.1/thumb/v6-m\libgcc.a(_aeabi_ldivmod.o)
                                                  C:\Users\hunter\AppData\Local\Temp\ccxO8pMw.ltrans0.ltrans.o
__aeabi_lmul                                      c:/chibistudio/tools/gnu tools arm embedded/7.0 2017q4/bin/../lib/gcc/arm-none-eabi/7.2.1/thumb/v6-m\libgcc.a(_muldi3.o)
                                                  c:/chibistudio/tools/gnu tools arm embedded/7.0 2017q4/bin/../lib/gcc/arm-none-eabi/7.2.1/thumb/v6-m\libgcc.a(bpabi.o)
                                                  C:\Users\hunter\AppData\Local\Temp\ccxO8pMw.ltrans0.ltrans.o
__aeabi_uidiv                                     c:/chibistudio/tools/gnu tools arm embedded/7.0 2017q4/bin/../lib/gcc/arm-none-eabi/7.2.1/thumb/v6-m\libgcc.a(_udivsi3.o)
                                                  C:\Users\hunter\AppData\Local\Temp\ccxO8pMw.ltrans0.ltrans.o
__aeabi_uidivmod                                  c:/chibistudio/tools/gnu tools arm embedded/7.0 2017q4/bin/../lib/gcc/arm-none-eabi/7.2.1/thumb/v6-m\libgcc.a(_udivsi3.o)
                                                  C:\Users\hunter\AppData\Local\Temp\ccxO8pMw.ltrans0.ltrans.o
__aeabi_uldivmod                                  c:/chibistudio/tools/gnu tools arm embedded/7.0 2017q4/bin/../lib/gcc/arm-none-eabi/7.2.1/thumb/v6-m\libgcc.a(_aeabi_uldivmod.o)
                                                  C:\Users\hunter\AppData\Local\Temp\ccxO8pMw.ltrans0.ltrans.o
__clzdi2                                          c:/chibistudio/tools/gnu tools arm embedded/7.0 2017q4/bin/../lib/gcc/arm-none-eabi/7.2.1/thumb/v6-m\libgcc.a(_clzdi2.o)
                                                  c:/chibistudio/tools/gnu tools arm embedded/7.0 2017q4/bin/../lib/gcc/arm-none-eabi/7.2.1/thumb/v6-m\libgcc.a(_divdi3.o)
                                                  c:/chibistudio/tools/gnu tools arm embedded/7.0 2017q4/bin/../lib/gcc/arm-none-eabi/7.2.1/thumb/v6-m\libgcc.a(_udivmoddi4.o)
__clzsi2                                          c:/chibistudio/tools/gnu tools arm embedded/7.0 2017q4/bin/../lib/gcc/arm-none-eabi/7.2.1/thumb/v6-m\libgcc.a(_clzsi2.o)
                                                  c:/chibistudio/tools/gnu tools arm embedded/7.0 2017q4/bin/../lib/gcc/arm-none-eabi/7.2.1/thumb/v6-m\libgcc.a(_clzdi2.o)
__core_init                                       C:\Users\hunter\AppData\Local\Temp\ccxO8pMw.ltrans0.ltrans.o
                                                  build/obj/crt1.o (symbol from plugin)
                                                  build/obj/crt0_v6m.o
__default_exit                                    C:\Users\hunter\AppData\Local\Temp\ccxO8pMw.ltrans0.ltrans.o
                                                  build/obj/crt1.o (symbol from plugin)
                                                  build/obj/crt0_v6m.o
__divdi3                                          c:/chibistudio/tools/gnu tools arm embedded/7.0 2017q4/bin/../lib/gcc/arm-none-eabi/7.2.1/thumb/v6-m\libgcc.a(_divdi3.o)
                                                  c:/chibistudio/tools/gnu tools arm embedded/7.0 2017q4/bin/../lib/gcc/arm-none-eabi/7.2.1/thumb/v6-m\libgcc.a(bpabi.o)
__early_init                                      C:\Users\hunter\AppData\Local\Temp\ccxO8pMw.ltrans0.ltrans.o
                                                  build/obj/board.o (symbol from plugin)
                                                  build/obj/crt1.o (symbol from plugin)
                                                  build/obj/crt0_v6m.o
__fini_array_end                                  build/obj/crt0_v6m.o
__fini_array_start                                build/obj/crt0_v6m.o
__gnu_ldivmod_helper                              c:/chibistudio/tools/gnu tools arm embedded/7.0 2017q4/bin/../lib/gcc/arm-none-eabi/7.2.1/thumb/v6-m\libgcc.a(bpabi.o)
                                                  c:/chibistudio/tools/gnu tools arm embedded/7.0 2017q4/bin/../lib/gcc/arm-none-eabi/7.2.1/thumb/v6-m\libgcc.a(_aeabi_ldivmod.o)
__heap_base__                                     C:\Users\hunter\AppData\Local\Temp\ccxO8pMw.ltrans0.ltrans.o
                                                  build/obj/chmemcore.o (symbol from plugin)
__heap_end__                                      C:\Users\hunter\AppData\Local\Temp\ccxO8pMw.ltrans0.ltrans.o
                                                  build/obj/chmemcore.o (symbol from plugin)
__init_array_end                                  build/obj/crt0_v6m.o
__init_array_start                                build/obj/crt0_v6m.o
__init_ram_areas                                  C:\Users\hunter\AppData\Local\Temp\ccxO8pMw.ltrans0.ltrans.o
                                                  build/obj/crt1.o (symbol from plugin)
                                                  build/obj/crt0_v6m.o
__late_init                                       C:\Users\hunter\AppData\Local\Temp\ccxO8pMw.ltrans0.ltrans.o
                                                  build/obj/crt1.o (symbol from plugin)
                                                  build/obj/crt0_v6m.o
__main_stack_base__                               build/obj/crt0_v6m.o
__main_stack_end__                                build/obj/vectors.o
                                                  build/obj/crt0_v6m.o
__muldi3                                          c:/chibistudio/tools/gnu tools arm embedded/7.0 2017q4/bin/../lib/gcc/arm-none-eabi/7.2.1/thumb/v6-m\libgcc.a(_muldi3.o)
__process_stack_base__                            build/obj/crt0_v6m.o
__process_stack_end__                             build/obj/crt0_v6m.o
__ram0_clear__                                    C:\Users\hunter\AppData\Local\Temp\ccxO8pMw.ltrans0.ltrans.o
                                                  build/obj/crt1.o (symbol from plugin)
__ram0_init__                                     C:\Users\hunter\AppData\Local\Temp\ccxO8pMw.ltrans0.ltrans.o
                                                  build/obj/crt1.o (symbol from plugin)
__ram0_init_text__                                C:\Users\hunter\AppData\Local\Temp\ccxO8pMw.ltrans0.ltrans.o
                                                  build/obj/crt1.o (symbol from plugin)
__ram0_noinit__                                   C:\Users\hunter\AppData\Local\Temp\ccxO8pMw.ltrans0.ltrans.o
                                                  build/obj/crt1.o (symbol from plugin)
__ram1_clear__                                    C:\Users\hunter\AppData\Local\Temp\ccxO8pMw.ltrans0.ltrans.o
                                                  build/obj/crt1.o (symbol from plugin)
__ram1_init__                                     C:\Users\hunter\AppData\Local\Temp\ccxO8pMw.ltrans0.ltrans.o
                                                  build/obj/crt1.o (symbol from plugin)
__ram1_init_text__                                C:\Users\hunter\AppData\Local\Temp\ccxO8pMw.ltrans0.ltrans.o
                                                  build/obj/crt1.o (symbol from plugin)
__ram1_noinit__                                   C:\Users\hunter\AppData\Local\Temp\ccxO8pMw.ltrans0.ltrans.o
                                                  build/obj/crt1.o (symbol from plugin)
__ram2_clear__                                    C:\Users\hunter\AppData\Local\Temp\ccxO8pMw.ltrans0.ltrans.o
                                                  build/obj/crt1.o (symbol from plugin)
__ram2_init__                                     C:\Users\hunter\AppData\Local\Temp\ccxO8pMw.ltrans0.ltrans.o
                                                  build/obj/crt1.o (symbol from plugin)
__ram2_init_text__                                C:\Users\hunter\AppData\Local\Temp\ccxO8pMw.ltrans0.ltrans.o
                                                  build/obj/crt1.o (symbol from plugin)
__ram2_noinit__                                   C:\Users\hunter\AppData\Local\Temp\ccxO8pMw.ltrans0.ltrans.o
                                                  build/obj/crt1.o (symbol from plugin)
__ram3_clear__                                    C:\Users\hunter\AppData\Local\Temp\ccxO8pMw.ltrans0.ltrans.o
                                                  build/obj/crt1.o (symbol from plugin)
__ram3_init__                                     C:\Users\hunter\AppData\Local\Temp\ccxO8pMw.ltrans0.ltrans.o
                                                  build/obj/crt1.o (symbol from plugin)
__ram3_init_text__                                C:\Users\hunter\AppData\Local\Temp\ccxO8pMw.ltrans0.ltrans.o
                                                  build/obj/crt1.o (symbol from plugin)
__ram3_noinit__                                   C:\Users\hunter\AppData\Local\Temp\ccxO8pMw.ltrans0.ltrans.o
                                                  build/obj/crt1.o (symbol from plugin)
__ram4_clear__                                    C:\Users\hunter\AppData\Local\Temp\ccxO8pMw.ltrans0.ltrans.o
                                                  build/obj/crt1.o (symbol from plugin)
__ram4_init__                                     C:\Users\hunter\AppData\Local\Temp\ccxO8pMw.ltrans0.ltrans.o
                                                  build/obj/crt1.o (symbol from plugin)
__ram4_init_text__                                C:\Users\hunter\AppData\Local\Temp\ccxO8pMw.ltrans0.ltrans.o
                                                  build/obj/crt1.o (symbol from plugin)
__ram4_noinit__                                   C:\Users\hunter\AppData\Local\Temp\ccxO8pMw.ltrans0.ltrans.o
                                                  build/obj/crt1.o (symbol from plugin)
__ram5_clear__                                    C:\Users\hunter\AppData\Local\Temp\ccxO8pMw.ltrans0.ltrans.o
                                                  build/obj/crt1.o (symbol from plugin)
__ram5_init__                                     C:\Users\hunter\AppData\Local\Temp\ccxO8pMw.ltrans0.ltrans.o
                                                  build/obj/crt1.o (symbol from plugin)
__ram5_init_text__                                C:\Users\hunter\AppData\Local\Temp\ccxO8pMw.ltrans0.ltrans.o
                                                  build/obj/crt1.o (symbol from plugin)
__ram5_noinit__                                   C:\Users\hunter\AppData\Local\Temp\ccxO8pMw.ltrans0.ltrans.o
                                                  build/obj/crt1.o (symbol from plugin)
__ram6_clear__                                    C:\Users\hunter\AppData\Local\Temp\ccxO8pMw.ltrans0.ltrans.o
                                                  build/obj/crt1.o (symbol from plugin)
__ram6_init__                                     C:\Users\hunter\AppData\Local\Temp\ccxO8pMw.ltrans0.ltrans.o
                                                  build/obj/crt1.o (symbol from plugin)
__ram6_init_text__                                C:\Users\hunter\AppData\Local\Temp\ccxO8pMw.ltrans0.ltrans.o
                                                  build/obj/crt1.o (symbol from plugin)
__ram6_noinit__                                   C:\Users\hunter\AppData\Local\Temp\ccxO8pMw.ltrans0.ltrans.o
                                                  build/obj/crt1.o (symbol from plugin)
__ram7_clear__                                    C:\Users\hunter\AppData\Local\Temp\ccxO8pMw.ltrans0.ltrans.o
                                                  build/obj/crt1.o (symbol from plugin)
__ram7_init__                                     C:\Users\hunter\AppData\Local\Temp\ccxO8pMw.ltrans0.ltrans.o
                                                  build/obj/crt1.o (symbol from plugin)
__ram7_init_text__                                C:\Users\hunter\AppData\Local\Temp\ccxO8pMw.ltrans0.ltrans.o
                                                  build/obj/crt1.o (symbol from plugin)
__ram7_noinit__                                   C:\Users\hunter\AppData\Local\Temp\ccxO8pMw.ltrans0.ltrans.o
                                                  build/obj/crt1.o (symbol from plugin)
__udivmoddi4                                      c:/chibistudio/tools/gnu tools arm embedded/7.0 2017q4/bin/../lib/gcc/arm-none-eabi/7.2.1/thumb/v6-m\libgcc.a(_udivmoddi4.o)
                                                  c:/chibistudio/tools/gnu tools arm embedded/7.0 2017q4/bin/../lib/gcc/arm-none-eabi/7.2.1/thumb/v6-m\libgcc.a(_aeabi_uldivmod.o)
__udivsi3                                         c:/chibistudio/tools/gnu tools arm embedded/7.0 2017q4/bin/../lib/gcc/arm-none-eabi/7.2.1/thumb/v6-m\libgcc.a(_udivsi3.o)
_bss_end                                          build/obj/crt0_v6m.o
_bss_start                                        build/obj/crt0_v6m.o
_core_init                                        build/obj/chmemcore.o (symbol from plugin)
                                                  build/obj/chsys.o (symbol from plugin)
_crt0_entry                                       build/obj/crt0_v6m.o
                                                  build/obj/vectors.o
_data                                             build/obj/crt0_v6m.o
_edata                                            build/obj/crt0_v6m.o
_factory_init                                     build/obj/chfactory.o (symbol from plugin)
                                                  build/obj/chsys.o (symbol from plugin)
_heap_init                                        build/obj/chheap.o (symbol from plugin)
                                                  build/obj/chsys.o (symbol from plugin)
_pal_events                                       build/obj/hal_pal_lld.o (symbol from plugin)
_pal_lld_init                                     build/obj/hal_pal_lld.o (symbol from plugin)
                                                  build/obj/hal.o (symbol from plugin)
_pal_lld_setgroupmode                             build/obj/hal_pal_lld.o (symbol from plugin)
                                                  build/obj/main.o (symbol from plugin)
                                                  build/obj/hal_pal.o (symbol from plugin)
_port_exit_from_isr                               build/obj/chcoreasm_v6m.o
                                                  C:\Users\hunter\AppData\Local\Temp\ccxO8pMw.ltrans0.ltrans.o
                                                  build/obj/chcore_v6m.o (symbol from plugin)
_port_irq_epilogue                                build/obj/chcore_v6m.o (symbol from plugin)
                                                  build/obj/hal_serial_lld.o (symbol from plugin)
                                                  build/obj/hal_st_lld.o (symbol from plugin)
                                                  build/obj/hal_i2c_lld.o (symbol from plugin)
                                                  build/obj/stm32_dma.o (symbol from plugin)
                                                  build/obj/hal_lld.o (symbol from plugin)
_port_switch                                      build/obj/chcoreasm_v6m.o
                                                  C:\Users\hunter\AppData\Local\Temp\ccxO8pMw.ltrans0.ltrans.o
                                                  build/obj/chschd.o (symbol from plugin)
_port_switch_from_isr                             build/obj/chcoreasm_v6m.o
                                                  C:\Users\hunter\AppData\Local\Temp\ccxO8pMw.ltrans0.ltrans.o
                                                  build/obj/chcore_v6m.o (symbol from plugin)
_port_thread_start                                build/obj/chcoreasm_v6m.o
                                                  C:\Users\hunter\AppData\Local\Temp\ccxO8pMw.ltrans0.ltrans.o
                                                  build/obj/chthreads.o (symbol from plugin)
_scheduler_init                                   build/obj/chschd.o (symbol from plugin)
                                                  build/obj/chsys.o (symbol from plugin)
_stm32_dma_isr_redir                              build/obj/stm32_dma.o (symbol from plugin)
                                                  build/obj/hal_lld.o (symbol from plugin)
_stm32_dma_streams                                build/obj/stm32_dma.o (symbol from plugin)
                                                  build/obj/hal_i2c_lld.o (symbol from plugin)
                                                  build/obj/hal_lld.o (symbol from plugin)
_test_assert                                      build/obj/ch_test.o (symbol from plugin)
                                                  build/obj/oslib_test_sequence_004.o (symbol from plugin)
                                                  build/obj/oslib_test_sequence_003.o (symbol from plugin)
                                                  build/obj/oslib_test_sequence_002.o (symbol from plugin)
                                                  build/obj/oslib_test_sequence_001.o (symbol from plugin)
                                                  build/obj/rt_test_sequence_009.o (symbol from plugin)
                                                  build/obj/rt_test_sequence_008.o (symbol from plugin)
                                                  build/obj/rt_test_sequence_006.o (symbol from plugin)
                                                  build/obj/rt_test_sequence_005.o (symbol from plugin)
                                                  build/obj/rt_test_sequence_004.o (symbol from plugin)
                                                  build/obj/rt_test_sequence_003.o (symbol from plugin)
                                                  build/obj/rt_test_sequence_002.o (symbol from plugin)
_test_assert_sequence                             build/obj/ch_test.o (symbol from plugin)
                                                  build/obj/oslib_test_sequence_001.o (symbol from plugin)
                                                  build/obj/rt_test_sequence_009.o (symbol from plugin)
                                                  build/obj/rt_test_sequence_008.o (symbol from plugin)
                                                  build/obj/rt_test_sequence_007.o (symbol from plugin)
                                                  build/obj/rt_test_sequence_006.o (symbol from plugin)
                                                  build/obj/rt_test_sequence_005.o (symbol from plugin)
                                                  build/obj/rt_test_sequence_003.o (symbol from plugin)
_test_assert_time_window                          build/obj/ch_test.o (symbol from plugin)
                                                  build/obj/rt_test_sequence_008.o (symbol from plugin)
                                                  build/obj/rt_test_sequence_005.o (symbol from plugin)
                                                  build/obj/rt_test_sequence_004.o (symbol from plugin)
                                                  build/obj/rt_test_sequence_003.o (symbol from plugin)
_test_fail                                        build/obj/ch_test.o (symbol from plugin)
_textdata                                         build/obj/crt0_v6m.o
_thread_init                                      build/obj/chthreads.o (symbol from plugin)
                                                  build/obj/chsys.o (symbol from plugin)
_unhandled_exception                              build/obj/vectors.o
_vectors                                          build/obj/vectors.o
_vt_init                                          build/obj/chvt.o (symbol from plugin)
                                                  build/obj/chsys.o (symbol from plugin)
beginLSM6DS3                                      build/obj/LSM6DS3.o (symbol from plugin)
                                                  build/obj/main.o (symbol from plugin)
boardInit                                         build/obj/board.o (symbol from plugin)
                                                  build/obj/hal.o (symbol from plugin)
ch                                                build/obj/chschd.o (symbol from plugin)
                                                  build/obj/main.o (symbol from plugin)
                                                  build/obj/rt_test_sequence_010.o (symbol from plugin)
                                                  build/obj/rt_test_sequence_009.o (symbol from plugin)
                                                  build/obj/rt_test_sequence_008.o (symbol from plugin)
                                                  build/obj/rt_test_sequence_007.o (symbol from plugin)
                                                  build/obj/rt_test_sequence_006.o (symbol from plugin)
                                                  build/obj/rt_test_sequence_005.o (symbol from plugin)
                                                  build/obj/rt_test_sequence_004.o (symbol from plugin)
                                                  build/obj/rt_test_sequence_003.o (symbol from plugin)
                                                  build/obj/chmsg.o (symbol from plugin)
                                                  build/obj/chevents.o (symbol from plugin)
                                                  build/obj/chcond.o (symbol from plugin)
                                                  build/obj/chmtx.o (symbol from plugin)
                                                  build/obj/chsem.o (symbol from plugin)
                                                  build/obj/chregistry.o (symbol from plugin)
                                                  build/obj/chthreads.o (symbol from plugin)
                                                  build/obj/chvt.o (symbol from plugin)
                                                  build/obj/chsys.o (symbol from plugin)
chCondBroadcast                                   build/obj/chcond.o (symbol from plugin)
                                                  build/obj/rt_test_sequence_006.o (symbol from plugin)
chCondBroadcastI                                  build/obj/chcond.o (symbol from plugin)
chCondObjectInit                                  build/obj/chcond.o (symbol from plugin)
                                                  build/obj/rt_test_sequence_006.o (symbol from plugin)
chCondSignal                                      build/obj/chcond.o (symbol from plugin)
                                                  build/obj/rt_test_sequence_006.o (symbol from plugin)
chCondSignalI                                     build/obj/chcond.o (symbol from plugin)
                                                  build/obj/rt_test_sequence_006.o (symbol from plugin)
chCondWait                                        build/obj/chcond.o (symbol from plugin)
                                                  build/obj/rt_test_sequence_006.o (symbol from plugin)
chCondWaitS                                       build/obj/chcond.o (symbol from plugin)
chCondWaitTimeout                                 build/obj/chcond.o (symbol from plugin)
                                                  build/obj/rt_test_sequence_006.o (symbol from plugin)
chCondWaitTimeoutS                                build/obj/chcond.o (symbol from plugin)
chCoreAllocAlignedWithOffset                      build/obj/chmemcore.o (symbol from plugin)
                                                  build/obj/chheap.o (symbol from plugin)
chCoreAllocAlignedWithOffsetI                     build/obj/chmemcore.o (symbol from plugin)
                                                  build/obj/chfactory.o (symbol from plugin)
chCoreGetStatusX                                  build/obj/chmemcore.o (symbol from plugin)
chEvtAddEvents                                    build/obj/chevents.o (symbol from plugin)
                                                  build/obj/rt_test_sequence_008.o (symbol from plugin)
chEvtBroadcastFlags                               build/obj/chevents.o (symbol from plugin)
                                                  build/obj/rt_test_sequence_008.o (symbol from plugin)
chEvtBroadcastFlagsI                              build/obj/chevents.o (symbol from plugin)
                                                  build/obj/hal_serial_lld.o (symbol from plugin)
                                                  build/obj/hal_serial.o (symbol from plugin)
chEvtDispatch                                     build/obj/chevents.o (symbol from plugin)
                                                  build/obj/rt_test_sequence_008.o (symbol from plugin)
chEvtGetAndClearEvents                            build/obj/chevents.o (symbol from plugin)
                                                  build/obj/rt_test_sequence_008.o (symbol from plugin)
chEvtGetAndClearEventsI                           build/obj/chevents.o (symbol from plugin)
chEvtGetAndClearFlags                             build/obj/chevents.o (symbol from plugin)
chEvtGetAndClearFlagsI                            build/obj/chevents.o (symbol from plugin)
chEvtRegisterMaskWithFlags                        build/obj/chevents.o (symbol from plugin)
                                                  build/obj/rt_test_sequence_008.o (symbol from plugin)
chEvtSignal                                       build/obj/chevents.o (symbol from plugin)
                                                  build/obj/rt_test_sequence_008.o (symbol from plugin)
chEvtSignalI                                      build/obj/chevents.o (symbol from plugin)
chEvtUnregister                                   build/obj/chevents.o (symbol from plugin)
                                                  build/obj/rt_test_sequence_008.o (symbol from plugin)
chEvtWaitAll                                      build/obj/chevents.o (symbol from plugin)
                                                  build/obj/rt_test_sequence_008.o (symbol from plugin)
chEvtWaitAllTimeout                               build/obj/chevents.o (symbol from plugin)
                                                  build/obj/rt_test_sequence_008.o (symbol from plugin)
chEvtWaitAny                                      build/obj/chevents.o (symbol from plugin)
                                                  build/obj/rt_test_sequence_008.o (symbol from plugin)
chEvtWaitAnyTimeout                               build/obj/chevents.o (symbol from plugin)
                                                  build/obj/rt_test_sequence_008.o (symbol from plugin)
chEvtWaitOne                                      build/obj/chevents.o (symbol from plugin)
                                                  build/obj/rt_test_sequence_008.o (symbol from plugin)
chEvtWaitOneTimeout                               build/obj/chevents.o (symbol from plugin)
                                                  build/obj/rt_test_sequence_008.o (symbol from plugin)
chFactoryCreateBuffer                             build/obj/chfactory.o (symbol from plugin)
                                                  build/obj/oslib_test_sequence_004.o (symbol from plugin)
chFactoryCreateMailbox                            build/obj/chfactory.o (symbol from plugin)
                                                  build/obj/oslib_test_sequence_004.o (symbol from plugin)
chFactoryCreateObjectsFIFO                        build/obj/chfactory.o (symbol from plugin)
                                                  build/obj/oslib_test_sequence_004.o (symbol from plugin)
chFactoryCreateSemaphore                          build/obj/chfactory.o (symbol from plugin)
                                                  build/obj/oslib_test_sequence_004.o (symbol from plugin)
chFactoryFindBuffer                               build/obj/chfactory.o (symbol from plugin)
                                                  build/obj/oslib_test_sequence_004.o (symbol from plugin)
chFactoryFindMailbox                              build/obj/chfactory.o (symbol from plugin)
                                                  build/obj/oslib_test_sequence_004.o (symbol from plugin)
chFactoryFindObject                               build/obj/chfactory.o (symbol from plugin)
                                                  build/obj/oslib_test_sequence_004.o (symbol from plugin)
chFactoryFindObjectByPointer                      build/obj/chfactory.o (symbol from plugin)
chFactoryFindObjectsFIFO                          build/obj/chfactory.o (symbol from plugin)
                                                  build/obj/oslib_test_sequence_004.o (symbol from plugin)
chFactoryFindSemaphore                            build/obj/chfactory.o (symbol from plugin)
                                                  build/obj/oslib_test_sequence_004.o (symbol from plugin)
chFactoryRegisterObject                           build/obj/chfactory.o (symbol from plugin)
                                                  build/obj/oslib_test_sequence_004.o (symbol from plugin)
chFactoryReleaseBuffer                            build/obj/chfactory.o (symbol from plugin)
                                                  build/obj/oslib_test_sequence_004.o (symbol from plugin)
chFactoryReleaseMailbox                           build/obj/chfactory.o (symbol from plugin)
                                                  build/obj/oslib_test_sequence_004.o (symbol from plugin)
chFactoryReleaseObject                            build/obj/chfactory.o (symbol from plugin)
                                                  build/obj/oslib_test_sequence_004.o (symbol from plugin)
chFactoryReleaseObjectsFIFO                       build/obj/chfactory.o (symbol from plugin)
                                                  build/obj/oslib_test_sequence_004.o (symbol from plugin)
chFactoryReleaseSemaphore                         build/obj/chfactory.o (symbol from plugin)
                                                  build/obj/oslib_test_sequence_004.o (symbol from plugin)
chGuardedPoolAllocTimeout                         build/obj/chmempools.o (symbol from plugin)
                                                  build/obj/oslib_test_sequence_002.o (symbol from plugin)
chGuardedPoolAllocTimeoutS                        build/obj/chmempools.o (symbol from plugin)
chGuardedPoolFree                                 build/obj/chmempools.o (symbol from plugin)
                                                  build/obj/oslib_test_sequence_002.o (symbol from plugin)
chGuardedPoolFreeI                                build/obj/chmempools.o (symbol from plugin)
chGuardedPoolLoadArray                            build/obj/chmempools.o (symbol from plugin)
                                                  build/obj/oslib_test_sequence_002.o (symbol from plugin)
                                                  build/obj/chfactory.o (symbol from plugin)
chGuardedPoolObjectInitAligned                    build/obj/chmempools.o (symbol from plugin)
                                                  build/obj/oslib_test_sequence_002.o (symbol from plugin)
                                                  build/obj/chfactory.o (symbol from plugin)
chHeapAllocAligned                                build/obj/chheap.o (symbol from plugin)
                                                  build/obj/oslib_test_sequence_003.o (symbol from plugin)
                                                  build/obj/chfactory.o (symbol from plugin)
                                                  build/obj/chdynamic.o (symbol from plugin)
chHeapFree                                        build/obj/chheap.o (symbol from plugin)
                                                  build/obj/oslib_test_sequence_003.o (symbol from plugin)
                                                  build/obj/chfactory.o (symbol from plugin)
                                                  build/obj/chthreads.o (symbol from plugin)
chHeapObjectInit                                  build/obj/chheap.o (symbol from plugin)
                                                  build/obj/oslib_test_sequence_003.o (symbol from plugin)
                                                  build/obj/rt_test_sequence_009.o (symbol from plugin)
chHeapStatus                                      build/obj/chheap.o (symbol from plugin)
                                                  build/obj/oslib_test_sequence_003.o (symbol from plugin)
                                                  build/obj/rt_test_sequence_009.o (symbol from plugin)
chMBFetchI                                        build/obj/chmboxes.o (symbol from plugin)
                                                  build/obj/oslib_test_sequence_001.o (symbol from plugin)
chMBFetchTimeout                                  build/obj/chmboxes.o (symbol from plugin)
                                                  build/obj/oslib_test_sequence_001.o (symbol from plugin)
chMBFetchTimeoutS                                 build/obj/chmboxes.o (symbol from plugin)
chMBObjectInit                                    build/obj/chmboxes.o (symbol from plugin)
                                                  build/obj/oslib_test_sequence_001.o (symbol from plugin)
                                                  build/obj/chfactory.o (symbol from plugin)
chMBPostAheadI                                    build/obj/chmboxes.o (symbol from plugin)
                                                  build/obj/oslib_test_sequence_001.o (symbol from plugin)
chMBPostAheadTimeout                              build/obj/chmboxes.o (symbol from plugin)
                                                  build/obj/oslib_test_sequence_001.o (symbol from plugin)
chMBPostAheadTimeoutS                             build/obj/chmboxes.o (symbol from plugin)
chMBPostI                                         build/obj/chmboxes.o (symbol from plugin)
                                                  build/obj/oslib_test_sequence_001.o (symbol from plugin)
chMBPostTimeout                                   build/obj/chmboxes.o (symbol from plugin)
                                                  build/obj/oslib_test_sequence_001.o (symbol from plugin)
chMBPostTimeoutS                                  build/obj/chmboxes.o (symbol from plugin)
chMBReset                                         build/obj/chmboxes.o (symbol from plugin)
                                                  build/obj/oslib_test_sequence_001.o (symbol from plugin)
chMBResetI                                        build/obj/chmboxes.o (symbol from plugin)
                                                  build/obj/oslib_test_sequence_001.o (symbol from plugin)
chMsgRelease                                      build/obj/chmsg.o (symbol from plugin)
                                                  build/obj/rt_test_sequence_010.o (symbol from plugin)
                                                  build/obj/rt_test_sequence_007.o (symbol from plugin)
chMsgSend                                         build/obj/chmsg.o (symbol from plugin)
                                                  build/obj/rt_test_sequence_010.o (symbol from plugin)
                                                  build/obj/rt_test_sequence_007.o (symbol from plugin)
chMsgWait                                         build/obj/chmsg.o (symbol from plugin)
                                                  build/obj/rt_test_sequence_010.o (symbol from plugin)
                                                  build/obj/rt_test_sequence_007.o (symbol from plugin)
chMtxLock                                         build/obj/chmtx.o (symbol from plugin)
                                                  build/obj/rt_test_sequence_010.o (symbol from plugin)
                                                  build/obj/rt_test_sequence_006.o (symbol from plugin)
                                                  build/obj/chfactory.o (symbol from plugin)
                                                  build/obj/chheap.o (symbol from plugin)
                                                  build/obj/hal_i2c.o (symbol from plugin)
chMtxLockS                                        build/obj/chmtx.o (symbol from plugin)
                                                  build/obj/rt_test_sequence_006.o (symbol from plugin)
                                                  build/obj/chcond.o (symbol from plugin)
chMtxObjectInit                                   build/obj/chmtx.o (symbol from plugin)
                                                  build/obj/rt_test_sequence_010.o (symbol from plugin)
                                                  build/obj/rt_test_sequence_006.o (symbol from plugin)
                                                  build/obj/chfactory.o (symbol from plugin)
                                                  build/obj/chheap.o (symbol from plugin)
                                                  build/obj/hal_i2c.o (symbol from plugin)
chMtxTryLock                                      build/obj/chmtx.o (symbol from plugin)
                                                  build/obj/rt_test_sequence_006.o (symbol from plugin)
chMtxTryLockS                                     build/obj/chmtx.o (symbol from plugin)
chMtxUnlock                                       build/obj/chmtx.o (symbol from plugin)
                                                  build/obj/rt_test_sequence_010.o (symbol from plugin)
                                                  build/obj/rt_test_sequence_006.o (symbol from plugin)
                                                  build/obj/chfactory.o (symbol from plugin)
                                                  build/obj/chheap.o (symbol from plugin)
                                                  build/obj/hal_i2c.o (symbol from plugin)
chMtxUnlockAll                                    build/obj/chmtx.o (symbol from plugin)
                                                  build/obj/rt_test_sequence_006.o (symbol from plugin)
chMtxUnlockAllS                                   build/obj/chmtx.o (symbol from plugin)
chMtxUnlockS                                      build/obj/chmtx.o (symbol from plugin)
                                                  build/obj/rt_test_sequence_006.o (symbol from plugin)
                                                  build/obj/chcond.o (symbol from plugin)
chPoolAlloc                                       build/obj/chmempools.o (symbol from plugin)
                                                  build/obj/oslib_test_sequence_002.o (symbol from plugin)
                                                  build/obj/rt_test_sequence_009.o (symbol from plugin)
                                                  build/obj/chfactory.o (symbol from plugin)
                                                  build/obj/chdynamic.o (symbol from plugin)
chPoolAllocI                                      build/obj/chmempools.o (symbol from plugin)
chPoolFree                                        build/obj/chmempools.o (symbol from plugin)
                                                  build/obj/oslib_test_sequence_002.o (symbol from plugin)
                                                  build/obj/rt_test_sequence_009.o (symbol from plugin)
                                                  build/obj/chfactory.o (symbol from plugin)
                                                  build/obj/chthreads.o (symbol from plugin)
chPoolFreeI                                       build/obj/chmempools.o (symbol from plugin)
chPoolLoadArray                                   build/obj/chmempools.o (symbol from plugin)
                                                  build/obj/oslib_test_sequence_002.o (symbol from plugin)
chPoolObjectInitAligned                           build/obj/chmempools.o (symbol from plugin)
                                                  build/obj/oslib_test_sequence_002.o (symbol from plugin)
                                                  build/obj/rt_test_sequence_009.o (symbol from plugin)
                                                  build/obj/chfactory.o (symbol from plugin)
chRegFindThreadByName                             build/obj/chregistry.o (symbol from plugin)
chRegFindThreadByPointer                          build/obj/chregistry.o (symbol from plugin)
chRegFindThreadByWorkingArea                      build/obj/chregistry.o (symbol from plugin)
chRegFirstThread                                  build/obj/chregistry.o (symbol from plugin)
chRegNextThread                                   build/obj/chregistry.o (symbol from plugin)
chSchDoReschedule                                 C:\Users\hunter\AppData\Local\Temp\ccxO8pMw.ltrans0.ltrans.o
                                                  build/obj/chschd.o (symbol from plugin)
                                                  build/obj/chcoreasm_v6m.o
chSchDoRescheduleAhead                            build/obj/chschd.o (symbol from plugin)
chSchDoRescheduleBehind                           build/obj/chschd.o (symbol from plugin)
                                                  build/obj/chthreads.o (symbol from plugin)
chSchGoSleepS                                     build/obj/chschd.o (symbol from plugin)
                                                  build/obj/rt_test_sequence_010.o (symbol from plugin)
                                                  build/obj/chmsg.o (symbol from plugin)
                                                  build/obj/chevents.o (symbol from plugin)
                                                  build/obj/chcond.o (symbol from plugin)
                                                  build/obj/chmtx.o (symbol from plugin)
                                                  build/obj/chsem.o (symbol from plugin)
                                                  build/obj/chthreads.o (symbol from plugin)
chSchGoSleepTimeoutS                              build/obj/chschd.o (symbol from plugin)
                                                  build/obj/chevents.o (symbol from plugin)
                                                  build/obj/chcond.o (symbol from plugin)
                                                  build/obj/chsem.o (symbol from plugin)
                                                  build/obj/chthreads.o (symbol from plugin)
chSchIsPreemptionRequired                         build/obj/chschd.o (symbol from plugin)
                                                  build/obj/chcore_v6m.o (symbol from plugin)
chSchReadyAheadI                                  build/obj/chschd.o (symbol from plugin)
chSchReadyI                                       build/obj/chschd.o (symbol from plugin)
                                                  build/obj/chmsg.o (symbol from plugin)
                                                  build/obj/chevents.o (symbol from plugin)
                                                  build/obj/chcond.o (symbol from plugin)
                                                  build/obj/chmtx.o (symbol from plugin)
                                                  build/obj/chsem.o (symbol from plugin)
                                                  build/obj/chthreads.o (symbol from plugin)
chSchRescheduleS                                  build/obj/chschd.o (symbol from plugin)
                                                  build/obj/rt_test_sequence_006.o (symbol from plugin)
                                                  build/obj/rt_test_sequence_005.o (symbol from plugin)
                                                  build/obj/rt_test_sequence_004.o (symbol from plugin)
                                                  build/obj/chmempools.o (symbol from plugin)
                                                  build/obj/chmboxes.o (symbol from plugin)
                                                  build/obj/chevents.o (symbol from plugin)
                                                  build/obj/chcond.o (symbol from plugin)
                                                  build/obj/chmtx.o (symbol from plugin)
                                                  build/obj/chsem.o (symbol from plugin)
                                                  build/obj/chthreads.o (symbol from plugin)
                                                  build/obj/chsys.o (symbol from plugin)
                                                  build/obj/hal_serial.o (symbol from plugin)
chSchWakeupS                                      build/obj/chschd.o (symbol from plugin)
                                                  build/obj/rt_test_sequence_010.o (symbol from plugin)
                                                  build/obj/chdynamic.o (symbol from plugin)
                                                  build/obj/chmsg.o (symbol from plugin)
                                                  build/obj/chcond.o (symbol from plugin)
                                                  build/obj/chsem.o (symbol from plugin)
                                                  build/obj/chthreads.o (symbol from plugin)
chSemAddCounterI                                  build/obj/chsem.o (symbol from plugin)
                                                  build/obj/rt_test_sequence_005.o (symbol from plugin)
chSemObjectInit                                   build/obj/chsem.o (symbol from plugin)
                                                  build/obj/rt_test_sequence_010.o (symbol from plugin)
                                                  build/obj/rt_test_sequence_005.o (symbol from plugin)
                                                  build/obj/chfactory.o (symbol from plugin)
                                                  build/obj/chmempools.o (symbol from plugin)
chSemReset                                        build/obj/chsem.o (symbol from plugin)
                                                  build/obj/rt_test_sequence_010.o (symbol from plugin)
                                                  build/obj/rt_test_sequence_005.o (symbol from plugin)
chSemResetI                                       build/obj/chsem.o (symbol from plugin)
chSemSignal                                       build/obj/chsem.o (symbol from plugin)
                                                  build/obj/rt_test_sequence_010.o (symbol from plugin)
                                                  build/obj/rt_test_sequence_005.o (symbol from plugin)
chSemSignalI                                      build/obj/chsem.o (symbol from plugin)
                                                  build/obj/rt_test_sequence_005.o (symbol from plugin)
                                                  build/obj/chmempools.o (symbol from plugin)
chSemSignalWait                                   build/obj/chsem.o (symbol from plugin)
                                                  build/obj/rt_test_sequence_005.o (symbol from plugin)
chSemWait                                         build/obj/chsem.o (symbol from plugin)
                                                  build/obj/rt_test_sequence_010.o (symbol from plugin)
                                                  build/obj/rt_test_sequence_005.o (symbol from plugin)
chSemWaitS                                        build/obj/chsem.o (symbol from plugin)
chSemWaitTimeout                                  build/obj/chsem.o (symbol from plugin)
                                                  build/obj/rt_test_sequence_005.o (symbol from plugin)
chSemWaitTimeoutS                                 build/obj/chsem.o (symbol from plugin)
                                                  build/obj/chmempools.o (symbol from plugin)
chSysGetStatusAndLockX                            build/obj/chsys.o (symbol from plugin)
                                                  build/obj/rt_test_sequence_002.o (symbol from plugin)
chSysHalt                                         build/obj/chsys.o (symbol from plugin)
chSysInit                                         build/obj/chsys.o (symbol from plugin)
                                                  build/obj/main.o (symbol from plugin)
chSysIntegrityCheckI                              build/obj/chsys.o (symbol from plugin)
                                                  build/obj/rt_test_sequence_002.o (symbol from plugin)
chSysRestoreStatusX                               build/obj/chsys.o (symbol from plugin)
                                                  build/obj/rt_test_sequence_002.o (symbol from plugin)
chSysTimerHandlerI                                build/obj/chsys.o (symbol from plugin)
                                                  build/obj/hal_st_lld.o (symbol from plugin)
chThdAddRef                                       build/obj/chthreads.o (symbol from plugin)
chThdCreate                                       build/obj/chthreads.o (symbol from plugin)
                                                  build/obj/chsys.o (symbol from plugin)
chThdCreateFromHeap                               build/obj/chdynamic.o (symbol from plugin)
                                                  build/obj/rt_test_sequence_009.o (symbol from plugin)
chThdCreateFromMemoryPool                         build/obj/chdynamic.o (symbol from plugin)
                                                  build/obj/rt_test_sequence_009.o (symbol from plugin)
chThdCreateI                                      build/obj/chthreads.o (symbol from plugin)
chThdCreateStatic                                 build/obj/chthreads.o (symbol from plugin)
                                                  build/obj/main.o (symbol from plugin)
                                                  build/obj/rt_test_sequence_010.o (symbol from plugin)
                                                  build/obj/rt_test_sequence_008.o (symbol from plugin)
                                                  build/obj/rt_test_sequence_007.o (symbol from plugin)
                                                  build/obj/rt_test_sequence_006.o (symbol from plugin)
                                                  build/obj/rt_test_sequence_005.o (symbol from plugin)
                                                  build/obj/rt_test_sequence_004.o (symbol from plugin)
                                                  build/obj/rt_test_sequence_003.o (symbol from plugin)
chThdCreateSuspended                              build/obj/chthreads.o (symbol from plugin)
chThdCreateSuspendedI                             build/obj/chthreads.o (symbol from plugin)
                                                  build/obj/chdynamic.o (symbol from plugin)
chThdDequeueAllI                                  build/obj/chthreads.o (symbol from plugin)
                                                  build/obj/chmboxes.o (symbol from plugin)
                                                  build/obj/hal_queues.o (symbol from plugin)
                                                  build/obj/hal_buffers.o (symbol from plugin)
chThdDequeueNextI                                 build/obj/chthreads.o (symbol from plugin)
                                                  build/obj/chmboxes.o (symbol from plugin)
                                                  build/obj/hal_queues.o (symbol from plugin)
                                                  build/obj/hal_buffers.o (symbol from plugin)
chThdEnqueueTimeoutS                              build/obj/chthreads.o (symbol from plugin)
                                                  build/obj/chmboxes.o (symbol from plugin)
                                                  build/obj/hal_queues.o (symbol from plugin)
                                                  build/obj/hal_buffers.o (symbol from plugin)
chThdExit                                         C:\Users\hunter\AppData\Local\Temp\ccxO8pMw.ltrans0.ltrans.o
                                                  build/obj/chthreads.o (symbol from plugin)
                                                  build/obj/rt_test_sequence_010.o (symbol from plugin)
                                                  build/obj/chcoreasm_v6m.o
chThdExitS                                        build/obj/chthreads.o (symbol from plugin)
chThdRelease                                      build/obj/chthreads.o (symbol from plugin)
                                                  build/obj/rt_test_sequence_010.o (symbol from plugin)
                                                  build/obj/chregistry.o (symbol from plugin)
chThdResume                                       build/obj/chthreads.o (symbol from plugin)
chThdResumeI                                      build/obj/chthreads.o (symbol from plugin)
                                                  build/obj/rt_test_sequence_004.o (symbol from plugin)
                                                  build/obj/hal_i2c_lld.o (symbol from plugin)
chThdResumeS                                      build/obj/chthreads.o (symbol from plugin)
chThdSetPriority                                  build/obj/chthreads.o (symbol from plugin)
                                                  build/obj/rt_test_sequence_003.o (symbol from plugin)
chThdSleep                                        build/obj/chthreads.o (symbol from plugin)
                                                  build/obj/main.o (symbol from plugin)
                                                  build/obj/rt_test_sequence_010.o (symbol from plugin)
                                                  build/obj/rt_test_sequence_008.o (symbol from plugin)
                                                  build/obj/rt_test_sequence_006.o (symbol from plugin)
                                                  build/obj/rt_test_sequence_005.o (symbol from plugin)
                                                  build/obj/rt_test_sequence_003.o (symbol from plugin)
                                                  build/obj/rt_test_sequence_002.o (symbol from plugin)
                                                  build/obj/rt_test_root.o (symbol from plugin)
                                                  build/obj/ch_test.o (symbol from plugin)