Archive member included to satisfy reference by file (symbol)

c:/chibistudio/tools/gnu tools arm embedded/7.0 2017q4/bin/../lib/gcc/arm-none-eabi/7.2.1/../../../../arm-none-eabi/lib/thumb/v6-m\libm.a(lib_a-w_atan2.o)
                              C:\Users\hunter\AppData\Local\Temp\ccI0rRJE.ltrans0.ltrans.o (atan2)
c:/chibistudio/tools/gnu tools arm embedded/7.0 2017q4/bin/../lib/gcc/arm-none-eabi/7.2.1/../../../../arm-none-eabi/lib/thumb/v6-m\libm.a(lib_a-w_sqrt.o)
                              C:\Users\hunter\AppData\Local\Temp\ccI0rRJE.ltrans0.ltrans.o (sqrt)
c:/chibistudio/tools/gnu tools arm embedded/7.0 2017q4/bin/../lib/gcc/arm-none-eabi/7.2.1/../../../../arm-none-eabi/lib/thumb/v6-m\libm.a(lib_a-e_atan2.o)
                              c:/chibistudio/tools/gnu tools arm embedded/7.0 2017q4/bin/../lib/gcc/arm-none-eabi/7.2.1/../../../../arm-none-eabi/lib/thumb/v6-m\libm.a(lib_a-w_atan2.o) (__ieee754_atan2)
c:/chibistudio/tools/gnu tools arm embedded/7.0 2017q4/bin/../lib/gcc/arm-none-eabi/7.2.1/../../../../arm-none-eabi/lib/thumb/v6-m\libm.a(lib_a-e_sqrt.o)
                              c:/chibistudio/tools/gnu tools arm embedded/7.0 2017q4/bin/../lib/gcc/arm-none-eabi/7.2.1/../../../../arm-none-eabi/lib/thumb/v6-m\libm.a(lib_a-w_sqrt.o) (__ieee754_sqrt)
c:/chibistudio/tools/gnu tools arm embedded/7.0 2017q4/bin/../lib/gcc/arm-none-eabi/7.2.1/../../../../arm-none-eabi/lib/thumb/v6-m\libm.a(lib_a-s_atan.o)
                              c:/chibistudio/tools/gnu tools arm embedded/7.0 2017q4/bin/../lib/gcc/arm-none-eabi/7.2.1/../../../../arm-none-eabi/lib/thumb/v6-m\libm.a(lib_a-e_atan2.o) (atan)
c:/chibistudio/tools/gnu tools arm embedded/7.0 2017q4/bin/../lib/gcc/arm-none-eabi/7.2.1/../../../../arm-none-eabi/lib/thumb/v6-m\libm.a(lib_a-s_fabs.o)
                              c:/chibistudio/tools/gnu tools arm embedded/7.0 2017q4/bin/../lib/gcc/arm-none-eabi/7.2.1/../../../../arm-none-eabi/lib/thumb/v6-m\libm.a(lib_a-e_atan2.o) (fabs)
c:/chibistudio/tools/gnu tools arm embedded/7.0 2017q4/bin/../lib/gcc/arm-none-eabi/7.2.1/../../../../arm-none-eabi/lib/thumb/v6-m\libm.a(lib_a-s_lib_ver.o)
                              c:/chibistudio/tools/gnu tools arm embedded/7.0 2017q4/bin/../lib/gcc/arm-none-eabi/7.2.1/../../../../arm-none-eabi/lib/thumb/v6-m\libm.a(lib_a-w_sqrt.o) (__fdlib_version)
c:/chibistudio/tools/gnu tools arm embedded/7.0 2017q4/bin/../lib/gcc/arm-none-eabi/7.2.1/../../../../arm-none-eabi/lib/thumb/v6-m\libm.a(lib_a-s_matherr.o)
                              c:/chibistudio/tools/gnu tools arm embedded/7.0 2017q4/bin/../lib/gcc/arm-none-eabi/7.2.1/../../../../arm-none-eabi/lib/thumb/v6-m\libm.a(lib_a-w_sqrt.o) (matherr)
c:/chibistudio/tools/gnu tools arm embedded/7.0 2017q4/bin/../lib/gcc/arm-none-eabi/7.2.1/thumb/v6-m\libgcc.a(_udivsi3.o)
                              C:\Users\hunter\AppData\Local\Temp\ccI0rRJE.ltrans0.ltrans.o (__aeabi_uidiv)
c:/chibistudio/tools/gnu tools arm embedded/7.0 2017q4/bin/../lib/gcc/arm-none-eabi/7.2.1/thumb/v6-m\libgcc.a(_dvmd_tls.o)
                              c:/chibistudio/tools/gnu tools arm embedded/7.0 2017q4/bin/../lib/gcc/arm-none-eabi/7.2.1/thumb/v6-m\libgcc.a(_udivsi3.o) (__aeabi_idiv0)
c:/chibistudio/tools/gnu tools arm embedded/7.0 2017q4/bin/../lib/gcc/arm-none-eabi/7.2.1/thumb/v6-m\libgcc.a(_arm_cmpdf2.o)
                              c:/chibistudio/tools/gnu tools arm embedded/7.0 2017q4/bin/../lib/gcc/arm-none-eabi/7.2.1/../../../../arm-none-eabi/lib/thumb/v6-m\libm.a(lib_a-w_sqrt.o) (__aeabi_dcmplt)
c:/chibistudio/tools/gnu tools arm embedded/7.0 2017q4/bin/../lib/gcc/arm-none-eabi/7.2.1/thumb/v6-m\libgcc.a(_aeabi_ldivmod.o)
                              C:\Users\hunter\AppData\Local\Temp\ccI0rRJE.ltrans0.ltrans.o (__aeabi_ldivmod)
c:/chibistudio/tools/gnu tools arm embedded/7.0 2017q4/bin/../lib/gcc/arm-none-eabi/7.2.1/thumb/v6-m\libgcc.a(_aeabi_uldivmod.o)
                              C:\Users\hunter\AppData\Local\Temp\ccI0rRJE.ltrans0.ltrans.o (__aeabi_uldivmod)
c:/chibistudio/tools/gnu tools arm embedded/7.0 2017q4/bin/../lib/gcc/arm-none-eabi/7.2.1/thumb/v6-m\libgcc.a(_muldi3.o)
                              C:\Users\hunter\AppData\Local\Temp\ccI0rRJE.ltrans0.ltrans.o (__aeabi_lmul)
c:/chibistudio/tools/gnu tools arm embedded/7.0 2017q4/bin/../lib/gcc/arm-none-eabi/7.2.1/thumb/v6-m\libgcc.a(_fixunssfsi.o)
                              C:\Users\hunter\AppData\Local\Temp\ccI0rRJE.ltrans0.ltrans.o (__aeabi_f2uiz)
c:/chibistudio/tools/gnu tools arm embedded/7.0 2017q4/bin/../lib/gcc/arm-none-eabi/7.2.1/thumb/v6-m\libgcc.a(_udivmoddi4.o)
                              c:/chibistudio/tools/gnu tools arm embedded/7.0 2017q4/bin/../lib/gcc/arm-none-eabi/7.2.1/thumb/v6-m\libgcc.a(_aeabi_uldivmod.o) (__udivmoddi4)
c:/chibistudio/tools/gnu tools arm embedded/7.0 2017q4/bin/../lib/gcc/arm-none-eabi/7.2.1/thumb/v6-m\libgcc.a(bpabi.o)
[...]
Memory Configuration

Name             Origin             Length             Attributes
flash0           0x08000000         0x00010000
flash1           0x00000000         0x00000000
flash2           0x00000000         0x00000000
flash3           0x00000000         0x00000000
flash4           0x00000000         0x00000000
flash5           0x00000000         0x00000000
flash6           0x00000000         0x00000000
flash7           0x00000000         0x00000000
ram0             0x20000000         0x00002000
ram1             0x00000000         0x00000000
ram2             0x00000000         0x00000000
ram3             0x00000000         0x00000000
ram4             0x00000000         0x00000000
ram5             0x00000000         0x00000000
ram6             0x00000000         0x00000000
ram7             0x00000000         0x00000000
*default*        0x00000000         0xffffffff

Linker script and memory map

LOAD build/obj/crt0_v6m.o
LOAD build/obj/vectors.o
LOAD build/obj/chcoreasm_v6m.o
LOAD C:\Users\hunter\AppData\Local\Temp\ccI0rRJE.ltrans0.ltrans.o

.mstack         0x20000000      0x200
                0x20000000                . = ALIGN (0x8)
                0x20000000                __main_stack_base__ = .
                0x20000200                . = (. + __main_stack_size__)
 *fill*         0x20000000      0x200 
                0x20000200                . = ALIGN (0x8)
                0x20000200                __main_stack_end__ = .

.pstack         0x20000200      0x200
                0x20000200                __process_stack_base__ = .
                0x20000200                __main_thread_stack_base__ = .
                0x20000400                . = (. + __process_stack_size__)
 *fill*         0x20000200      0x200 
                0x20000400                . = ALIGN (0x8)
                0x20000400                __process_stack_end__ = .
                0x20000400                __main_thread_stack_end__ = .

.vectors        0x08000000       0xc0
 *(.vectors)
 .vectors       0x08000000       0xc0 build/obj/vectors.o
                0x08000000                _vectors

.xtors          0x080000c0        0x0
                0x080000c0                __init_array_start = .
 *(SORT_BY_NAME(.init_array.*))
 *(.init_array)
                0x080000c0                __init_array_end = .
                0x080000c0                __fini_array_start = .
 *(.fini_array)
 *(SORT_BY_NAME(.fini_array.*))
                0x080000c0                __fini_array_end = .

.text           0x080000c0     0x4f5c
 *(.text)
 .text          0x080000c0       0xd0 build/obj/crt0_v6m.o
                0x080000c0                _crt0_entry
 .text          0x08000190        0x8 build/obj/vectors.o
                0x08000190                Reset_Handler
                0x08000192                DebugMon_Handler
                0x08000192                Vector5C
                0x08000192                HardFault_Handler
                0x08000192                Vector8C
                0x08000192                SysTick_Handler
                0x08000192                PendSV_Handler
                0x08000192                Vector94
                0x08000192                VectorA8
                0x08000192                VectorB4
                0x08000192                Vector74
                0x08000192                UsageFault_Handler
                0x08000192                Vector40
                0x08000192                VectorBC
                0x08000192                Vector58
                0x08000192                Vector54
                0x08000192                Vector98
                0x08000192                Vector24
                0x08000192                Vector84
                0x08000192                MemManage_Handler
                0x08000192                VectorA0
                0x08000192                SVC_Handler
                0x08000192                VectorB0
                0x08000192                Vector90
                0x08000192                Vector60
                0x08000192                Vector1C
                0x08000192                Vector48
                0x08000192                Vector70
                0x08000192                Vector4C
                0x08000192                Vector80
                0x08000192                Vector78
                0x08000192                VectorA4
                0x08000192                Vector88
                0x08000192                BusFault_Handler
                0x08000192                Vector50
                0x08000192                Vector44
                0x08000192                Vector28
                0x08000192                VectorB8
                0x08000192                Vector34
                0x08000192                Vector20
                0x08000196                _unhandled_exception
 .text          0x08000198       0x40 build/obj/chcoreasm_v6m.o
                0x08000198                _port_switch
                0x080001b8                _port_thread_start
                0x080001c4                _port_switch_from_isr
                0x080001c8                _port_exit_from_isr
 .text          0x080001d8      0x114 c:/chibistudio/tools/gnu tools arm embedded/7.0 2017q4/bin/../lib/gcc/arm-none-eabi/7.2.1/thumb/v6-m\libgcc.a(_udivsi3.o)
                0x080001d8                __aeabi_uidiv
                0x080001d8                __udivsi3
                0x080002e4                __aeabi_uidivmod
 .text          0x080002ec        0x4 c:/chibistudio/tools/gnu tools arm embedded/7.0 2017q4/bin/../lib/gcc/arm-none-eabi/7.2.1/thumb/v6-m\libgcc.a(_dvmd_tls.o)
                0x080002ec                __aeabi_idiv0
                0x080002ec                __aeabi_ldiv0
 .text          0x080002f0       0x7c c:/chibistudio/tools/gnu tools arm embedded/7.0 2017q4/bin/../lib/gcc/arm-none-eabi/7.2.1/thumb/v6-m\libgcc.a(_arm_cmpdf2.o)
                0x080002f0                __aeabi_cdrcmple
                0x08000300                __aeabi_cdcmple
                0x08000300                __aeabi_cdcmpeq
                0x08000310                __aeabi_dcmpeq
                0x0800031c                __aeabi_dcmplt
                0x08000330                __aeabi_dcmple
                0x08000344                __aeabi_dcmpgt
                0x08000358                __aeabi_dcmpge
 .text          0x0800036c       0x40 c:/chibistudio/tools/gnu tools arm embedded/7.0 2017q4/bin/../lib/gcc/arm-none-eabi/7.2.1/thumb/v6-m\libgcc.a(_aeabi_uldivmod.o)
                0x0800036c                __aeabi_uldivmod
 .text          0x080003ac       0x54 c:/chibistudio/tools/gnu tools arm embedded/7.0 2017q4/bin/../lib/gcc/arm-none-eabi/7.2.1/thumb/v6-m\libgcc.a(_muldi3.o)
                0x080003ac                __muldi3
                0x080003ac                __aeabi_lmul
 .text          0x08000400       0x30 c:/chibistudio/tools/gnu tools arm embedded/7.0 2017q4/bin/../lib/gcc/arm-none-eabi/7.2.1/thumb/v6-m\libgcc.a(_fixunssfsi.o)
                0x08000400                __fixunssfsi
                0x08000400                __aeabi_f2uiz
 .text          0x08000430      0x184 c:/chibistudio/tools/gnu tools arm embedded/7.0 2017q4/bin/../lib/gcc/arm-none-eabi/7.2.1/thumb/v6-m\libgcc.a(_udivmoddi4.o)
                0x08000430                __udivmoddi4
 .text          0x080005b4      0x334 c:/chibistudio/tools/gnu tools arm embedded/7.0 2017q4/bin/../lib/gcc/arm-none-eabi/7.2.1/thumb/v6-m\libgcc.a(addsf3.o)
                0x080005b4                __aeabi_fadd
 .text          0x080008e8      0x224 c:/chibistudio/tools/gnu tools arm embedded/7.0 2017q4/bin/../lib/gcc/arm-none-eabi/7.2.1/thumb/v6-m\libgcc.a(divsf3.o)
                0x080008e8                __aeabi_fdiv
 .text          0x08000b0c      0x264 c:/chibistudio/tools/gnu tools arm embedded/7.0 2017q4/bin/../lib/gcc/arm-none-eabi/7.2.1/thumb/v6-m\libgcc.a(mulsf3.o)
                0x08000b0c                __aeabi_fmul
 .text          0x08000d70      0x388 c:/chibistudio/tools/gnu tools arm embedded/7.0 2017q4/bin/../lib/gcc/arm-none-eabi/7.2.1/thumb/v6-m\libgcc.a(subsf3.o)
                0x08000d70                __aeabi_fsub
 .text          0x080010f8       0x40 c:/chibistudio/tools/gnu tools arm embedded/7.0 2017q4/bin/../lib/gcc/arm-none-eabi/7.2.1/thumb/v6-m\libgcc.a(fixsfsi.o)
                0x080010f8                __aeabi_f2iz
 .text          0x08001138      0x638 c:/chibistudio/tools/gnu tools arm embedded/7.0 2017q4/bin/../lib/gcc/arm-none-eabi/7.2.1/thumb/v6-m\libgcc.a(adddf3.o)
                0x08001138                __aeabi_dadd
 .text          0x08001770      0x604 c:/chibistudio/tools/gnu tools arm embedded/7.0 2017q4/bin/../lib/gcc/arm-none-eabi/7.2.1/thumb/v6-m\libgcc.a(divdf3.o)
                0x08001770                __aeabi_ddiv
 .text          0x08001d74       0x78 c:/chibistudio/tools/gnu tools arm embedded/7.0 2017q4/bin/../lib/gcc/arm-none-eabi/7.2.1/thumb/v6-m\libgcc.a(eqdf2.o)
                0x08001d74                __nedf2
                0x08001d74                __eqdf2
 .text          0x08001dec       0xc8 c:/chibistudio/tools/gnu tools arm embedded/7.0 2017q4/bin/../lib/gcc/arm-none-eabi/7.2.1/thumb/v6-m\libgcc.a(gedf2.o)
                0x08001dec                __gedf2
                0x08001dec                __gtdf2
 .text          0x08001eb4       0xd0 c:/chibistudio/tools/gnu tools arm embedded/7.0 2017q4/bin/../lib/gcc/arm-none-eabi/7.2.1/thumb/v6-m\libgcc.a(ledf2.o)
                0x08001eb4                __ledf2
                0x08001eb4                __ltdf2
 .text          0x08001f84      0x4e4 c:/chibistudio/tools/gnu tools arm embedded/7.0 2017q4/bin/../lib/gcc/arm-none-eabi/7.2.1/thumb/v6-m\libgcc.a(muldf3.o)
                0x08001f84                __aeabi_dmul
 .text          0x08002468      0x690 c:/chibistudio/tools/gnu tools arm embedded/7.0 2017q4/bin/../lib/gcc/arm-none-eabi/7.2.1/thumb/v6-m\libgcc.a(subdf3.o)
                0x08002468                __aeabi_dsub
 .text          0x08002af8       0x38 c:/chibistudio/tools/gnu tools arm embedded/7.0 2017q4/bin/../lib/gcc/arm-none-eabi/7.2.1/thumb/v6-m\libgcc.a(unorddf2.o)
                0x08002af8                __aeabi_dcmpun
 .text          0x08002b30       0x74 c:/chibistudio/tools/gnu tools arm embedded/7.0 2017q4/bin/../lib/gcc/arm-none-eabi/7.2.1/thumb/v6-m\libgcc.a(floatsidf.o)
                0x08002b30                __aeabi_i2d
 .text          0x08002ba4       0xa4 c:/chibistudio/tools/gnu tools arm embedded/7.0 2017q4/bin/../lib/gcc/arm-none-eabi/7.2.1/thumb/v6-m\libgcc.a(extendsfdf2.o)
                0x08002ba4                __aeabi_f2d
 .text          0x08002c48      0x108 c:/chibistudio/tools/gnu tools arm embedded/7.0 2017q4/bin/../lib/gcc/arm-none-eabi/7.2.1/thumb/v6-m\libgcc.a(truncdfsf2.o)
                0x08002c48                __aeabi_d2f
 .text          0x08002d50       0x74 c:/chibistudio/tools/gnu tools arm embedded/7.0 2017q4/bin/../lib/gcc/arm-none-eabi/7.2.1/thumb/v6-m\libgcc.a(_arm_cmpsf2.o)
                0x08002d50                __aeabi_cfrcmple
                0x08002d58                __aeabi_cfcmpeq
                0x08002d58                __aeabi_cfcmple
                0x08002d68                __aeabi_fcmpeq
                0x08002d74                __aeabi_fcmplt
                0x08002d88                __aeabi_fcmple
                0x08002d9c                __aeabi_fcmpgt
                0x08002db0                __aeabi_fcmpge
 .text          0x08002dc4       0x3c c:/chibistudio/tools/gnu tools arm embedded/7.0 2017q4/bin/../lib/gcc/arm-none-eabi/7.2.1/thumb/v6-m\libgcc.a(_clzsi2.o)
                0x08002dc4                __clzsi2
 .text          0x08002e00       0x18 c:/chibistudio/tools/gnu tools arm embedded/7.0 2017q4/bin/../lib/gcc/arm-none-eabi/7.2.1/thumb/v6-m\libgcc.a(_clzdi2.o)
                0x08002e00                __clzdi2
 .text          0x08002e18       0x50 c:/chibistudio/tools/gnu tools arm embedded/7.0 2017q4/bin/../lib/gcc/arm-none-eabi/7.2.1/thumb/v6-m\libgcc.a(eqsf2.o)
                0x08002e18                __eqsf2
                0x08002e18                __nesf2
 .text          0x08002e68       0x9c c:/chibistudio/tools/gnu tools arm embedded/7.0 2017q4/bin/../lib/gcc/arm-none-eabi/7.2.1/thumb/v6-m\libgcc.a(gesf2.o)
                0x08002e68                __gesf2
                0x08002e68                __gtsf2
 .text          0x08002f04       0xa0 c:/chibistudio/tools/gnu tools arm embedded/7.0 2017q4/bin/../lib/gcc/arm-none-eabi/7.2.1/thumb/v6-m\libgcc.a(lesf2.o)
                0x08002f04                __ltsf2
                0x08002f04                __lesf2
 *(.text.*)
 *fill*         0x08002fa4        0xc 
 .text.chCoreAllocAlignedWithOffset
                0x08002fb0       0x34 C:\Users\hunter\AppData\Local\Temp\ccI0rRJE.ltrans0.ltrans.o
 *fill*         0x08002fe4        0xc 
 .text.notify1  0x08002ff0       0x10 C:\Users\hunter\AppData\Local\Temp\ccI0rRJE.ltrans0.ltrans.o
 .text._port_irq_epilogue.part.0
                0x08003000       0x38 C:\Users\hunter\AppData\Local\Temp\ccI0rRJE.ltrans0.ltrans.o
 *fill*         0x08003038        0x8 
 .text.chCoreAllocAlignedI
                0x08003040       0x30 C:\Users\hunter\AppData\Local\Temp\ccI0rRJE.ltrans0.ltrans.o
 .text.wakeup   0x08003070       0x5c C:\Users\hunter\AppData\Local\Temp\ccI0rRJE.ltrans0.ltrans.o
 *fill*         0x080030cc        0x4 
 .text.chSchReadyI
                0x080030d0       0x24 C:\Users\hunter\AppData\Local\Temp\ccI0rRJE.ltrans0.ltrans.o
 *fill*         0x080030f4        0xc 
 .text.chEvtBroadcastFlagsI.constprop.13
                0x08003100       0x6c C:\Users\hunter\AppData\Local\Temp\ccI0rRJE.ltrans0.ltrans.o
 *fill*         0x0800316c        0x4 
 .text._idle_thread
                0x08003170        0x4 C:\Users\hunter\AppData\Local\Temp\ccI0rRJE.ltrans0.ltrans.o
 *fill*         0x08003174        0xc 
 .text._pal_lld_setgroupmode
                0x08003180       0xd0 C:\Users\hunter\AppData\Local\Temp\ccI0rRJE.ltrans0.ltrans.o
 .text._ctl     0x08003250        0x4 C:\Users\hunter\AppData\Local\Temp\ccI0rRJE.ltrans0.ltrans.o
 *fill*         0x08003254        0xc 
 .text.dmaStreamAllocate.constprop.22
                0x08003260       0x64 C:\Users\hunter\AppData\Local\Temp\ccI0rRJE.ltrans0.ltrans.o
 *fill*         0x080032c4        0xc 
 .text.chSchWakeupS.constprop.7
                0x080032d0       0x54 C:\Users\hunter\AppData\Local\Temp\ccI0rRJE.ltrans0.ltrans.o
 *fill*         0x08003324        0xc 
 .text.chSchGoSleepS
                0x08003330       0x24 C:\Users\hunter\AppData\Local\Temp\ccI0rRJE.ltrans0.ltrans.o
 *fill*         0x08003354        0xc 
 .text.chSchGoSleepTimeoutS
                0x08003360      0x11c C:\Users\hunter\AppData\Local\Temp\ccI0rRJE.ltrans0.ltrans.o
 *fill*         0x0800347c        0x4 
 .text.i2cMasterTransmitTimeout.constprop.17
                0x08003480      0x104 C:\Users\hunter\AppData\Local\Temp\ccI0rRJE.ltrans0.ltrans.o
 *fill*         0x08003584        0xc 
 .text.chThdEnqueueTimeoutS
                0x08003590       0x28 C:\Users\hunter\AppData\Local\Temp\ccI0rRJE.ltrans0.ltrans.o
 *fill*         0x080035b8        0x8 
 .text.oqPutTimeout
                0x080035c0       0x4c C:\Users\hunter\AppData\Local\Temp\ccI0rRJE.ltrans0.ltrans.o
 *fill*         0x0800360c        0x4 
 .text._putt    0x08003610        0xc C:\Users\hunter\AppData\Local\Temp\ccI0rRJE.ltrans0.ltrans.o
 *fill*         0x0800361c        0x4 
 .text._put     0x08003620       0x10 C:\Users\hunter\AppData\Local\Temp\ccI0rRJE.ltrans0.ltrans.o
 .text.iqGetTimeout
                0x08003630       0x48 C:\Users\hunter\AppData\Local\Temp\ccI0rRJE.ltrans0.ltrans.o
 *fill*         0x08003678        0x8 
 .text._gett    0x08003680        0xc C:\Users\hunter\AppData\Local\Temp\ccI0rRJE.ltrans0.ltrans.o
 *fill*         0x0800368c        0x4 
 .text._get     0x08003690       0x10 C:\Users\hunter\AppData\Local\Temp\ccI0rRJE.ltrans0.ltrans.o
 .text.ThreadIMU
                0x080036a0      0x270 C:\Users\hunter\AppData\Local\Temp\ccI0rRJE.ltrans0.ltrans.o
 .text.oqWriteTimeout
                0x08003910       0xb8 C:\Users\hunter\AppData\Local\Temp\ccI0rRJE.ltrans0.ltrans.o
 *fill*         0x080039c8        0x8 
 .text._writet  0x080039d0        0xc C:\Users\hunter\AppData\Local\Temp\ccI0rRJE.ltrans0.ltrans.o
 *fill*         0x080039dc        0x4 
 .text._write   0x080039e0       0x10 C:\Users\hunter\AppData\Local\Temp\ccI0rRJE.ltrans0.ltrans.o
 .text.iqReadTimeout
                0x080039f0       0xb8 C:\Users\hunter\AppData\Local\Temp\ccI0rRJE.ltrans0.ltrans.o
 *fill*         0x08003aa8        0x8 
 .text._readt   0x08003ab0        0xc C:\Users\hunter\AppData\Local\Temp\ccI0rRJE.ltrans0.ltrans.o
 *fill*         0x08003abc        0x4 
 .text._read    0x08003ac0       0x10 C:\Users\hunter\AppData\Local\Temp\ccI0rRJE.ltrans0.ltrans.o
 .text.startup.main
                0x08003ad0      0x598 C:\Users\hunter\AppData\Local\Temp\ccI0rRJE.ltrans0.ltrans.o
                0x08003ad0                main
 *fill*         0x08004068        0x8 
 .text.NMI_Handler
                0x08004070       0x10 C:\Users\hunter\AppData\Local\Temp\ccI0rRJE.ltrans0.ltrans.o
                0x08004070                NMI_Handler
 .text.chThdExit
                0x08004080       0x48 C:\Users\hunter\AppData\Local\Temp\ccI0rRJE.ltrans0.ltrans.o
                0x08004080                chThdExit
 *fill*         0x080040c8        0x8 
 .text.chSchDoReschedule
                0x080040d0       0x3c C:\Users\hunter\AppData\Local\Temp\ccI0rRJE.ltrans0.ltrans.o
                0x080040d0                chSchDoReschedule
 *fill*         0x0800410c        0x4 
 .text.__early_init
                0x08004110      0x154 C:\Users\hunter\AppData\Local\Temp\ccI0rRJE.ltrans0.ltrans.o
                0x08004110                __early_init
 *fill*         0x08004264        0xc 
 .text.VectorAC
                0x08004270      0x16c C:\Users\hunter\AppData\Local\Temp\ccI0rRJE.ltrans0.ltrans.o
                0x08004270                VectorAC
 *fill*         0x080043dc        0x4 
 .text.Vector7C
                0x080043e0       0xa0 C:\Users\hunter\AppData\Local\Temp\ccI0rRJE.ltrans0.ltrans.o
                0x080043e0                Vector7C
 .text.Vector9C
                0x08004480      0x234 C:\Users\hunter\AppData\Local\Temp\ccI0rRJE.ltrans0.ltrans.o
                0x08004480                Vector9C
 *fill*         0x080046b4        0xc 
 .text.Vector64
                0x080046c0       0x38 C:\Users\hunter\AppData\Local\Temp\ccI0rRJE.ltrans0.ltrans.o
                0x080046c0                Vector64
 *fill*         0x080046f8        0x8 
 .text.Vector6C
                0x08004700       0x64 C:\Users\hunter\AppData\Local\Temp\ccI0rRJE.ltrans0.ltrans.o
                0x08004700                Vector6C
 *fill*         0x08004764        0xc 
 .text.Vector68
                0x08004770       0x64 C:\Users\hunter\AppData\Local\Temp\ccI0rRJE.ltrans0.ltrans.o
                0x08004770                Vector68
 *fill*         0x080047d4        0xc 
 .text.__init_ram_areas
                0x080047e0       0x60 C:\Users\hunter\AppData\Local\Temp\ccI0rRJE.ltrans0.ltrans.o
                0x080047e0                __init_ram_areas
 .text.__default_exit
                0x08004840        0x4 C:\Users\hunter\AppData\Local\Temp\ccI0rRJE.ltrans0.ltrans.o
                0x08004840                __default_exit
 *fill*         0x08004844        0xc 
 .text.__late_init
                0x08004850        0x4 C:\Users\hunter\AppData\Local\Temp\ccI0rRJE.ltrans0.ltrans.o
                0x08004850                __late_init
 *fill*         0x08004854        0xc 
 .text.__core_init
                0x08004860        0x4 C:\Users\hunter\AppData\Local\Temp\ccI0rRJE.ltrans0.ltrans.o
                0x08004860                __core_init
 .text.atan2    0x08004864        0x8 c:/chibistudio/tools/gnu tools arm embedded/7.0 2017q4/bin/../lib/gcc/arm-none-eabi/7.2.1/../../../../arm-none-eabi/lib/thumb/v6-m\libm.a(lib_a-w_atan2.o)
                0x08004864                atan2
 .text.sqrt     0x0800486c       0xc0 c:/chibistudio/tools/gnu tools arm embedded/7.0 2017q4/bin/../lib/gcc/arm-none-eabi/7.2.1/../../../../arm-none-eabi/lib/thumb/v6-m\libm.a(lib_a-w_sqrt.o)
                0x0800486c                sqrt
 .text.__ieee754_atan2
                0x0800492c      0x178 c:/chibistudio/tools/gnu tools arm embedded/7.0 2017q4/bin/../lib/gcc/arm-none-eabi/7.2.1/../../../../arm-none-eabi/lib/thumb/v6-m\libm.a(lib_a-e_atan2.o)
                0x0800492c                __ieee754_atan2
 .text.__ieee754_sqrt
                0x08004aa4      0x1b0 c:/chibistudio/tools/gnu tools arm embedded/7.0 2017q4/bin/../lib/gcc/arm-none-eabi/7.2.1/../../../../arm-none-eabi/lib/thumb/v6-m\libm.a(lib_a-e_sqrt.o)
                0x08004aa4                __ieee754_sqrt
 .text.atan     0x08004c54      0x328 c:/chibistudio/tools/gnu tools arm embedded/7.0 2017q4/bin/../lib/gcc/arm-none-eabi/7.2.1/../../../../arm-none-eabi/lib/thumb/v6-m\libm.a(lib_a-s_atan.o)
                0x08004c54                atan
 .text.fabs     0x08004f7c        0x8 c:/chibistudio/tools/gnu tools arm embedded/7.0 2017q4/bin/../lib/gcc/arm-none-eabi/7.2.1/../../../../arm-none-eabi/lib/thumb/v6-m\libm.a(lib_a-s_fabs.o)
                0x08004f7c                fabs
 .text.matherr  0x08004f84        0x4 c:/chibistudio/tools/gnu tools arm embedded/7.0 2017q4/bin/../lib/gcc/arm-none-eabi/7.2.1/../../../../arm-none-eabi/lib/thumb/v6-m\libm.a(lib_a-s_matherr.o)
                0x08004f84                matherr
 .text.__errno  0x08004f88        0xc c:/chibistudio/tools/gnu tools arm embedded/7.0 2017q4/bin/../lib/gcc/arm-none-eabi/7.2.1/../../../../arm-none-eabi/lib/thumb/v6-m\libg.a(lib_a-errno.o)
                0x08004f88                __errno
 .text.memcpy   0x08004f94       0x88 c:/chibistudio/tools/gnu tools arm embedded/7.0 2017q4/bin/../lib/gcc/arm-none-eabi/7.2.1/../../../../arm-none-eabi/lib/thumb/v6-m\libg.a(lib_a-memcpy-stub.o)
                0x08004f94                memcpy
 *(.glue_7t)
 .glue_7t       0x0800501c        0x0 linker stubs
 *(.glue_7)
 .glue_7        0x0800501c        0x0 linker stubs
 *(.gcc*)

.vfp11_veneer   0x0800501c        0x0
 .vfp11_veneer  0x0800501c        0x0 linker stubs

.v4_bx          0x0800501c        0x0
 .v4_bx         0x0800501c        0x0 linker stubs

.iplt           0x0800501c        0x0
 .iplt          0x0800501c        0x0 build/obj/crt0_v6m.o

.rodata         0x08005020      0x2f0
                0x08005020                . = ALIGN (0x4)
                0x08005020                __rodata_base__ = .
 *(.rodata)
 .rodata        0x08005020       0x80 c:/chibistudio/tools/gnu tools arm embedded/7.0 2017q4/bin/../lib/gcc/arm-none-eabi/7.2.1/thumb/v6-m\libgcc.a(divsf3.o)
 .rodata        0x080050a0       0x40 c:/chibistudio/tools/gnu tools arm embedded/7.0 2017q4/bin/../lib/gcc/arm-none-eabi/7.2.1/thumb/v6-m\libgcc.a(mulsf3.o)
 .rodata        0x080050e0       0x40 c:/chibistudio/tools/gnu tools arm embedded/7.0 2017q4/bin/../lib/gcc/arm-none-eabi/7.2.1/thumb/v6-m\libgcc.a(divdf3.o)
 .rodata        0x08005120       0x40 c:/chibistudio/tools/gnu tools arm embedded/7.0 2017q4/bin/../lib/gcc/arm-none-eabi/7.2.1/thumb/v6-m\libgcc.a(muldf3.o)
 *(.rodata.*)
 .rodata.wakeup
                0x08005160       0x20 C:\Users\hunter\AppData\Local\Temp\ccI0rRJE.ltrans0.ltrans.o
 .rodata.ThreadIMU.str1.4
                0x08005180        0x4 C:\Users\hunter\AppData\Local\Temp\ccI0rRJE.ltrans0.ltrans.o
 .rodata._stm32_dma_streams
                0x08005184       0x64 C:\Users\hunter\AppData\Local\Temp\ccI0rRJE.ltrans0.ltrans.o
 .rodata.ch_debug
                0x080051e8       0x16 C:\Users\hunter\AppData\Local\Temp\ccI0rRJE.ltrans0.ltrans.o
 *fill*         0x080051fe        0x2 
 .rodata.i2cconfig
                0x08005200        0xc C:\Users\hunter\AppData\Local\Temp\ccI0rRJE.ltrans0.ltrans.o
 .rodata.main.str1.4
                0x0800520c        0xf C:\Users\hunter\AppData\Local\Temp\ccI0rRJE.ltrans0.ltrans.o
 *fill*         0x0800521b        0x1 
 .rodata.ram_areas
                0x0800521c       0x80 C:\Users\hunter\AppData\Local\Temp\ccI0rRJE.ltrans0.ltrans.o
 .rodata.vmt    0x0800529c       0x28 C:\Users\hunter\AppData\Local\Temp\ccI0rRJE.ltrans0.ltrans.o
 .rodata.sqrt.str1.4
                0x080052c4        0x8 c:/chibistudio/tools/gnu tools arm embedded/7.0 2017q4/bin/../lib/gcc/arm-none-eabi/7.2.1/../../../../arm-none-eabi/lib/thumb/v6-m\libm.a(lib_a-w_sqrt.o)
                                  0x5 (size before relaxing)
 *fill*         0x080052cc        0x4 
 .rodata.atanhi
                0x080052d0       0x20 c:/chibistudio/tools/gnu tools arm embedded/7.0 2017q4/bin/../lib/gcc/arm-none-eabi/7.2.1/../../../../arm-none-eabi/lib/thumb/v6-m\libm.a(lib_a-s_atan.o)
 .rodata.atanlo
                0x080052f0       0x20 c:/chibistudio/tools/gnu tools arm embedded/7.0 2017q4/bin/../lib/gcc/arm-none-eabi/7.2.1/../../../../arm-none-eabi/lib/thumb/v6-m\libm.a(lib_a-s_atan.o)
                0x08005310                . = ALIGN (0x4)
                0x08005310                __rodata_end__ = .

.ARM.extab
 *(.ARM.extab* .gnu.linkonce.armextab.*)

.ARM.exidx      0x08005310        0x8
                0x08005310                __exidx_start = .
 *(.ARM.exidx* .gnu.linkonce.armexidx.*)
 .ARM.exidx     0x08005310        0x8 c:/chibistudio/tools/gnu tools arm embedded/7.0 2017q4/bin/../lib/gcc/arm-none-eabi/7.2.1/thumb/v6-m\libgcc.a(_udivmoddi4.o)
                0x08005318                __exidx_end = .

.rel.dyn        0x08005318        0x0
 .rel.iplt      0x08005318        0x0 build/obj/crt0_v6m.o

.eh_frame_hdr
 *(.eh_frame_hdr)

.eh_frame
 *(.eh_frame)
                0x20000000                __ram0_start__ = ORIGIN (ram0)
                0x00002000                __ram0_size__ = LENGTH (ram0)
                0x20002000                __ram0_end__ = (__ram0_start__ + __ram0_size__)
                0x00000000                __ram1_start__ = ORIGIN (ram1)
                0x00000000                __ram1_size__ = LENGTH (ram1)
                0x00000000                __ram1_end__ = (__ram1_start__ + __ram1_size__)
                0x00000000                __ram2_start__ = ORIGIN (ram2)
                0x00000000                __ram2_size__ = LENGTH (ram2)
                0x00000000                __ram2_end__ = (__ram2_start__ + __ram2_size__)
                0x00000000                __ram3_start__ = ORIGIN (ram3)
                0x00000000                __ram3_size__ = LENGTH (ram3)
                0x00000000                __ram3_end__ = (__ram3_start__ + __ram3_size__)
                0x00000000                __ram4_start__ = ORIGIN (ram4)
                0x00000000                __ram4_size__ = LENGTH (ram4)
                0x00000000                __ram4_end__ = (__ram4_start__ + __ram4_size__)
                0x00000000                __ram5_start__ = ORIGIN (ram5)
                0x00000000                __ram5_size__ = LENGTH (ram5)
                0x00000000                __ram5_end__ = (__ram5_start__ + __ram5_size__)
                0x00000000                __ram6_start__ = ORIGIN (ram6)
                0x00000000                __ram6_size__ = LENGTH (ram6)
                0x00000000                __ram6_end__ = (__ram6_start__ + __ram6_size__)
                0x00000000                __ram7_start__ = ORIGIN (ram7)
                0x00000000                __ram7_size__ = LENGTH (ram7)
                0x00000000                __ram7_end__ = (__ram7_start__ + __ram7_size__)

.data           0x20000400      0x430 load address 0x08005318
                0x20000400                . = ALIGN (0x4)
                0x08005318                PROVIDE (_textdata, LOADADDR (.data))
                0x20000400                PROVIDE (_data, .)
                0x08005318                _textdata_start = LOADADDR (.data)
                0x20000400                _data_start = .
 *(.data)
 *(.data.*)
 .data.__fdlib_version
                0x20000400        0x1 c:/chibistudio/tools/gnu tools arm embedded/7.0 2017q4/bin/../lib/gcc/arm-none-eabi/7.2.1/../../../../arm-none-eabi/lib/thumb/v6-m\libm.a(lib_a-s_lib_ver.o)
                0x20000400                __fdlib_version
 *fill*         0x20000401        0x3 
 .data._impure_ptr
                0x20000404        0x4 c:/chibistudio/tools/gnu tools arm embedded/7.0 2017q4/bin/../lib/gcc/arm-none-eabi/7.2.1/../../../../arm-none-eabi/lib/thumb/v6-m\libg.a(lib_a-impure.o)
                0x20000404                _impure_ptr
 .data.impure_data
                0x20000408      0x428 c:/chibistudio/tools/gnu tools arm embedded/7.0 2017q4/bin/../lib/gcc/arm-none-eabi/7.2.1/../../../../arm-none-eabi/lib/thumb/v6-m\libg.a(lib_a-impure.o)
 *(.ramtext)
                0x20000830                . = ALIGN (0x4)
                0x20000830                PROVIDE (_edata, .)
                0x20000830                _data_end = .

.igot.plt       0x20000830        0x0 load address 0x08005748
 .igot.plt      0x20000830        0x0 build/obj/crt0_v6m.o

.bss            0x20000830      0x3e8 load address 0x08005748
                0x20000830                . = ALIGN (0x4)
                0x20000830                _bss_start = .
 *(.bss)
 *(.bss.*)
 .bss.I2CD1     0x20000830       0x34 C:\Users\hunter\AppData\Local\Temp\ccI0rRJE.ltrans0.ltrans.o
 .bss.SD1       0x20000864       0x60 C:\Users\hunter\AppData\Local\Temp\ccI0rRJE.ltrans0.ltrans.o
 .bss._stm32_dma_isr_redir
                0x200008c4       0x28 C:\Users\hunter\AppData\Local\Temp\ccI0rRJE.ltrans0.ltrans.o
 .bss.ch        0x200008ec       0x74 C:\Users\hunter\AppData\Local\Temp\ccI0rRJE.ltrans0.ltrans.o
 .bss.ch_factory
                0x20000960       0x44 C:\Users\hunter\AppData\Local\Temp\ccI0rRJE.ltrans0.ltrans.o
 *fill*         0x200009a4        0x4 
 .bss.ch_idle_thread_wa
                0x200009a8       0xd8 C:\Users\hunter\AppData\Local\Temp\ccI0rRJE.ltrans0.ltrans.o
 .bss.ch_memcore
                0x20000a80        0x8 C:\Users\hunter\AppData\Local\Temp\ccI0rRJE.ltrans0.ltrans.o
 .bss.default_heap
                0x20000a88       0x1c C:\Users\hunter\AppData\Local\Temp\ccI0rRJE.ltrans0.ltrans.o
 .bss.dma       0x20000aa4        0x8 C:\Users\hunter\AppData\Local\Temp\ccI0rRJE.ltrans0.ltrans.o
 .bss.sd_in_buf1
                0x20000aac       0x10 C:\Users\hunter\AppData\Local\Temp\ccI0rRJE.ltrans0.ltrans.o
 .bss.sd_out_buf1
                0x20000abc       0x10 C:\Users\hunter\AppData\Local\Temp\ccI0rRJE.ltrans0.ltrans.o
 *fill*         0x20000acc        0x4 
 .bss.waThreadIMU
                0x20000ad0      0x148 C:\Users\hunter\AppData\Local\Temp\ccI0rRJE.ltrans0.ltrans.o
 *(COMMON)
                0x20000c18                . = ALIGN (0x4)
                0x20000c18                _bss_end = .
                [!provide]                PROVIDE (end, .)

.ram0_init      0x20000c18        0x0 load address 0x08005748
                0x20000c18                . = ALIGN (0x4)
                0x08005748                __ram0_init_text__ = LOADADDR (.ram0_init)
                0x20000c18                __ram0_init__ = .
 *(.ram0_init)
 *(.ram0_init.*)
                0x20000c18                . = ALIGN (0x4)

.ram0           0x20000c18        0x0 load address 0x08005748
                0x20000c18                . = ALIGN (0x4)
                0x20000c18                __ram0_clear__ = .
 *(.ram0_clear)
 *(.ram0_clear.*)
                0x20000c18                . = ALIGN (0x4)
                0x20000c18                __ram0_noinit__ = .
 *(.ram0)
 *(.ram0.*)
                0x20000c18                . = ALIGN (0x4)
                0x20000c18                __ram0_free__ = .

.ram1_init      0x00000000        0x0 load address 0x08005748
                0x00000000                . = ALIGN (0x4)
                0x08005748                __ram1_init_text__ = LOADADDR (.ram1_init)
                0x00000000                __ram1_init__ = .
 *(.ram1_init)
 *(.ram1_init.*)
                0x00000000                . = ALIGN (0x4)

.ram1           0x00000000        0x0 load address 0x08005748
                0x00000000                . = ALIGN (0x4)
                0x00000000                __ram1_clear__ = .
 *(.ram1_clear)
 *(.ram1_clear.*)
                0x00000000                . = ALIGN (0x4)
                0x00000000                __ram1_noinit__ = .
 *(.ram1)
 *(.ram1.*)
                0x00000000                . = ALIGN (0x4)
                0x00000000                __ram1_free__ = .

.ram2_init      0x00000000        0x0 load address 0x08005748
                0x00000000                . = ALIGN (0x4)
                0x08005748                __ram2_init_text__ = LOADADDR (.ram2_init)
                0x00000000                __ram2_init__ = .
 *(.ram2_init)
 *(.ram2_init.*)
                0x00000000                . = ALIGN (0x4)

.ram2           0x00000000        0x0 load address 0x08005748
                0x00000000                . = ALIGN (0x4)
                0x00000000                __ram2_clear__ = .
 *(.ram2_clear)
 *(.ram2_clear.*)
                0x00000000                . = ALIGN (0x4)
                0x00000000                __ram2_noinit__ = .
 *(.ram2)
 *(.ram2.*)
                0x00000000                . = ALIGN (0x4)
                0x00000000                __ram2_free__ = .

.ram3_init      0x00000000        0x0 load address 0x08005748
                0x00000000                . = ALIGN (0x4)
                0x08005748                __ram3_init_text__ = LOADADDR (.ram3_init)
                0x00000000                __ram3_init__ = .
 *(.ram3_init)
 *(.ram3_init.*)
                0x00000000                . = ALIGN (0x4)

.ram3           0x00000000        0x0 load address 0x08005748
                0x00000000                . = ALIGN (0x4)
                0x00000000                __ram3_clear__ = .
 *(.ram3_clear)
 *(.ram3_clear.*)
                0x00000000                . = ALIGN (0x4)
                0x00000000                __ram3_noinit__ = .
 *(.ram3)
 *(.ram3.*)
                0x00000000                . = ALIGN (0x4)
                0x00000000                __ram3_free__ = .

.ram4_init      0x00000000        0x0 load address 0x08005748
                0x00000000                . = ALIGN (0x4)
                0x08005748                __ram4_init_text__ = LOADADDR (.ram4_init)
                0x00000000                __ram4_init__ = .
 *(.ram4_init)
 *(.ram4_init.*)
                0x00000000                . = ALIGN (0x4)

.ram4           0x00000000        0x0 load address 0x08005748
                0x00000000                . = ALIGN (0x4)
                0x00000000                __ram4_clear__ = .
 *(.ram4_clear)
 *(.ram4_clear.*)
                0x00000000                . = ALIGN (0x4)
                0x00000000                __ram4_noinit__ = .
 *(.ram4)
 *(.ram4.*)
                0x00000000                . = ALIGN (0x4)
                0x00000000                __ram4_free__ = .

.ram5_init      0x00000000        0x0 load address 0x08005748
                0x00000000                . = ALIGN (0x4)
                0x08005748                __ram5_init_text__ = LOADADDR (.ram5_init)
                0x00000000                __ram5_init__ = .
 *(.ram5_init)
 *(.ram5_init.*)
                0x00000000                . = ALIGN (0x4)

.ram5           0x00000000        0x0 load address 0x08005748
                0x00000000                . = ALIGN (0x4)
                0x00000000                __ram5_clear__ = .
 *(.ram5_clear)
 *(.ram5_clear.*)
                0x00000000                . = ALIGN (0x4)
                0x00000000                __ram5_noinit__ = .
 *(.ram5)
 *(.ram5.*)
                0x00000000                . = ALIGN (0x4)
                0x00000000                __ram5_free__ = .

.ram6_init      0x00000000        0x0 load address 0x08005748
                0x00000000                . = ALIGN (0x4)
                0x08005748                __ram6_init_text__ = LOADADDR (.ram6_init)
                0x00000000                __ram6_init__ = .
 *(.ram6_init)
 *(.ram6_init.*)
                0x00000000                . = ALIGN (0x4)

.ram6           0x00000000        0x0 load address 0x08005748
                0x00000000                . = ALIGN (0x4)
                0x00000000                __ram6_clear__ = .
 *(.ram6_clear)
 *(.ram6_clear.*)
                0x00000000                . = ALIGN (0x4)
                0x00000000                __ram6_noinit__ = .
 *(.ram6)
 *(.ram6.*)
                0x00000000                . = ALIGN (0x4)
                0x00000000                __ram6_free__ = .

.ram7_init      0x00000000        0x0 load address 0x08005748
                0x00000000                . = ALIGN (0x4)
                0x08005748                __ram7_init_text__ = LOADADDR (.ram7_init)
                0x00000000                __ram7_init__ = .
 *(.ram7_init)
 *(.ram7_init.*)
                0x00000000                . = ALIGN (0x4)

.ram7           0x00000000        0x0 load address 0x08005748
                0x00000000                . = ALIGN (0x4)
                0x00000000                __ram7_clear__ = .
 *(.ram7_clear)
 *(.ram7_clear.*)
                0x00000000                . = ALIGN (0x4)
                0x00000000                __ram7_noinit__ = .
 *(.ram7)
 *(.ram7.*)
                0x00000000                . = ALIGN (0x4)
                0x00000000                __ram7_free__ = .

.heap           0x20000c18     0x13e8
                0x20000c18                . = ALIGN (0x8)
                0x20000c18                __heap_base__ = .
                0x20002000                . = (ORIGIN (HEAP_RAM) + LENGTH (HEAP_RAM))
 *fill*         0x20000c18     0x13e8 
                0x20002000                __heap_end__ = .
                0x00000200                __process_stack_size__ = 0x200
                0x00000200                __main_stack_size__ = 0x200
LOAD c:/chibistudio/tools/gnu tools arm embedded/7.0 2017q4/bin/../lib/gcc/arm-none-eabi/7.2.1/../../../../arm-none-eabi/lib/thumb/v6-m\libm.a
START GROUP
LOAD c:/chibistudio/tools/gnu tools arm embedded/7.0 2017q4/bin/../lib/gcc/arm-none-eabi/7.2.1/thumb/v6-m\libgcc.a
LOAD c:/chibistudio/tools/gnu tools arm embedded/7.0 2017q4/bin/../lib/gcc/arm-none-eabi/7.2.1/../../../../arm-none-eabi/lib/thumb/v6-m\libg.a
LOAD c:/chibistudio/tools/gnu tools arm embedded/7.0 2017q4/bin/../lib/gcc/arm-none-eabi/7.2.1/../../../../arm-none-eabi/lib/thumb/v6-m\libc.a
END GROUP
OUTPUT(build/ch.elf elf32-littlearm)

.ARM.attributes
                0x00000000       0x2d
 .ARM.attributes
                0x00000000       0x21 build/obj/crt0_v6m.o
 .ARM.attributes
                0x00000021       0x21 build/obj/vectors.o
 .ARM.attributes
                0x00000042       0x21 build/obj/chcoreasm_v6m.o
 .ARM.attributes
                0x00000063       0x2f C:\Users\hunter\AppData\Local\Temp\ccI0rRJE.ltrans0.ltrans.o
 .ARM.attributes
                0x00000092       0x2c c:/chibistudio/tools/gnu tools arm embedded/7.0 2017q4/bin/../lib/gcc/arm-none-eabi/7.2.1/../../../../arm-none-eabi/lib/thumb/v6-m\libm.a(lib_a-w_atan2.o)
 .ARM.attributes
                0x000000be       0x2c c:/chibistudio/tools/gnu tools arm embedded/7.0 2017q4/bin/../lib/gcc/arm-none-eabi/7.2.1/../../../../arm-none-eabi/lib/thumb/v6-m\libm.a(lib_a-w_sqrt.o)
 .ARM.attributes
                0x000000ea       0x2c c:/chibistudio/tools/gnu tools arm embedded/7.0 2017q4/bin/../lib/gcc/arm-none-eabi/7.2.1/../../../../arm-none-eabi/lib/thumb/v6-m\libm.a(lib_a-e_atan2.o)
 .ARM.attributes
                0x00000116       0x2c c:/chibistudio/tools/gnu tools arm embedded/7.0 2017q4/bin/../lib/gcc/arm-none-eabi/7.2.1/../../../../arm-none-eabi/lib/thumb/v6-m\libm.a(lib_a-e_sqrt.o)
 .ARM.attributes
                0x00000142       0x2c c:/chibistudio/tools/gnu tools arm embedded/7.0 2017q4/bin/../lib/gcc/arm-none-eabi/7.2.1/../../../../arm-none-eabi/lib/thumb/v6-m\libm.a(lib_a-s_atan.o)
 .ARM.attributes
                0x0000016e       0x2c c:/chibistudio/tools/gnu tools arm embedded/7.0 2017q4/bin/../lib/gcc/arm-none-eabi/7.2.1/../../../../arm-none-eabi/lib/thumb/v6-m\libm.a(lib_a-s_fabs.o)
 .ARM.attributes
                0x0000019a       0x2c c:/chibistudio/tools/gnu tools arm embedded/7.0 2017q4/bin/../lib/gcc/arm-none-eabi/7.2.1/../../../../arm-none-eabi/lib/thumb/v6-m\libm.a(lib_a-s_lib_ver.o)
 .ARM.attributes
                0x000001c6       0x2c c:/chibistudio/tools/gnu tools arm embedded/7.0 2017q4/bin/../lib/gcc/arm-none-eabi/7.2.1/../../../../arm-none-eabi/lib/thumb/v6-m\libm.a(lib_a-s_matherr.o)
 .ARM.attributes
                0x000001f2       0x1e c:/chibistudio/tools/gnu tools arm embedded/7.0 2017q4/bin/../lib/gcc/arm-none-eabi/7.2.1/thumb/v6-m\libgcc.a(_udivsi3.o)
 .ARM.attributes
                0x00000210       0x1e c:/chibistudio/tools/gnu tools arm embedded/7.0 2017q4/bin/../lib/gcc/arm-none-eabi/7.2.1/thumb/v6-m\libgcc.a(_dvmd_tls.o)
 .ARM.attributes
                0x0000022e       0x1e c:/chibistudio/tools/gnu tools arm embedded/7.0 2017q4/bin/../lib/gcc/arm-none-eabi/7.2.1/thumb/v6-m\libgcc.a(_arm_cmpdf2.o)
 .ARM.attributes
                0x0000024c       0x1e c:/chibistudio/tools/gnu tools arm embedded/7.0 2017q4/bin/../lib/gcc/arm-none-eabi/7.2.1/thumb/v6-m\libgcc.a(_aeabi_uldivmod.o)
 .ARM.attributes
                0x0000026a       0x2c c:/chibistudio/tools/gnu tools arm embedded/7.0 2017q4/bin/../lib/gcc/arm-none-eabi/7.2.1/thumb/v6-m\libgcc.a(_muldi3.o)
 .ARM.attributes
                0x00000296       0x2c c:/chibistudio/tools/gnu tools arm embedded/7.0 2017q4/bin/../lib/gcc/arm-none-eabi/7.2.1/thumb/v6-m\libgcc.a(_fixunssfsi.o)
 .ARM.attributes
                0x000002c2       0x2c c:/chibistudio/tools/gnu tools arm embedded/7.0 2017q4/bin/../lib/gcc/arm-none-eabi/7.2.1/thumb/v6-m\libgcc.a(_udivmoddi4.o)
 .ARM.attributes
                0x000002ee       0x2c c:/chibistudio/tools/gnu tools arm embedded/7.0 2017q4/bin/../lib/gcc/arm-none-eabi/7.2.1/thumb/v6-m\libgcc.a(addsf3.o)
 .ARM.attributes
                0x0000031a       0x2c c:/chibistudio/tools/gnu tools arm embedded/7.0 2017q4/bin/../lib/gcc/arm-none-eabi/7.2.1/thumb/v6-m\libgcc.a(divsf3.o)
 .ARM.attributes
                0x00000346       0x2c c:/chibistudio/tools/gnu tools arm embedded/7.0 2017q4/bin/../lib/gcc/arm-none-eabi/7.2.1/thumb/v6-m\libgcc.a(mulsf3.o)
 .ARM.attributes
                0x00000372       0x2c c:/chibistudio/tools/gnu tools arm embedded/7.0 2017q4/bin/../lib/gcc/arm-none-eabi/7.2.1/thumb/v6-m\libgcc.a(subsf3.o)
 .ARM.attributes
                0x0000039e       0x2c c:/chibistudio/tools/gnu tools arm embedded/7.0 2017q4/bin/../lib/gcc/arm-none-eabi/7.2.1/thumb/v6-m\libgcc.a(fixsfsi.o)
 .ARM.attributes
                0x000003ca       0x2c c:/chibistudio/tools/gnu tools arm embedded/7.0 2017q4/bin/../lib/gcc/arm-none-eabi/7.2.1/thumb/v6-m\libgcc.a(adddf3.o)
 .ARM.attributes
                0x000003f6       0x2c c:/chibistudio/tools/gnu tools arm embedded/7.0 2017q4/bin/../lib/gcc/arm-none-eabi/7.2.1/thumb/v6-m\libgcc.a(divdf3.o)
 .ARM.attributes
                0x00000422       0x2c c:/chibistudio/tools/gnu tools arm embedded/7.0 2017q4/bin/../lib/gcc/arm-none-eabi/7.2.1/thumb/v6-m\libgcc.a(eqdf2.o)
 .ARM.attributes
                0x0000044e       0x2c c:/chibistudio/tools/gnu tools arm embedded/7.0 2017q4/bin/../lib/gcc/arm-none-eabi/7.2.1/thumb/v6-m\libgcc.a(gedf2.o)
 .ARM.attributes
                0x0000047a       0x2c c:/chibistudio/tools/gnu tools arm embedded/7.0 2017q4/bin/../lib/gcc/arm-none-eabi/7.2.1/thumb/v6-m\libgcc.a(ledf2.o)
 .ARM.attributes
                0x000004a6       0x2c c:/chibistudio/tools/gnu tools arm embedded/7.0 2017q4/bin/../lib/gcc/arm-none-eabi/7.2.1/thumb/v6-m\libgcc.a(muldf3.o)
 .ARM.attributes
                0x000004d2       0x2c c:/chibistudio/tools/gnu tools arm embedded/7.0 2017q4/bin/../lib/gcc/arm-none-eabi/7.2.1/thumb/v6-m\libgcc.a(subdf3.o)
 .ARM.attributes
                0x000004fe       0x2c c:/chibistudio/tools/gnu tools arm embedded/7.0 2017q4/bin/../lib/gcc/arm-none-eabi/7.2.1/thumb/v6-m\libgcc.a(unorddf2.o)
 .ARM.attributes
                0x0000052a       0x2c c:/chibistudio/tools/gnu tools arm embedded/7.0 2017q4/bin/../lib/gcc/arm-none-eabi/7.2.1/thumb/v6-m\libgcc.a(floatsidf.o)
 .ARM.attributes
                0x00000556       0x2c c:/chibistudio/tools/gnu tools arm embedded/7.0 2017q4/bin/../lib/gcc/arm-none-eabi/7.2.1/thumb/v6-m\libgcc.a(extendsfdf2.o)
 .ARM.attributes
                0x00000582       0x2c c:/chibistudio/tools/gnu tools arm embedded/7.0 2017q4/bin/../lib/gcc/arm-none-eabi/7.2.1/thumb/v6-m\libgcc.a(truncdfsf2.o)
 .ARM.attributes
                0x000005ae       0x1e c:/chibistudio/tools/gnu tools arm embedded/7.0 2017q4/bin/../lib/gcc/arm-none-eabi/7.2.1/thumb/v6-m\libgcc.a(_arm_cmpsf2.o)
 .ARM.attributes
                0x000005cc       0x1e c:/chibistudio/tools/gnu tools arm embedded/7.0 2017q4/bin/../lib/gcc/arm-none-eabi/7.2.1/thumb/v6-m\libgcc.a(_clzsi2.o)
 .ARM.attributes
                0x000005ea       0x1e c:/chibistudio/tools/gnu tools arm embedded/7.0 2017q4/bin/../lib/gcc/arm-none-eabi/7.2.1/thumb/v6-m\libgcc.a(_clzdi2.o)
 .ARM.attributes
                0x00000608       0x2c c:/chibistudio/tools/gnu tools arm embedded/7.0 2017q4/bin/../lib/gcc/arm-none-eabi/7.2.1/thumb/v6-m\libgcc.a(eqsf2.o)
 .ARM.attributes
                0x00000634       0x2c c:/chibistudio/tools/gnu tools arm embedded/7.0 2017q4/bin/../lib/gcc/arm-none-eabi/7.2.1/thumb/v6-m\libgcc.a(gesf2.o)
 .ARM.attributes
                0x00000660       0x2c c:/chibistudio/tools/gnu tools arm embedded/7.0 2017q4/bin/../lib/gcc/arm-none-eabi/7.2.1/thumb/v6-m\libgcc.a(lesf2.o)
 .ARM.attributes
                0x0000068c       0x2c c:/chibistudio/tools/gnu tools arm embedded/7.0 2017q4/bin/../lib/gcc/arm-none-eabi/7.2.1/../../../../arm-none-eabi/lib/thumb/v6-m\libg.a(lib_a-errno.o)
 .ARM.attributes
                0x000006b8       0x2c c:/chibistudio/tools/gnu tools arm embedded/7.0 2017q4/bin/../lib/gcc/arm-none-eabi/7.2.1/../../../../arm-none-eabi/lib/thumb/v6-m\libg.a(lib_a-impure.o)
 .ARM.attributes
                0x000006e4       0x2c c:/chibistudio/tools/gnu tools arm embedded/7.0 2017q4/bin/../lib/gcc/arm-none-eabi/7.2.1/../../../../arm-none-eabi/lib/thumb/v6-m\libg.a(lib_a-memcpy-stub.o)

.comment        0x00000000       0x7e
 .comment       0x00000000       0x7e C:\Users\hunter\AppData\Local\Temp\ccI0rRJE.ltrans0.ltrans.o
                                 0x7f (size before relaxing)

.debug_line     0x00000000     0x1a0f
 .debug_line    0x00000000       0xd4 build/obj/crt0_v6m.o
 .debug_line    0x000000d4       0x77 build/obj/vectors.o
 .debug_line    0x0000014b       0x95 build/obj/chcoreasm_v6m.o
 .debug_line    0x000001e0     0x182f C:\Users\hunter\AppData\Local\Temp\ccI0rRJE.ltrans0.ltrans.o

.debug_info     0x00000000     0x7032
 .debug_info    0x00000000       0x26 build/obj/crt0_v6m.o
 .debug_info    0x00000026       0x26 build/obj/vectors.o
 .debug_info    0x0000004c       0x26 build/obj/chcoreasm_v6m.o
 .debug_info    0x00000072     0x6fc0 C:\Users\hunter\AppData\Local\Temp\ccI0rRJE.ltrans0.ltrans.o

.debug_abbrev   0x00000000      0x74a
 .debug_abbrev  0x00000000       0x14 build/obj/crt0_v6m.o
 .debug_abbrev  0x00000014       0x14 build/obj/vectors.o
 .debug_abbrev  0x00000028       0x14 build/obj/chcoreasm_v6m.o
 .debug_abbrev  0x0000003c      0x70e C:\Users\hunter\AppData\Local\Temp\ccI0rRJE.ltrans0.ltrans.o

.debug_aranges  0x00000000      0x1d0
 .debug_aranges
                0x00000000       0x20 build/obj/crt0_v6m.o
 .debug_aranges
                0x00000020       0x20 build/obj/vectors.o
 .debug_aranges
                0x00000040       0x20 build/obj/chcoreasm_v6m.o
 .debug_aranges
                0x00000060      0x170 C:\Users\hunter\AppData\Local\Temp\ccI0rRJE.ltrans0.ltrans.o

.debug_str      0x00000000     0x1b1c
 .debug_str     0x00000000       0x7b build/obj/crt0_v6m.o
 .debug_str     0x0000007b       0x42 build/obj/vectors.o
                                 0x7a (size before relaxing)
 .debug_str     0x000000bd       0x46 build/obj/chcoreasm_v6m.o
                                 0x7e (size before relaxing)
 .debug_str     0x00000103     0x1a19 C:\Users\hunter\AppData\Local\Temp\ccI0rRJE.ltrans0.ltrans.o
                               0x1bbe (size before relaxing)

.debug_loc      0x00000000     0x2fd3
 .debug_loc     0x00000000     0x2fd3 C:\Users\hunter\AppData\Local\Temp\ccI0rRJE.ltrans0.ltrans.o

.debug_ranges   0x00000000      0xf50
 .debug_ranges  0x00000000      0xf50 C:\Users\hunter\AppData\Local\Temp\ccI0rRJE.ltrans0.ltrans.o

.debug_frame    0x00000000      0xae4
 .debug_frame   0x00000000      0x4bc C:\Users\hunter\AppData\Local\Temp\ccI0rRJE.ltrans0.ltrans.o
 .debug_frame   0x000004bc       0x28 c:/chibistudio/tools/gnu tools arm embedded/7.0 2017q4/bin/../lib/gcc/arm-none-eabi/7.2.1/../../../../arm-none-eabi/lib/thumb/v6-m\libm.a(lib_a-w_atan2.o)
 .debug_frame   0x000004e4       0x38 c:/chibistudio/tools/gnu tools arm embedded/7.0 2017q4/bin/../lib/gcc/arm-none-eabi/7.2.1/../../../../arm-none-eabi/lib/thumb/v6-m\libm.a(lib_a-w_sqrt.o)
 .debug_frame   0x0000051c       0x38 c:/chibistudio/tools/gnu tools arm embedded/7.0 2017q4/bin/../lib/gcc/arm-none-eabi/7.2.1/../../../../arm-none-eabi/lib/thumb/v6-m\libm.a(lib_a-e_atan2.o)
 .debug_frame   0x00000554       0x38 c:/chibistudio/tools/gnu tools arm embedded/7.0 2017q4/bin/../lib/gcc/arm-none-eabi/7.2.1/../../../../arm-none-eabi/lib/thumb/v6-m\libm.a(lib_a-e_sqrt.o)
 .debug_frame   0x0000058c       0x3c c:/chibistudio/tools/gnu tools arm embedded/7.0 2017q4/bin/../lib/gcc/arm-none-eabi/7.2.1/../../../../arm-none-eabi/lib/thumb/v6-m\libm.a(lib_a-s_atan.o)
 .debug_frame   0x000005c8       0x20 c:/chibistudio/tools/gnu tools arm embedded/7.0 2017q4/bin/../lib/gcc/arm-none-eabi/7.2.1/../../../../arm-none-eabi/lib/thumb/v6-m\libm.a(lib_a-s_fabs.o)
 .debug_frame   0x000005e8       0x20 c:/chibistudio/tools/gnu tools arm embedded/7.0 2017q4/bin/../lib/gcc/arm-none-eabi/7.2.1/../../../../arm-none-eabi/lib/thumb/v6-m\libm.a(lib_a-s_matherr.o)
 .debug_frame   0x00000608       0x20 c:/chibistudio/tools/gnu tools arm embedded/7.0 2017q4/bin/../lib/gcc/arm-none-eabi/7.2.1/thumb/v6-m\libgcc.a(_udivsi3.o)
 .debug_frame   0x00000628       0x34 c:/chibistudio/tools/gnu tools arm embedded/7.0 2017q4/bin/../lib/gcc/arm-none-eabi/7.2.1/thumb/v6-m\libgcc.a(_muldi3.o)
 .debug_frame   0x0000065c       0x28 c:/chibistudio/tools/gnu tools arm embedded/7.0 2017q4/bin/../lib/gcc/arm-none-eabi/7.2.1/thumb/v6-m\libgcc.a(_fixunssfsi.o)
 .debug_frame   0x00000684       0x3c c:/chibistudio/tools/gnu tools arm embedded/7.0 2017q4/bin/../lib/gcc/arm-none-eabi/7.2.1/thumb/v6-m\libgcc.a(_udivmoddi4.o)
 .debug_frame   0x000006c0       0x38 c:/chibistudio/tools/gnu tools arm embedded/7.0 2017q4/bin/../lib/gcc/arm-none-eabi/7.2.1/thumb/v6-m\libgcc.a(addsf3.o)
 .debug_frame   0x000006f8       0x3c c:/chibistudio/tools/gnu tools arm embedded/7.0 2017q4/bin/../lib/gcc/arm-none-eabi/7.2.1/thumb/v6-m\libgcc.a(divsf3.o)
 .debug_frame   0x00000734       0x3c c:/chibistudio/tools/gnu tools arm embedded/7.0 2017q4/bin/../lib/gcc/arm-none-eabi/7.2.1/thumb/v6-m\libgcc.a(mulsf3.o)
 .debug_frame   0x00000770       0x38 c:/chibistudio/tools/gnu tools arm embedded/7.0 2017q4/bin/../lib/gcc/arm-none-eabi/7.2.1/thumb/v6-m\libgcc.a(subsf3.o)
 .debug_frame   0x000007a8       0x20 c:/chibistudio/tools/gnu tools arm embedded/7.0 2017q4/bin/../lib/gcc/arm-none-eabi/7.2.1/thumb/v6-m\libgcc.a(fixsfsi.o)
 .debug_frame   0x000007c8       0x38 c:/chibistudio/tools/gnu tools arm embedded/7.0 2017q4/bin/../lib/gcc/arm-none-eabi/7.2.1/thumb/v6-m\libgcc.a(adddf3.o)
 .debug_frame   0x00000800       0x3c c:/chibistudio/tools/gnu tools arm embedded/7.0 2017q4/bin/../lib/gcc/arm-none-eabi/7.2.1/thumb/v6-m\libgcc.a(divdf3.o)
 .debug_frame   0x0000083c       0x38 c:/chibistudio/tools/gnu tools arm embedded/7.0 2017q4/bin/../lib/gcc/arm-none-eabi/7.2.1/thumb/v6-m\libgcc.a(eqdf2.o)
 .debug_frame   0x00000874       0x38 c:/chibistudio/tools/gnu tools arm embedded/7.0 2017q4/bin/../lib/gcc/arm-none-eabi/7.2.1/thumb/v6-m\libgcc.a(gedf2.o)
 .debug_frame   0x000008ac       0x38 c:/chibistudio/tools/gnu tools arm embedded/7.0 2017q4/bin/../lib/gcc/arm-none-eabi/7.2.1/thumb/v6-m\libgcc.a(ledf2.o)
 .debug_frame   0x000008e4       0x3c c:/chibistudio/tools/gnu tools arm embedded/7.0 2017q4/bin/../lib/gcc/arm-none-eabi/7.2.1/thumb/v6-m\libgcc.a(muldf3.o)
 .debug_frame   0x00000920       0x3c c:/chibistudio/tools/gnu tools arm embedded/7.0 2017q4/bin/../lib/gcc/arm-none-eabi/7.2.1/thumb/v6-m\libgcc.a(subdf3.o)
 .debug_frame   0x0000095c       0x2c c:/chibistudio/tools/gnu tools arm embedded/7.0 2017q4/bin/../lib/gcc/arm-none-eabi/7.2.1/thumb/v6-m\libgcc.a(unorddf2.o)
 .debug_frame   0x00000988       0x2c c:/chibistudio/tools/gnu tools arm embedded/7.0 2017q4/bin/../lib/gcc/arm-none-eabi/7.2.1/thumb/v6-m\libgcc.a(floatsidf.o)
 .debug_frame   0x000009b4       0x2c c:/chibistudio/tools/gnu tools arm embedded/7.0 2017q4/bin/../lib/gcc/arm-none-eabi/7.2.1/thumb/v6-m\libgcc.a(extendsfdf2.o)
 .debug_frame   0x000009e0       0x30 c:/chibistudio/tools/gnu tools arm embedded/7.0 2017q4/bin/../lib/gcc/arm-none-eabi/7.2.1/thumb/v6-m\libgcc.a(truncdfsf2.o)
 .debug_frame   0x00000a10       0x2c c:/chibistudio/tools/gnu tools arm embedded/7.0 2017q4/bin/../lib/gcc/arm-none-eabi/7.2.1/thumb/v6-m\libgcc.a(eqsf2.o)
 .debug_frame   0x00000a3c       0x2c c:/chibistudio/tools/gnu tools arm embedded/7.0 2017q4/bin/../lib/gcc/arm-none-eabi/7.2.1/thumb/v6-m\libgcc.a(gesf2.o)
 .debug_frame   0x00000a68       0x2c c:/chibistudio/tools/gnu tools arm embedded/7.0 2017q4/bin/../lib/gcc/arm-none-eabi/7.2.1/thumb/v6-m\libgcc.a(lesf2.o)
 .debug_frame   0x00000a94       0x20 c:/chibistudio/tools/gnu tools arm embedded/7.0 2017q4/bin/../lib/gcc/arm-none-eabi/7.2.1/../../../../arm-none-eabi/lib/thumb/v6-m\libg.a(lib_a-errno.o)
 .debug_frame   0x00000ab4       0x30 c:/chibistudio/tools/gnu tools arm embedded/7.0 2017q4/bin/../lib/gcc/arm-none-eabi/7.2.1/../../../../arm-none-eabi/lib/thumb/v6-m\libg.a(lib_a-memcpy-stub.o)

Cross Reference Table

Symbol                                            File
BusFault_Handler                                  build/obj/vectors.o
DebugMon_Handler                                  build/obj/vectors.o
HardFault_Handler                                 build/obj/vectors.o
I2CD1                                             build/obj/hal_i2c_lld.o (symbol from plugin)
                                                  build/obj/LSM6DS3.o (symbol from plugin)
                                                  build/obj/main.o (symbol from plugin)
MemManage_Handler                                 build/obj/vectors.o
NMI_Handler                                       C:\Users\hunter\AppData\Local\Temp\ccI0rRJE.ltrans0.ltrans.o
                                                  build/obj/chcore_v6m.o (symbol from plugin)
                                                  build/obj/vectors.o
PendSV_Handler                                    build/obj/vectors.o
Reset_Handler                                     build/obj/vectors.o
SD1                                               build/obj/hal_serial_lld.o (symbol from plugin)
                                                  build/obj/main.o (symbol from plugin)
SVC_Handler                                       build/obj/vectors.o
SysTick_Handler                                   build/obj/vectors.o
SystemCoreClock                                   build/obj/hal_lld.o (symbol from plugin)
UsageFault_Handler                                build/obj/vectors.o
Vector1C                                          build/obj/vectors.o
Vector20                                          build/obj/vectors.o
Vector24                                          build/obj/vectors.o
Vector28                                          build/obj/vectors.o
Vector34                                          build/obj/vectors.o
Vector40                                          build/obj/vectors.o
Vector44                                          build/obj/vectors.o
Vector48                                          build/obj/vectors.o
Vector4C                                          build/obj/vectors.o
Vector50                                          build/obj/vectors.o
Vector54                                          build/obj/vectors.o
Vector58                                          build/obj/vectors.o
Vector5C                                          build/obj/vectors.o
Vector60                                          build/obj/vectors.o
Vector64                                          C:\Users\hunter\AppData\Local\Temp\ccI0rRJE.ltrans0.ltrans.o
                                                  build/obj/stm32_dma.o (symbol from plugin)
                                                  build/obj/vectors.o
Vector68                                          C:\Users\hunter\AppData\Local\Temp\ccI0rRJE.ltrans0.ltrans.o
                                                  build/obj/hal_lld.o (symbol from plugin)
                                                  build/obj/vectors.o
Vector6C                                          C:\Users\hunter\AppData\Local\Temp\ccI0rRJE.ltrans0.ltrans.o
                                                  build/obj/hal_lld.o (symbol from plugin)
                                                  build/obj/vectors.o
Vector70                                          build/obj/vectors.o
Vector74                                          build/obj/vectors.o
Vector78                                          build/obj/vectors.o
Vector7C                                          C:\Users\hunter\AppData\Local\Temp\ccI0rRJE.ltrans0.ltrans.o
                                                  build/obj/hal_st_lld.o (symbol from plugin)
                                                  build/obj/vectors.o
Vector80                                          build/obj/vectors.o
Vector84                                          build/obj/vectors.o
Vector88                                          build/obj/vectors.o
Vector8C                                          build/obj/vectors.o
Vector90                                          build/obj/vectors.o
Vector94                                          build/obj/vectors.o
Vector98                                          build/obj/vectors.o
Vector9C                                          C:\Users\hunter\AppData\Local\Temp\ccI0rRJE.ltrans0.ltrans.o
                                                  build/obj/hal_i2c_lld.o (symbol from plugin)
                                                  build/obj/vectors.o
VectorA0                                          build/obj/vectors.o
VectorA4                                          build/obj/vectors.o
VectorA8                                          build/obj/vectors.o
VectorAC                                          C:\Users\hunter\AppData\Local\Temp\ccI0rRJE.ltrans0.ltrans.o
                                                  build/obj/hal_serial_lld.o (symbol from plugin)
                                                  build/obj/vectors.o
VectorB0                                          build/obj/vectors.o
VectorB4                                          build/obj/vectors.o
VectorB8                                          build/obj/vectors.o
VectorBC                                          build/obj/vectors.o
__aeabi_cdcmpeq                                   c:/chibistudio/tools/gnu tools arm embedded/7.0 2017q4/bin/../lib/gcc/arm-none-eabi/7.2.1/thumb/v6-m\libgcc.a(_arm_cmpdf2.o)
__aeabi_cdcmple                                   c:/chibistudio/tools/gnu tools arm embedded/7.0 2017q4/bin/../lib/gcc/arm-none-eabi/7.2.1/thumb/v6-m\libgcc.a(_arm_cmpdf2.o)
__aeabi_cdrcmple                                  c:/chibistudio/tools/gnu tools arm embedded/7.0 2017q4/bin/../lib/gcc/arm-none-eabi/7.2.1/thumb/v6-m\libgcc.a(_arm_cmpdf2.o)
__aeabi_cfcmpeq                                   c:/chibistudio/tools/gnu tools arm embedded/7.0 2017q4/bin/../lib/gcc/arm-none-eabi/7.2.1/thumb/v6-m\libgcc.a(_arm_cmpsf2.o)
__aeabi_cfcmple                                   c:/chibistudio/tools/gnu tools arm embedded/7.0 2017q4/bin/../lib/gcc/arm-none-eabi/7.2.1/thumb/v6-m\libgcc.a(_arm_cmpsf2.o)
__aeabi_cfrcmple                                  c:/chibistudio/tools/gnu tools arm embedded/7.0 2017q4/bin/../lib/gcc/arm-none-eabi/7.2.1/thumb/v6-m\libgcc.a(_arm_cmpsf2.o)
__aeabi_d2f                                       c:/chibistudio/tools/gnu tools arm embedded/7.0 2017q4/bin/../lib/gcc/arm-none-eabi/7.2.1/thumb/v6-m\libgcc.a(truncdfsf2.o)
                                                  C:\Users\hunter\AppData\Local\Temp\ccI0rRJE.ltrans0.ltrans.o
__aeabi_dadd                                      c:/chibistudio/tools/gnu tools arm embedded/7.0 2017q4/bin/../lib/gcc/arm-none-eabi/7.2.1/thumb/v6-m\libgcc.a(adddf3.o)
                                                  c:/chibistudio/tools/gnu tools arm embedded/7.0 2017q4/bin/../lib/gcc/arm-none-eabi/7.2.1/../../../../arm-none-eabi/lib/thumb/v6-m\libm.a(lib_a-s_atan.o)
                                                  c:/chibistudio/tools/gnu tools arm embedded/7.0 2017q4/bin/../lib/gcc/arm-none-eabi/7.2.1/../../../../arm-none-eabi/lib/thumb/v6-m\libm.a(lib_a-e_sqrt.o)
                                                  c:/chibistudio/tools/gnu tools arm embedded/7.0 2017q4/bin/../lib/gcc/arm-none-eabi/7.2.1/../../../../arm-none-eabi/lib/thumb/v6-m\libm.a(lib_a-e_atan2.o)
__aeabi_dcmpeq                                    c:/chibistudio/tools/gnu tools arm embedded/7.0 2017q4/bin/../lib/gcc/arm-none-eabi/7.2.1/thumb/v6-m\libgcc.a(_arm_cmpdf2.o)
__aeabi_dcmpge                                    c:/chibistudio/tools/gnu tools arm embedded/7.0 2017q4/bin/../lib/gcc/arm-none-eabi/7.2.1/thumb/v6-m\libgcc.a(_arm_cmpdf2.o)
__aeabi_dcmpgt                                    c:/chibistudio/tools/gnu tools arm embedded/7.0 2017q4/bin/../lib/gcc/arm-none-eabi/7.2.1/thumb/v6-m\libgcc.a(_arm_cmpdf2.o)
                                                  c:/chibistudio/tools/gnu tools arm embedded/7.0 2017q4/bin/../lib/gcc/arm-none-eabi/7.2.1/../../../../arm-none-eabi/lib/thumb/v6-m\libm.a(lib_a-s_atan.o)
__aeabi_dcmple                                    c:/chibistudio/tools/gnu tools arm embedded/7.0 2017q4/bin/../lib/gcc/arm-none-eabi/7.2.1/thumb/v6-m\libgcc.a(_arm_cmpdf2.o)
__aeabi_dcmplt                                    c:/chibistudio/tools/gnu tools arm embedded/7.0 2017q4/bin/../lib/gcc/arm-none-eabi/7.2.1/thumb/v6-m\libgcc.a(_arm_cmpdf2.o)
                                                  c:/chibistudio/tools/gnu tools arm embedded/7.0 2017q4/bin/../lib/gcc/arm-none-eabi/7.2.1/../../../../arm-none-eabi/lib/thumb/v6-m\libm.a(lib_a-w_sqrt.o)
__aeabi_dcmpun                                    c:/chibistudio/tools/gnu tools arm embedded/7.0 2017q4/bin/../lib/gcc/arm-none-eabi/7.2.1/thumb/v6-m\libgcc.a(unorddf2.o)
                                                  c:/chibistudio/tools/gnu tools arm embedded/7.0 2017q4/bin/../lib/gcc/arm-none-eabi/7.2.1/../../../../arm-none-eabi/lib/thumb/v6-m\libm.a(lib_a-w_sqrt.o)
__aeabi_ddiv                                      c:/chibistudio/tools/gnu tools arm embedded/7.0 2017q4/bin/../lib/gcc/arm-none-eabi/7.2.1/thumb/v6-m\libgcc.a(divdf3.o)
                                                  c:/chibistudio/tools/gnu tools arm embedded/7.0 2017q4/bin/../lib/gcc/arm-none-eabi/7.2.1/../../../../arm-none-eabi/lib/thumb/v6-m\libm.a(lib_a-s_atan.o)
                                                  c:/chibistudio/tools/gnu tools arm embedded/7.0 2017q4/bin/../lib/gcc/arm-none-eabi/7.2.1/../../../../arm-none-eabi/lib/thumb/v6-m\libm.a(lib_a-e_sqrt.o)
                                                  c:/chibistudio/tools/gnu tools arm embedded/7.0 2017q4/bin/../lib/gcc/arm-none-eabi/7.2.1/../../../../arm-none-eabi/lib/thumb/v6-m\libm.a(lib_a-e_atan2.o)
                                                  c:/chibistudio/tools/gnu tools arm embedded/7.0 2017q4/bin/../lib/gcc/arm-none-eabi/7.2.1/../../../../arm-none-eabi/lib/thumb/v6-m\libm.a(lib_a-w_sqrt.o)
                                                  C:\Users\hunter\AppData\Local\Temp\ccI0rRJE.ltrans0.ltrans.o
__aeabi_dmul                                      c:/chibistudio/tools/gnu tools arm embedded/7.0 2017q4/bin/../lib/gcc/arm-none-eabi/7.2.1/thumb/v6-m\libgcc.a(muldf3.o)
                                                  c:/chibistudio/tools/gnu tools arm embedded/7.0 2017q4/bin/../lib/gcc/arm-none-eabi/7.2.1/../../../../arm-none-eabi/lib/thumb/v6-m\libm.a(lib_a-s_atan.o)
                                                  c:/chibistudio/tools/gnu tools arm embedded/7.0 2017q4/bin/../lib/gcc/arm-none-eabi/7.2.1/../../../../arm-none-eabi/lib/thumb/v6-m\libm.a(lib_a-e_sqrt.o)
                                                  C:\Users\hunter\AppData\Local\Temp\ccI0rRJE.ltrans0.ltrans.o
__aeabi_dsub                                      c:/chibistudio/tools/gnu tools arm embedded/7.0 2017q4/bin/../lib/gcc/arm-none-eabi/7.2.1/thumb/v6-m\libgcc.a(subdf3.o)
                                                  c:/chibistudio/tools/gnu tools arm embedded/7.0 2017q4/bin/../lib/gcc/arm-none-eabi/7.2.1/../../../../arm-none-eabi/lib/thumb/v6-m\libm.a(lib_a-s_atan.o)
                                                  c:/chibistudio/tools/gnu tools arm embedded/7.0 2017q4/bin/../lib/gcc/arm-none-eabi/7.2.1/../../../../arm-none-eabi/lib/thumb/v6-m\libm.a(lib_a-e_sqrt.o)
                                                  c:/chibistudio/tools/gnu tools arm embedded/7.0 2017q4/bin/../lib/gcc/arm-none-eabi/7.2.1/../../../../arm-none-eabi/lib/thumb/v6-m\libm.a(lib_a-e_atan2.o)
__aeabi_f2d                                       c:/chibistudio/tools/gnu tools arm embedded/7.0 2017q4/bin/../lib/gcc/arm-none-eabi/7.2.1/thumb/v6-m\libgcc.a(extendsfdf2.o)
                                                  C:\Users\hunter\AppData\Local\Temp\ccI0rRJE.ltrans0.ltrans.o
__aeabi_f2iz                                      c:/chibistudio/tools/gnu tools arm embedded/7.0 2017q4/bin/../lib/gcc/arm-none-eabi/7.2.1/thumb/v6-m\libgcc.a(fixsfsi.o)
                                                  c:/chibistudio/tools/gnu tools arm embedded/7.0 2017q4/bin/../lib/gcc/arm-none-eabi/7.2.1/thumb/v6-m\libgcc.a(_fixunssfsi.o)
__aeabi_f2uiz                                     c:/chibistudio/tools/gnu tools arm embedded/7.0 2017q4/bin/../lib/gcc/arm-none-eabi/7.2.1/thumb/v6-m\libgcc.a(_fixunssfsi.o)
                                                  C:\Users\hunter\AppData\Local\Temp\ccI0rRJE.ltrans0.ltrans.o
__aeabi_fadd                                      c:/chibistudio/tools/gnu tools arm embedded/7.0 2017q4/bin/../lib/gcc/arm-none-eabi/7.2.1/thumb/v6-m\libgcc.a(addsf3.o)
                                                  C:\Users\hunter\AppData\Local\Temp\ccI0rRJE.ltrans0.ltrans.o
__aeabi_fcmpeq                                    c:/chibistudio/tools/gnu tools arm embedded/7.0 2017q4/bin/../lib/gcc/arm-none-eabi/7.2.1/thumb/v6-m\libgcc.a(_arm_cmpsf2.o)
__aeabi_fcmpge                                    c:/chibistudio/tools/gnu tools arm embedded/7.0 2017q4/bin/../lib/gcc/arm-none-eabi/7.2.1/thumb/v6-m\libgcc.a(_arm_cmpsf2.o)
                                                  c:/chibistudio/tools/gnu tools arm embedded/7.0 2017q4/bin/../lib/gcc/arm-none-eabi/7.2.1/thumb/v6-m\libgcc.a(_fixunssfsi.o)
__aeabi_fcmpgt                                    c:/chibistudio/tools/gnu tools arm embedded/7.0 2017q4/bin/../lib/gcc/arm-none-eabi/7.2.1/thumb/v6-m\libgcc.a(_arm_cmpsf2.o)
__aeabi_fcmple                                    c:/chibistudio/tools/gnu tools arm embedded/7.0 2017q4/bin/../lib/gcc/arm-none-eabi/7.2.1/thumb/v6-m\libgcc.a(_arm_cmpsf2.o)
__aeabi_fcmplt                                    c:/chibistudio/tools/gnu tools arm embedded/7.0 2017q4/bin/../lib/gcc/arm-none-eabi/7.2.1/thumb/v6-m\libgcc.a(_arm_cmpsf2.o)
__aeabi_fdiv                                      c:/chibistudio/tools/gnu tools arm embedded/7.0 2017q4/bin/../lib/gcc/arm-none-eabi/7.2.1/thumb/v6-m\libgcc.a(divsf3.o)
                                                  C:\Users\hunter\AppData\Local\Temp\ccI0rRJE.ltrans0.ltrans.o
__aeabi_fmul                                      c:/chibistudio/tools/gnu tools arm embedded/7.0 2017q4/bin/../lib/gcc/arm-none-eabi/7.2.1/thumb/v6-m\libgcc.a(mulsf3.o)
                                                  C:\Users\hunter\AppData\Local\Temp\ccI0rRJE.ltrans0.ltrans.o
__aeabi_fsub                                      c:/chibistudio/tools/gnu tools arm embedded/7.0 2017q4/bin/../lib/gcc/arm-none-eabi/7.2.1/thumb/v6-m\libgcc.a(subsf3.o)
                                                  c:/chibistudio/tools/gnu tools arm embedded/7.0 2017q4/bin/../lib/gcc/arm-none-eabi/7.2.1/thumb/v6-m\libgcc.a(_fixunssfsi.o)
__aeabi_i2d                                       c:/chibistudio/tools/gnu tools arm embedded/7.0 2017q4/bin/../lib/gcc/arm-none-eabi/7.2.1/thumb/v6-m\libgcc.a(floatsidf.o)
                                                  C:\Users\hunter\AppData\Local\Temp\ccI0rRJE.ltrans0.ltrans.o
__aeabi_idiv0                                     c:/chibistudio/tools/gnu tools arm embedded/7.0 2017q4/bin/../lib/gcc/arm-none-eabi/7.2.1/thumb/v6-m\libgcc.a(_dvmd_tls.o)
                                                  c:/chibistudio/tools/gnu tools arm embedded/7.0 2017q4/bin/../lib/gcc/arm-none-eabi/7.2.1/thumb/v6-m\libgcc.a(_udivsi3.o)
__aeabi_ldiv0                                     c:/chibistudio/tools/gnu tools arm embedded/7.0 2017q4/bin/../lib/gcc/arm-none-eabi/7.2.1/thumb/v6-m\libgcc.a(_dvmd_tls.o)
                                                  c:/chibistudio/tools/gnu tools arm embedded/7.0 2017q4/bin/../lib/gcc/arm-none-eabi/7.2.1/thumb/v6-m\libgcc.a(_aeabi_uldivmod.o)
                                                  c:/chibistudio/tools/gnu tools arm embedded/7.0 2017q4/bin/../lib/gcc/arm-none-eabi/7.2.1/thumb/v6-m\libgcc.a(_aeabi_ldivmod.o)
__aeabi_ldivmod                                   c:/chibistudio/tools/gnu tools arm embedded/7.0 2017q4/bin/../lib/gcc/arm-none-eabi/7.2.1/thumb/v6-m\libgcc.a(_aeabi_ldivmod.o)
                                                  C:\Users\hunter\AppData\Local\Temp\ccI0rRJE.ltrans0.ltrans.o
__aeabi_lmul                                      c:/chibistudio/tools/gnu tools arm embedded/7.0 2017q4/bin/../lib/gcc/arm-none-eabi/7.2.1/thumb/v6-m\libgcc.a(_muldi3.o)
                                                  c:/chibistudio/tools/gnu tools arm embedded/7.0 2017q4/bin/../lib/gcc/arm-none-eabi/7.2.1/thumb/v6-m\libgcc.a(bpabi.o)
                                                  C:\Users\hunter\AppData\Local\Temp\ccI0rRJE.ltrans0.ltrans.o
__aeabi_uidiv                                     c:/chibistudio/tools/gnu tools arm embedded/7.0 2017q4/bin/../lib/gcc/arm-none-eabi/7.2.1/thumb/v6-m\libgcc.a(_udivsi3.o)
                                                  C:\Users\hunter\AppData\Local\Temp\ccI0rRJE.ltrans0.ltrans.o
__aeabi_uidivmod                                  c:/chibistudio/tools/gnu tools arm embedded/7.0 2017q4/bin/../lib/gcc/arm-none-eabi/7.2.1/thumb/v6-m\libgcc.a(_udivsi3.o)
                                                  c:/chibistudio/tools/gnu tools arm embedded/7.0 2017q4/bin/../lib/gcc/arm-none-eabi/7.2.1/thumb/v6-m\libgcc.a(divdf3.o)
__aeabi_uldivmod                                  c:/chibistudio/tools/gnu tools arm embedded/7.0 2017q4/bin/../lib/gcc/arm-none-eabi/7.2.1/thumb/v6-m\libgcc.a(_aeabi_uldivmod.o)
                                                  C:\Users\hunter\AppData\Local\Temp\ccI0rRJE.ltrans0.ltrans.o
__clzdi2                                          c:/chibistudio/tools/gnu tools arm embedded/7.0 2017q4/bin/../lib/gcc/arm-none-eabi/7.2.1/thumb/v6-m\libgcc.a(_clzdi2.o)
                                                  c:/chibistudio/tools/gnu tools arm embedded/7.0 2017q4/bin/../lib/gcc/arm-none-eabi/7.2.1/thumb/v6-m\libgcc.a(_divdi3.o)
                                                  c:/chibistudio/tools/gnu tools arm embedded/7.0 2017q4/bin/../lib/gcc/arm-none-eabi/7.2.1/thumb/v6-m\libgcc.a(_udivmoddi4.o)
__clzsi2                                          c:/chibistudio/tools/gnu tools arm embedded/7.0 2017q4/bin/../lib/gcc/arm-none-eabi/7.2.1/thumb/v6-m\libgcc.a(_clzsi2.o)
                                                  c:/chibistudio/tools/gnu tools arm embedded/7.0 2017q4/bin/../lib/gcc/arm-none-eabi/7.2.1/thumb/v6-m\libgcc.a(_clzdi2.o)
                                                  c:/chibistudio/tools/gnu tools arm embedded/7.0 2017q4/bin/../lib/gcc/arm-none-eabi/7.2.1/thumb/v6-m\libgcc.a(extendsfdf2.o)
                                                  c:/chibistudio/tools/gnu tools arm embedded/7.0 2017q4/bin/../lib/gcc/arm-none-eabi/7.2.1/thumb/v6-m\libgcc.a(floatsidf.o)
                                                  c:/chibistudio/tools/gnu tools arm embedded/7.0 2017q4/bin/../lib/gcc/arm-none-eabi/7.2.1/thumb/v6-m\libgcc.a(subdf3.o)
                                                  c:/chibistudio/tools/gnu tools arm embedded/7.0 2017q4/bin/../lib/gcc/arm-none-eabi/7.2.1/thumb/v6-m\libgcc.a(muldf3.o)
                                                  c:/chibistudio/tools/gnu tools arm embedded/7.0 2017q4/bin/../lib/gcc/arm-none-eabi/7.2.1/thumb/v6-m\libgcc.a(divdf3.o)
                                                  c:/chibistudio/tools/gnu tools arm embedded/7.0 2017q4/bin/../lib/gcc/arm-none-eabi/7.2.1/thumb/v6-m\libgcc.a(adddf3.o)
                                                  c:/chibistudio/tools/gnu tools arm embedded/7.0 2017q4/bin/../lib/gcc/arm-none-eabi/7.2.1/thumb/v6-m\libgcc.a(subsf3.o)
                                                  c:/chibistudio/tools/gnu tools arm embedded/7.0 2017q4/bin/../lib/gcc/arm-none-eabi/7.2.1/thumb/v6-m\libgcc.a(mulsf3.o)
                                                  c:/chibistudio/tools/gnu tools arm embedded/7.0 2017q4/bin/../lib/gcc/arm-none-eabi/7.2.1/thumb/v6-m\libgcc.a(divsf3.o)
                                                  c:/chibistudio/tools/gnu tools arm embedded/7.0 2017q4/bin/../lib/gcc/arm-none-eabi/7.2.1/thumb/v6-m\libgcc.a(addsf3.o)
__core_init                                       C:\Users\hunter\AppData\Local\Temp\ccI0rRJE.ltrans0.ltrans.o
                                                  build/obj/crt1.o (symbol from plugin)
                                                  build/obj/crt0_v6m.o
__default_exit                                    C:\Users\hunter\AppData\Local\Temp\ccI0rRJE.ltrans0.ltrans.o
                                                  build/obj/crt1.o (symbol from plugin)
                                                  build/obj/crt0_v6m.o
__divdi3                                          c:/chibistudio/tools/gnu tools arm embedded/7.0 2017q4/bin/../lib/gcc/arm-none-eabi/7.2.1/thumb/v6-m\libgcc.a(_divdi3.o)
                                                  c:/chibistudio/tools/gnu tools arm embedded/7.0 2017q4/bin/../lib/gcc/arm-none-eabi/7.2.1/thumb/v6-m\libgcc.a(bpabi.o)
__early_init                                      C:\Users\hunter\AppData\Local\Temp\ccI0rRJE.ltrans0.ltrans.o
                                                  build/obj/board.o (symbol from plugin)
                                                  build/obj/crt1.o (symbol from plugin)
                                                  build/obj/crt0_v6m.o
__eqdf2                                           c:/chibistudio/tools/gnu tools arm embedded/7.0 2017q4/bin/../lib/gcc/arm-none-eabi/7.2.1/thumb/v6-m\libgcc.a(eqdf2.o)
                                                  c:/chibistudio/tools/gnu tools arm embedded/7.0 2017q4/bin/../lib/gcc/arm-none-eabi/7.2.1/thumb/v6-m\libgcc.a(_arm_cmpdf2.o)
__eqsf2                                           c:/chibistudio/tools/gnu tools arm embedded/7.0 2017q4/bin/../lib/gcc/arm-none-eabi/7.2.1/thumb/v6-m\libgcc.a(eqsf2.o)
                                                  c:/chibistudio/tools/gnu tools arm embedded/7.0 2017q4/bin/../lib/gcc/arm-none-eabi/7.2.1/thumb/v6-m\libgcc.a(_arm_cmpsf2.o)
__errno                                           c:/chibistudio/tools/gnu tools arm embedded/7.0 2017q4/bin/../lib/gcc/arm-none-eabi/7.2.1/../../../../arm-none-eabi/lib/thumb/v6-m\libg.a(lib_a-errno.o)
                                                  c:/chibistudio/tools/gnu tools arm embedded/7.0 2017q4/bin/../lib/gcc/arm-none-eabi/7.2.1/../../../../arm-none-eabi/lib/thumb/v6-m\libm.a(lib_a-w_sqrt.o)
__fdlib_version                                   c:/chibistudio/tools/gnu tools arm embedded/7.0 2017q4/bin/../lib/gcc/arm-none-eabi/7.2.1/../../../../arm-none-eabi/lib/thumb/v6-m\libm.a(lib_a-s_lib_ver.o)
                                                  c:/chibistudio/tools/gnu tools arm embedded/7.0 2017q4/bin/../lib/gcc/arm-none-eabi/7.2.1/../../../../arm-none-eabi/lib/thumb/v6-m\libm.a(lib_a-w_sqrt.o)
__fini_array_end                                  build/obj/crt0_v6m.o
__fini_array_start                                build/obj/crt0_v6m.o
__fixunssfsi                                      c:/chibistudio/tools/gnu tools arm embedded/7.0 2017q4/bin/../lib/gcc/arm-none-eabi/7.2.1/thumb/v6-m\libgcc.a(_fixunssfsi.o)
__gedf2                                           c:/chibistudio/tools/gnu tools arm embedded/7.0 2017q4/bin/../lib/gcc/arm-none-eabi/7.2.1/thumb/v6-m\libgcc.a(gedf2.o)
                                                  c:/chibistudio/tools/gnu tools arm embedded/7.0 2017q4/bin/../lib/gcc/arm-none-eabi/7.2.1/thumb/v6-m\libgcc.a(_arm_cmpdf2.o)
__gesf2                                           c:/chibistudio/tools/gnu tools arm embedded/7.0 2017q4/bin/../lib/gcc/arm-none-eabi/7.2.1/thumb/v6-m\libgcc.a(gesf2.o)
                                                  c:/chibistudio/tools/gnu tools arm embedded/7.0 2017q4/bin/../lib/gcc/arm-none-eabi/7.2.1/thumb/v6-m\libgcc.a(_arm_cmpsf2.o)
__gnu_ldivmod_helper                              c:/chibistudio/tools/gnu tools arm embedded/7.0 2017q4/bin/../lib/gcc/arm-none-eabi/7.2.1/thumb/v6-m\libgcc.a(bpabi.o)
                                                  c:/chibistudio/tools/gnu tools arm embedded/7.0 2017q4/bin/../lib/gcc/arm-none-eabi/7.2.1/thumb/v6-m\libgcc.a(_aeabi_ldivmod.o)
__gtdf2                                           c:/chibistudio/tools/gnu tools arm embedded/7.0 2017q4/bin/../lib/gcc/arm-none-eabi/7.2.1/thumb/v6-m\libgcc.a(gedf2.o)
__gtsf2                                           c:/chibistudio/tools/gnu tools arm embedded/7.0 2017q4/bin/../lib/gcc/arm-none-eabi/7.2.1/thumb/v6-m\libgcc.a(gesf2.o)
__heap_base__                                     C:\Users\hunter\AppData\Local\Temp\ccI0rRJE.ltrans0.ltrans.o
                                                  build/obj/chmemcore.o (symbol from plugin)
__heap_end__                                      C:\Users\hunter\AppData\Local\Temp\ccI0rRJE.ltrans0.ltrans.o
                                                  build/obj/chmemcore.o (symbol from plugin)
__ieee754_atan2                                   c:/chibistudio/tools/gnu tools arm embedded/7.0 2017q4/bin/../lib/gcc/arm-none-eabi/7.2.1/../../../../arm-none-eabi/lib/thumb/v6-m\libm.a(lib_a-e_atan2.o)
                                                  c:/chibistudio/tools/gnu tools arm embedded/7.0 2017q4/bin/../lib/gcc/arm-none-eabi/7.2.1/../../../../arm-none-eabi/lib/thumb/v6-m\libm.a(lib_a-w_atan2.o)
__ieee754_sqrt                                    c:/chibistudio/tools/gnu tools arm embedded/7.0 2017q4/bin/../lib/gcc/arm-none-eabi/7.2.1/../../../../arm-none-eabi/lib/thumb/v6-m\libm.a(lib_a-e_sqrt.o)
                                                  c:/chibistudio/tools/gnu tools arm embedded/7.0 2017q4/bin/../lib/gcc/arm-none-eabi/7.2.1/../../../../arm-none-eabi/lib/thumb/v6-m\libm.a(lib_a-w_sqrt.o)
__init_array_end                                  build/obj/crt0_v6m.o
__init_array_start                                build/obj/crt0_v6m.o
__init_ram_areas                                  C:\Users\hunter\AppData\Local\Temp\ccI0rRJE.ltrans0.ltrans.o
                                                  build/obj/crt1.o (symbol from plugin)
                                                  build/obj/crt0_v6m.o
__late_init                                       C:\Users\hunter\AppData\Local\Temp\ccI0rRJE.ltrans0.ltrans.o
                                                  build/obj/crt1.o (symbol from plugin)
                                                  build/obj/crt0_v6m.o
__ledf2                                           c:/chibistudio/tools/gnu tools arm embedded/7.0 2017q4/bin/../lib/gcc/arm-none-eabi/7.2.1/thumb/v6-m\libgcc.a(ledf2.o)
                                                  c:/chibistudio/tools/gnu tools arm embedded/7.0 2017q4/bin/../lib/gcc/arm-none-eabi/7.2.1/thumb/v6-m\libgcc.a(_arm_cmpdf2.o)
__lesf2                                           c:/chibistudio/tools/gnu tools arm embedded/7.0 2017q4/bin/../lib/gcc/arm-none-eabi/7.2.1/thumb/v6-m\libgcc.a(lesf2.o)
                                                  c:/chibistudio/tools/gnu tools arm embedded/7.0 2017q4/bin/../lib/gcc/arm-none-eabi/7.2.1/thumb/v6-m\libgcc.a(_arm_cmpsf2.o)
__ltdf2                                           c:/chibistudio/tools/gnu tools arm embedded/7.0 2017q4/bin/../lib/gcc/arm-none-eabi/7.2.1/thumb/v6-m\libgcc.a(ledf2.o)
__ltsf2                                           c:/chibistudio/tools/gnu tools arm embedded/7.0 2017q4/bin/../lib/gcc/arm-none-eabi/7.2.1/thumb/v6-m\libgcc.a(lesf2.o)
__main_stack_base__                               build/obj/crt0_v6m.o
__main_stack_end__                                build/obj/vectors.o
                                                  build/obj/crt0_v6m.o
__muldi3                                          c:/chibistudio/tools/gnu tools arm embedded/7.0 2017q4/bin/../lib/gcc/arm-none-eabi/7.2.1/thumb/v6-m\libgcc.a(_muldi3.o)
__nedf2                                           c:/chibistudio/tools/gnu tools arm embedded/7.0 2017q4/bin/../lib/gcc/arm-none-eabi/7.2.1/thumb/v6-m\libgcc.a(eqdf2.o)
__nesf2                                           c:/chibistudio/tools/gnu tools arm embedded/7.0 2017q4/bin/../lib/gcc/arm-none-eabi/7.2.1/thumb/v6-m\libgcc.a(eqsf2.o)
__process_stack_base__                            build/obj/crt0_v6m.o
__process_stack_end__                             build/obj/crt0_v6m.o
__ram0_clear__                                    C:\Users\hunter\AppData\Local\Temp\ccI0rRJE.ltrans0.ltrans.o
                                                  build/obj/crt1.o (symbol from plugin)
__ram0_init__                                     C:\Users\hunter\AppData\Local\Temp\ccI0rRJE.ltrans0.ltrans.o
                                                  build/obj/crt1.o (symbol from plugin)
__ram0_init_text__                                C:\Users\hunter\AppData\Local\Temp\ccI0rRJE.ltrans0.ltrans.o
                                                  build/obj/crt1.o (symbol from plugin)
__ram0_noinit__                                   C:\Users\hunter\AppData\Local\Temp\ccI0rRJE.ltrans0.ltrans.o
                                                  build/obj/crt1.o (symbol from plugin)
__ram1_clear__                                    C:\Users\hunter\AppData\Local\Temp\ccI0rRJE.ltrans0.ltrans.o
                                                  build/obj/crt1.o (symbol from plugin)
__ram1_init__                                     C:\Users\hunter\AppData\Local\Temp\ccI0rRJE.ltrans0.ltrans.o
                                                  build/obj/crt1.o (symbol from plugin)
__ram1_init_text__                                C:\Users\hunter\AppData\Local\Temp\ccI0rRJE.ltrans0.ltrans.o
                                                  build/obj/crt1.o (symbol from plugin)
__ram1_noinit__                                   C:\Users\hunter\AppData\Local\Temp\ccI0rRJE.ltrans0.ltrans.o
                                                  build/obj/crt1.o (symbol from plugin)
__ram2_clear__                                    C:\Users\hunter\AppData\Local\Temp\ccI0rRJE.ltrans0.ltrans.o
                                                  build/obj/crt1.o (symbol from plugin)
__ram2_init__                                     C:\Users\hunter\AppData\Local\Temp\ccI0rRJE.ltrans0.ltrans.o
                                                  build/obj/crt1.o (symbol from plugin)
__ram2_init_text__                                C:\Users\hunter\AppData\Local\Temp\ccI0rRJE.ltrans0.ltrans.o
                                                  build/obj/crt1.o (symbol from plugin)
__ram2_noinit__                                   C:\Users\hunter\AppData\Local\Temp\ccI0rRJE.ltrans0.ltrans.o
                                                  build/obj/crt1.o (symbol from plugin)
__ram3_clear__                                    C:\Users\hunter\AppData\Local\Temp\ccI0rRJE.ltrans0.ltrans.o
                                                  build/obj/crt1.o (symbol from plugin)
__ram3_init__                                     C:\Users\hunter\AppData\Local\Temp\ccI0rRJE.ltrans0.ltrans.o
                                                  build/obj/crt1.o (symbol from plugin)
__ram3_init_text__                                C:\Users\hunter\AppData\Local\Temp\ccI0rRJE.ltrans0.ltrans.o
                                                  build/obj/crt1.o (symbol from plugin)
__ram3_noinit__                                   C:\Users\hunter\AppData\Local\Temp\ccI0rRJE.ltrans0.ltrans.o
                                                  build/obj/crt1.o (symbol from plugin)
__ram4_clear__                                    C:\Users\hunter\AppData\Local\Temp\ccI0rRJE.ltrans0.ltrans.o
                                                  build/obj/crt1.o (symbol from plugin)
__ram4_init__                                     C:\Users\hunter\AppData\Local\Temp\ccI0rRJE.ltrans0.ltrans.o
                                                  build/obj/crt1.o (symbol from plugin)
__ram4_init_text__                                C:\Users\hunter\AppData\Local\Temp\ccI0rRJE.ltrans0.ltrans.o
                                                  build/obj/crt1.o (symbol from plugin)
__ram4_noinit__                                   C:\Users\hunter\AppData\Local\Temp\ccI0rRJE.ltrans0.ltrans.o
                                                  build/obj/crt1.o (symbol from plugin)
__ram5_clear__                                    C:\Users\hunter\AppData\Local\Temp\ccI0rRJE.ltrans0.ltrans.o
                                                  build/obj/crt1.o (symbol from plugin)
__ram5_init__                                     C:\Users\hunter\AppData\Local\Temp\ccI0rRJE.ltrans0.ltrans.o
                                                  build/obj/crt1.o (symbol from plugin)
__ram5_init_text__                                C:\Users\hunter\AppData\Local\Temp\ccI0rRJE.ltrans0.ltrans.o
                                                  build/obj/crt1.o (symbol from plugin)
__ram5_noinit__                                   C:\Users\hunter\AppData\Local\Temp\ccI0rRJE.ltrans0.ltrans.o
                                                  build/obj/crt1.o (symbol from plugin)
__ram6_clear__                                    C:\Users\hunter\AppData\Local\Temp\ccI0rRJE.ltrans0.ltrans.o
                                                  build/obj/crt1.o (symbol from plugin)
__ram6_init__                                     C:\Users\hunter\AppData\Local\Temp\ccI0rRJE.ltrans0.ltrans.o
                                                  build/obj/crt1.o (symbol from plugin)
__ram6_init_text__                                C:\Users\hunter\AppData\Local\Temp\ccI0rRJE.ltrans0.ltrans.o
                                                  build/obj/crt1.o (symbol from plugin)
__ram6_noinit__                                   C:\Users\hunter\AppData\Local\Temp\ccI0rRJE.ltrans0.ltrans.o
                                                  build/obj/crt1.o (symbol from plugin)
__ram7_clear__                                    C:\Users\hunter\AppData\Local\Temp\ccI0rRJE.ltrans0.ltrans.o
                                                  build/obj/crt1.o (symbol from plugin)
__ram7_init__                                     C:\Users\hunter\AppData\Local\Temp\ccI0rRJE.ltrans0.ltrans.o
                                                  build/obj/crt1.o (symbol from plugin)
__ram7_init_text__                                C:\Users\hunter\AppData\Local\Temp\ccI0rRJE.ltrans0.ltrans.o
                                                  build/obj/crt1.o (symbol from plugin)
__ram7_noinit__                                   C:\Users\hunter\AppData\Local\Temp\ccI0rRJE.ltrans0.ltrans.o
                                                  build/obj/crt1.o (symbol from plugin)
__udivmoddi4                                      c:/chibistudio/tools/gnu tools arm embedded/7.0 2017q4/bin/../lib/gcc/arm-none-eabi/7.2.1/thumb/v6-m\libgcc.a(_udivmoddi4.o)
                                                  c:/chibistudio/tools/gnu tools arm embedded/7.0 2017q4/bin/../lib/gcc/arm-none-eabi/7.2.1/thumb/v6-m\libgcc.a(_aeabi_uldivmod.o)
__udivsi3                                         c:/chibistudio/tools/gnu tools arm embedded/7.0 2017q4/bin/../lib/gcc/arm-none-eabi/7.2.1/thumb/v6-m\libgcc.a(_udivsi3.o)
_bss_end                                          build/obj/crt0_v6m.o
_bss_start                                        build/obj/crt0_v6m.o
_core_init                                        build/obj/chmemcore.o (symbol from plugin)
                                                  build/obj/chsys.o (symbol from plugin)
_crt0_entry                                       build/obj/crt0_v6m.o
                                                  build/obj/vectors.o
_data                                             build/obj/crt0_v6m.o
_edata                                            build/obj/crt0_v6m.o
_factory_init                                     build/obj/chfactory.o (symbol from plugin)
                                                  build/obj/chsys.o (symbol from plugin)
_global_impure_ptr                                c:/chibistudio/tools/gnu tools arm embedded/7.0 2017q4/bin/../lib/gcc/arm-none-eabi/7.2.1/../../../../arm-none-eabi/lib/thumb/v6-m\libg.a(lib_a-impure.o)
_heap_init                                        build/obj/chheap.o (symbol from plugin)
                                                  build/obj/chsys.o (symbol from plugin)
_impure_ptr                                       c:/chibistudio/tools/gnu tools arm embedded/7.0 2017q4/bin/../lib/gcc/arm-none-eabi/7.2.1/../../../../arm-none-eabi/lib/thumb/v6-m\libg.a(lib_a-impure.o)
                                                  c:/chibistudio/tools/gnu tools arm embedded/7.0 2017q4/bin/../lib/gcc/arm-none-eabi/7.2.1/../../../../arm-none-eabi/lib/thumb/v6-m\libg.a(lib_a-errno.o)
_pal_events                                       build/obj/hal_pal_lld.o (symbol from plugin)
_pal_lld_init                                     build/obj/hal_pal_lld.o (symbol from plugin)
                                                  build/obj/hal.o (symbol from plugin)
_pal_lld_setgroupmode                             build/obj/hal_pal_lld.o (symbol from plugin)
                                                  build/obj/main.o (symbol from plugin)
                                                  build/obj/hal_pal.o (symbol from plugin)
_port_exit_from_isr                               build/obj/chcoreasm_v6m.o
                                                  C:\Users\hunter\AppData\Local\Temp\ccI0rRJE.ltrans0.ltrans.o
                                                  build/obj/chcore_v6m.o (symbol from plugin)
_port_irq_epilogue                                build/obj/chcore_v6m.o (symbol from plugin)
                                                  build/obj/hal_serial_lld.o (symbol from plugin)
                                                  build/obj/hal_st_lld.o (symbol from plugin)
                                                  build/obj/hal_i2c_lld.o (symbol from plugin)
                                                  build/obj/stm32_dma.o (symbol from plugin)
                                                  build/obj/hal_lld.o (symbol from plugin)
_port_switch                                      build/obj/chcoreasm_v6m.o
                                                  C:\Users\hunter\AppData\Local\Temp\ccI0rRJE.ltrans0.ltrans.o
                                                  build/obj/chschd.o (symbol from plugin)
_port_switch_from_isr                             build/obj/chcoreasm_v6m.o
                                                  C:\Users\hunter\AppData\Local\Temp\ccI0rRJE.ltrans0.ltrans.o
                                                  build/obj/chcore_v6m.o (symbol from plugin)
_port_thread_start                                build/obj/chcoreasm_v6m.o
                                                  C:\Users\hunter\AppData\Local\Temp\ccI0rRJE.ltrans0.ltrans.o
                                                  build/obj/chthreads.o (symbol from plugin)
_scheduler_init                                   build/obj/chschd.o (symbol from plugin)
                                                  build/obj/chsys.o (symbol from plugin)
_stm32_dma_isr_redir                              build/obj/stm32_dma.o (symbol from plugin)
                                                  build/obj/hal_lld.o (symbol from plugin)
_stm32_dma_streams                                build/obj/stm32_dma.o (symbol from plugin)
                                                  build/obj/hal_i2c_lld.o (symbol from plugin)
                                                  build/obj/hal_lld.o (symbol from plugin)
_test_assert                                      build/obj/ch_test.o (symbol from plugin)
                                                  build/obj/oslib_test_sequence_004.o (symbol from plugin)
                                                  build/obj/oslib_test_sequence_003.o (symbol from plugin)
                                                  build/obj/oslib_test_sequence_002.o (symbol from plugin)
                                                  build/obj/oslib_test_sequence_001.o (symbol from plugin)
                                                  build/obj/rt_test_sequence_009.o (symbol from plugin)